Component: ARM Compiler 5.06 update 2 (build 183) Tool: armlink [4d35b7]

==============================================================================

Section Cross References

    main.o(i.Enhance) refers to main.o(.bss) for lut
    main.o(i.Enhance) refers to main.o(.data) for max_num
    main.o(i.IMUupdate) refers to mymath.o(i.my_sqrt) for my_sqrt
    main.o(i.IMUupdate) refers to main.o(.data) for init
    main.o(i.IMUupdate) refers to main.o(.bss) for ref
    main.o(i.IMUupdate) refers to mymath.o(i.fast_atan2) for fast_atan2
    main.o(i.IMUupdate) refers to f2d.o(x$fpl$f2d) for __aeabi_f2d
    main.o(i.IMUupdate) refers to asin.o(i.__hardfp_asin) for __hardfp_asin
    main.o(i.IMUupdate) refers to dmul.o(x$fpl$dmul) for __aeabi_dmul
    main.o(i.IMUupdate) refers to d2f.o(x$fpl$d2f) for __aeabi_d2f
    main.o(i.Ultra_Get) refers to f2d.o(x$fpl$f2d) for __aeabi_f2d
    main.o(i.Ultra_Get) refers to ddiv.o(x$fpl$ddiv) for __aeabi_ddiv
    main.o(i.Ultra_Get) refers to d2f.o(x$fpl$d2f) for __aeabi_d2f
    main.o(i.Ultra_Get) refers to main.o(i.insert_sonar_value_and_get_mode_value) for insert_sonar_value_and_get_mode_value
    main.o(i.Ultra_Get) refers to ultrasonic.o(.data) for ultra_start_f
    main.o(i.Ultra_Get) refers to main.o(.data) for ultra_tmp
    main.o(i.Ultra_Get) refers to main.o(.bss) for ultra
    main.o(i.gaussianFilter) refers to rt_memcpy_w.o(.text) for __aeabi_memcpy4
    main.o(i.gaussianFilter) refers to main.o(.constdata) for .constdata
    main.o(i.gray_balance) refers to main.o(i.Histogram) for Histogram
    main.o(i.gray_balance) refers to main.o(i.Enhance) for Enhance
    main.o(i.gray_balance) refers to main.o(.bss) for fHistogram
    main.o(i.insert_sonar_value_and_get_mode_value) refers to main.o(i.sonar_bubble_sort) for sonar_bubble_sort
    main.o(i.insert_sonar_value_and_get_mode_value) refers to main.o(.bss) for sonar_values
    main.o(i.insert_sonar_value_and_get_mode_value) refers to main.o(.data) for insert_index
    main.o(i.jpeg_data_process) refers to rt_memclr_w.o(.text) for __aeabi_memclr4
    main.o(i.jpeg_data_process) refers to stm32f4xx_dma.o(i.DMA_Cmd) for DMA_Cmd
    main.o(i.jpeg_data_process) refers to stm32f4xx_dma.o(i.DMA_GetCmdStatus) for DMA_GetCmdStatus
    main.o(i.jpeg_data_process) refers to stm32f4xx_dma.o(i.DMA_GetCurrDataCounter) for DMA_GetCurrDataCounter
    main.o(i.jpeg_data_process) refers to flow.o(i.read_xy_rgb) for read_xy_rgb
    main.o(i.jpeg_data_process) refers to flow.o(i.RGB_GRAY_16) for RGB_GRAY_16
    main.o(i.jpeg_data_process) refers to main.o(i.gray_balance) for gray_balance
    main.o(i.jpeg_data_process) refers to main.o(i.gaussianFilter) for gaussianFilter
    main.o(i.jpeg_data_process) refers to stm32f4xx_dma.o(i.DMA_SetCurrDataCounter) for DMA_SetCurrDataCounter
    main.o(i.jpeg_data_process) refers to main.o(.data) for ovx_mode
    main.o(i.jpeg_data_process) refers to main.o(.bss) for jpeg_buf
    main.o(i.main) refers to misc.o(i.NVIC_PriorityGroupConfig) for NVIC_PriorityGroupConfig
    main.o(i.main) refers to delay.o(i.delay_init) for delay_init
    main.o(i.main) refers to delay.o(i.Initial_Timer5) for Initial_Timer5
    main.o(i.main) refers to delay.o(i.Cycle_Time_Init) for Cycle_Time_Init
    main.o(i.main) refers to usart.o(i.uart_init) for uart_init
    main.o(i.main) refers to usart.o(i.uart_init2) for uart_init2
    main.o(i.main) refers to led.o(i.LED_Init) for LED_Init
    main.o(i.main) refers to key.o(i.KEY_Init) for KEY_Init
    main.o(i.main) refers to delay.o(i.delay_ms) for delay_ms
    main.o(i.main) refers to mpu6050.o(i.MPU6050_Init) for MPU6050_Init
    main.o(i.main) refers to ultrasonic.o(i.Ultrasonic_Init) for Ultrasonic_Init
    main.o(i.main) refers to flash_w25.o(i.W25QXX_Init) for W25QXX_Init
    main.o(i.main) refers to flash_w25.o(i.W25QXX_ReadID) for W25QXX_ReadID
    main.o(i.main) refers to flash_w25.o(i.READ_PARM) for READ_PARM
    main.o(i.main) refers to ov5640.o(i.OV5640_Init) for OV5640_Init
    main.o(i.main) refers to main.o(i.rgb565_test) for rgb565_test
    main.o(i.rgb565_test) refers to ov5640.o(i.OV5640_RGB565_Mode) for OV5640_RGB565_Mode
    main.o(i.rgb565_test) refers to ov5640.o(i.OV5640_Focus_Init) for OV5640_Focus_Init
    main.o(i.rgb565_test) refers to ov5640.o(i.OV5640_Light_Mode) for OV5640_Light_Mode
    main.o(i.rgb565_test) refers to ov5640.o(i.OV5640_Color_Saturation) for OV5640_Color_Saturation
    main.o(i.rgb565_test) refers to ov5640.o(i.OV5640_Brightness) for OV5640_Brightness
    main.o(i.rgb565_test) refers to ov5640.o(i.OV5640_Special_Effects) for OV5640_Special_Effects
    main.o(i.rgb565_test) refers to ov5640.o(i.OV5640_Contrast) for OV5640_Contrast
    main.o(i.rgb565_test) refers to ov5640.o(i.OV5640_Sharpness) for OV5640_Sharpness
    main.o(i.rgb565_test) refers to ov5640.o(i.OV5640_Focus_Constant) for OV5640_Focus_Constant
    main.o(i.rgb565_test) refers to dcmi.o(i.My_DCMI_Init) for My_DCMI_Init
[...]
    OTG_FS_WKUP_IRQHandler                   0x08000283   Thumb Code     0  startup_stm32f40_41xxx.o(.text)
    OTG_HS_EP1_IN_IRQHandler                 0x08000283   Thumb Code     0  startup_stm32f40_41xxx.o(.text)
    OTG_HS_EP1_OUT_IRQHandler                0x08000283   Thumb Code     0  startup_stm32f40_41xxx.o(.text)
    OTG_HS_IRQHandler                        0x08000283   Thumb Code     0  startup_stm32f40_41xxx.o(.text)
    OTG_HS_WKUP_IRQHandler                   0x08000283   Thumb Code     0  startup_stm32f40_41xxx.o(.text)
    PVD_IRQHandler                           0x08000283   Thumb Code     0  startup_stm32f40_41xxx.o(.text)
    RCC_IRQHandler                           0x08000283   Thumb Code     0  startup_stm32f40_41xxx.o(.text)
    RTC_Alarm_IRQHandler                     0x08000283   Thumb Code     0  startup_stm32f40_41xxx.o(.text)
    RTC_WKUP_IRQHandler                      0x08000283   Thumb Code     0  startup_stm32f40_41xxx.o(.text)
    SDIO_IRQHandler                          0x08000283   Thumb Code     0  startup_stm32f40_41xxx.o(.text)
    SPI1_IRQHandler                          0x08000283   Thumb Code     0  startup_stm32f40_41xxx.o(.text)
    SPI2_IRQHandler                          0x08000283   Thumb Code     0  startup_stm32f40_41xxx.o(.text)
    SPI3_IRQHandler                          0x08000283   Thumb Code     0  startup_stm32f40_41xxx.o(.text)
    TAMP_STAMP_IRQHandler                    0x08000283   Thumb Code     0  startup_stm32f40_41xxx.o(.text)
    TIM1_BRK_TIM9_IRQHandler                 0x08000283   Thumb Code     0  startup_stm32f40_41xxx.o(.text)
    TIM1_CC_IRQHandler                       0x08000283   Thumb Code     0  startup_stm32f40_41xxx.o(.text)
    TIM1_TRG_COM_TIM11_IRQHandler            0x08000283   Thumb Code     0  startup_stm32f40_41xxx.o(.text)
    TIM1_UP_TIM10_IRQHandler                 0x08000283   Thumb Code     0  startup_stm32f40_41xxx.o(.text)
    TIM2_IRQHandler                          0x08000283   Thumb Code     0  startup_stm32f40_41xxx.o(.text)
    TIM4_IRQHandler                          0x08000283   Thumb Code     0  startup_stm32f40_41xxx.o(.text)
    TIM5_IRQHandler                          0x08000283   Thumb Code     0  startup_stm32f40_41xxx.o(.text)
    TIM6_DAC_IRQHandler                      0x08000283   Thumb Code     0  startup_stm32f40_41xxx.o(.text)
    TIM7_IRQHandler                          0x08000283   Thumb Code     0  startup_stm32f40_41xxx.o(.text)
    TIM8_BRK_TIM12_IRQHandler                0x08000283   Thumb Code     0  startup_stm32f40_41xxx.o(.text)
    TIM8_CC_IRQHandler                       0x08000283   Thumb Code     0  startup_stm32f40_41xxx.o(.text)
    TIM8_TRG_COM_TIM14_IRQHandler            0x08000283   Thumb Code     0  startup_stm32f40_41xxx.o(.text)
    TIM8_UP_TIM13_IRQHandler                 0x08000283   Thumb Code     0  startup_stm32f40_41xxx.o(.text)
    UART4_IRQHandler                         0x08000283   Thumb Code     0  startup_stm32f40_41xxx.o(.text)
    UART5_IRQHandler                         0x08000283   Thumb Code     0  startup_stm32f40_41xxx.o(.text)
    USART2_IRQHandler                        0x08000283   Thumb Code     0  startup_stm32f40_41xxx.o(.text)
    USART6_IRQHandler                        0x08000283   Thumb Code     0  startup_stm32f40_41xxx.o(.text)
    WWDG_IRQHandler                          0x08000283   Thumb Code     0  startup_stm32f40_41xxx.o(.text)
    __user_initial_stackheap                 0x08000285   Thumb Code     0  startup_stm32f40_41xxx.o(.text)
    rt_InitInfAndNaN                         0x080002a9   Thumb Code    66  rt_nonfinite.o(.text)
    rtIsInf                                  0x080002eb   Thumb Code    66  rt_nonfinite.o(.text)
    rtIsInfF                                 0x0800032d   Thumb Code    40  rt_nonfinite.o(.text)
    rtIsNaN                                  0x08000355   Thumb Code    40  rt_nonfinite.o(.text)
    rtIsNaNF                                 0x0800037d   Thumb Code    18  rt_nonfinite.o(.text)
    rtGetInfF                                0x080003a9   Thumb Code    14  rtgetinf.o(.text)
    rtGetInf                                 0x080003b7   Thumb Code   130  rtgetinf.o(.text)
    rtGetMinusInfF                           0x08000439   Thumb Code    12  rtgetinf.o(.text)
    rtGetMinusInf                            0x08000445   Thumb Code   130  rtgetinf.o(.text)
    rtGetNaNF                                0x080004dd   Thumb Code    48  rtgetnan.o(.text)
    rtGetNaN                                 0x0800050d   Thumb Code   134  rtgetnan.o(.text)
    __use_no_semihosting                     0x080005a5   Thumb Code     2  use_no_semi_2.o(.text)
    __aeabi_memcpy                           0x080005a7   Thumb Code     0  rt_memcpy_v6.o(.text)
    __rt_memcpy                              0x080005a7   Thumb Code   138  rt_memcpy_v6.o(.text)
    _memcpy_lastbytes                        0x0800060d   Thumb Code     0  rt_memcpy_v6.o(.text)
    __aeabi_memcpy4                          0x08000631   Thumb Code     0  rt_memcpy_w.o(.text)
    __aeabi_memcpy8                          0x08000631   Thumb Code     0  rt_memcpy_w.o(.text)
    __rt_memcpy_w                            0x08000631   Thumb Code   100  rt_memcpy_w.o(.text)
    _memcpy_lastbytes_aligned                0x08000679   Thumb Code     0  rt_memcpy_w.o(.text)
    __aeabi_memclr                           0x08000695   Thumb Code     0  rt_memclr.o(.text)
    __rt_memclr                              0x08000695   Thumb Code    68  rt_memclr.o(.text)
    _memset                                  0x08000699   Thumb Code     0  rt_memclr.o(.text)
    __aeabi_memclr4                          0x080006d9   Thumb Code     0  rt_memclr_w.o(.text)
    __aeabi_memclr8                          0x080006d9   Thumb Code     0  rt_memclr_w.o(.text)
    __rt_memclr_w                            0x080006d9   Thumb Code    78  rt_memclr_w.o(.text)
    _memset_w                                0x080006dd   Thumb Code     0  rt_memclr_w.o(.text)
    __use_two_region_memory                  0x08000727   Thumb Code     2  heapauxi.o(.text)
    __rt_heap_escrow$2region                 0x08000729   Thumb Code     2  heapauxi.o(.text)
    __rt_heap_expand$2region                 0x0800072b   Thumb Code     2  heapauxi.o(.text)
    __I$use$semihosting                      0x0800072d   Thumb Code     0  use_no_semi.o(.text)
    __use_no_semihosting_swi                 0x0800072d   Thumb Code     2  use_no_semi.o(.text)
    __read_errno                             0x0800072f   Thumb Code    10  _rserrno.o(.text)
    __set_errno                              0x08000739   Thumb Code    12  _rserrno.o(.text)
    __aeabi_errno_addr                       0x08000745   Thumb Code     8  rt_errno_addr_intlibspace.o(.text)
    __errno$intlibspace                      0x08000745   Thumb Code     0  rt_errno_addr_intlibspace.o(.text)
    __rt_errno_addr$intlibspace              0x08000745   Thumb Code     0  rt_errno_addr_intlibspace.o(.text)
    __user_libspace                          0x0800074d   Thumb Code     8  libspace.o(.text)
    __user_perproc_libspace                  0x0800074d   Thumb Code     0  libspace.o(.text)
    __user_perthread_libspace                0x0800074d   Thumb Code     0  libspace.o(.text)
    __user_setup_stackheap                   0x08000755   Thumb Code    74  sys_stackheap_outer.o(.text)
    exit                                     0x0800079f   Thumb Code    18  exit.o(.text)
    BusFault_Handler                         0x080007b1   Thumb Code     4  stm32f4xx_it.o(i.BusFault_Handler)
    Compression                              0x080007b5   Thumb Code    96  jpg_code.o(i.Compression)
    Cycle_Time_Init                          0x08000821   Thumb Code    22  delay.o(i.Cycle_Time_Init)
    DCMI_CaptureCmd                          0x08000839   Thumb Code    30  stm32f4xx_dcmi.o(i.DCMI_CaptureCmd)
    DCMI_ClearITPendingBit                   0x0800085d   Thumb Code     6  stm32f4xx_dcmi.o(i.DCMI_ClearITPendingBit)
    DCMI_Cmd                                 0x08000869   Thumb Code    30  stm32f4xx_dcmi.o(i.DCMI_Cmd)
    DCMI_DMA_Init                            0x0800088d   Thumb Code    94  dcmi.o(i.DCMI_DMA_Init)
    DCMI_DeInit                              0x080008f5   Thumb Code    24  stm32f4xx_dcmi.o(i.DCMI_DeInit)
    DCMI_GetITStatus                         0x08000911   Thumb Code    24  stm32f4xx_dcmi.o(i.DCMI_GetITStatus)
    DCMI_IRQHandler                          0x0800092d   Thumb Code    50  dcmi.o(i.DCMI_IRQHandler)
    DCMI_ITConfig                            0x08000969   Thumb Code    30  stm32f4xx_dcmi.o(i.DCMI_ITConfig)
    DCMI_Init                                0x0800098d   Thumb Code    60  stm32f4xx_dcmi.o(i.DCMI_Init)
    DCMI_Start                               0x080009cd   Thumb Code    18  dcmi.o(i.DCMI_Start)
    DCMI_Stop                                0x080009e5   Thumb Code    32  dcmi.o(i.DCMI_Stop)
    DMA_ClearFlag                            0x08000a0d   Thumb Code    38  stm32f4xx_dma.o(i.DMA_ClearFlag)
    DMA_Cmd                                  0x08000a41   Thumb Code    22  stm32f4xx_dma.o(i.DMA_Cmd)
    DMA_DeInit                               0x08000a59   Thumb Code   324  stm32f4xx_dma.o(i.DMA_DeInit)
    DMA_GetCmdStatus                         0x08000bb1   Thumb Code    20  stm32f4xx_dma.o(i.DMA_GetCmdStatus)
    DMA_GetCurrDataCounter                   0x08000bc5   Thumb Code     8  stm32f4xx_dma.o(i.DMA_GetCurrDataCounter)
    DMA_GetFlagStatus                        0x08000bcd   Thumb Code    54  stm32f4xx_dma.o(i.DMA_GetFlagStatus)
    DMA_Init                                 0x08000c11   Thumb Code    82  stm32f4xx_dma.o(i.DMA_Init)
    DMA_SetCurrDataCounter                   0x08000c69   Thumb Code     4  stm32f4xx_dma.o(i.DMA_SetCurrDataCounter)
    Data_app                                 0x08000c6d   Thumb Code   142  usart.o(i.Data_app)
    DebugMon_Handler                         0x08000d11   Thumb Code     2  stm32f4xx_it.o(i.DebugMon_Handler)
    Enhance                                  0x08000d15   Thumb Code   232  main.o(i.Enhance)
    GPIO_Init                                0x08000e0d   Thumb Code   144  stm32f4xx_gpio.o(i.GPIO_Init)
    GPIO_PinAFConfig                         0x08000e9d   Thumb Code    70  stm32f4xx_gpio.o(i.GPIO_PinAFConfig)
    GPIO_SetBits                             0x08000ee3   Thumb Code     4  stm32f4xx_gpio.o(i.GPIO_SetBits)
    GRAY_RGB                                 0x08000ee7   Thumb Code    24  flow.o(i.GRAY_RGB)
    Get_Cycle_T                              0x08000f01   Thumb Code   118  delay.o(i.Get_Cycle_T)
    HardFault_Handler                        0x08000f7d   Thumb Code     4  stm32f4xx_it.o(i.HardFault_Handler)
    Histogram                                0x08000f81   Thumb Code   146  main.o(i.Histogram)
    I2c_Soft_Ask                             0x0800101d   Thumb Code    54  i2c_soft.o(i.I2c_Soft_Ask)
    I2c_Soft_Init                            0x08001059   Thumb Code    48  i2c_soft.o(i.I2c_Soft_Init)
    I2c_Soft_NoAsk                           0x0800108d   Thumb Code    56  i2c_soft.o(i.I2c_Soft_NoAsk)
    I2c_Soft_ReadByte                        0x080010c9   Thumb Code    98  i2c_soft.o(i.I2c_Soft_ReadByte)
    I2c_Soft_SendByte                        0x08001131   Thumb Code    88  i2c_soft.o(i.I2c_Soft_SendByte)
    I2c_Soft_Start                           0x0800118d   Thumb Code    90  i2c_soft.o(i.I2c_Soft_Start)
    I2c_Soft_Stop                            0x080011ed   Thumb Code    56  i2c_soft.o(i.I2c_Soft_Stop)
    I2c_Soft_WaitAsk                         0x08001229   Thumb Code    92  i2c_soft.o(i.I2c_Soft_WaitAsk)
    I2c_Soft_delay                           0x08001289   Thumb Code    42  i2c_soft.o(i.I2c_Soft_delay)
    IIC_Read_nByte                           0x080012b9   Thumb Code   108  i2c_soft.o(i.IIC_Read_nByte)
    IIC_Write_1Byte                          0x08001325   Thumb Code    62  i2c_soft.o(i.IIC_Write_1Byte)
    IICwriteBit                              0x08001365   Thumb Code    78  mpu6050.o(i.IICwriteBit)
    IICwriteBits                             0x080013b9   Thumb Code   102  mpu6050.o(i.IICwriteBits)
    IMUupdate                                0x08001421   Thumb Code  1970  main.o(i.IMUupdate)
    Initial_Timer5                           0x08001bf5   Thumb Code    66  delay.o(i.Initial_Timer5)
    KEY_Init                                 0x08001c41   Thumb Code    60  key.o(i.KEY_Init)
    KF_OLDX_NAV                              0x08001c85   Thumb Code  2900  kf_oldx_nav.o(i.KF_OLDX_NAV)
    LED_Init                                 0x080027dd   Thumb Code    56  led.o(i.LED_Init)
    MPU6050_Data_Offset                      0x08002819   Thumb Code   562  mpu6050.o(i.MPU6050_Data_Offset)
    MPU6050_Data_Prepare                     0x08002a6d   Thumb Code  1166  mpu6050.o(i.MPU6050_Data_Prepare)
    MPU6050_INT_Config                       0x08002f05   Thumb Code    56  mpu6050.o(i.MPU6050_INT_Config)
    MPU6050_Init                             0x08002f41   Thumb Code   184  mpu6050.o(i.MPU6050_Init)
    MPU6050_Read                             0x08002ff9   Thumb Code    42  mpu6050.o(i.MPU6050_Read)
    MPU6050_setClockSource                   0x0800302d   Thumb Code    20  mpu6050.o(i.MPU6050_setClockSource)
    MPU6050_setDLPF                          0x08003041   Thumb Code    20  mpu6050.o(i.MPU6050_setDLPF)
    MPU6050_setFullScaleAccelRange           0x08003055   Thumb Code    36  mpu6050.o(i.MPU6050_setFullScaleAccelRange)
    MPU6050_setFullScaleGyroRange            0x08003079   Thumb Code    36  mpu6050.o(i.MPU6050_setFullScaleGyroRange)
    MPU6050_setI2CBypassEnabled              0x0800309d   Thumb Code    18  mpu6050.o(i.MPU6050_setI2CBypassEnabled)
    MPU6050_setI2CMasterModeEnabled          0x080030af   Thumb Code    18  mpu6050.o(i.MPU6050_setI2CMasterModeEnabled)
    MPU6050_setSleepEnabled                  0x080030c1   Thumb Code    18  mpu6050.o(i.MPU6050_setSleepEnabled)
    MPU6050_set_SMPLRT_DIV                   0x080030d3   Thumb Code    28  mpu6050.o(i.MPU6050_set_SMPLRT_DIV)
    MYDMA_Config                             0x080030f1   Thumb Code   184  dma.o(i.MYDMA_Config)
    MYDMA_Enable                             0x080031ad   Thumb Code    44  dma.o(i.MYDMA_Enable)
    MemManage_Handler                        0x080031d9   Thumb Code     4  stm32f4xx_it.o(i.MemManage_Handler)
    Moving_Median                            0x080031dd   Thumb Code   236  filter.o(i.Moving_Median)
    My_DCMI_Init                             0x080032d5   Thumb Code   282  dcmi.o(i.My_DCMI_Init)
    NMI_Handler                              0x08003405   Thumb Code     2  stm32f4xx_it.o(i.NMI_Handler)
    NVIC_Init                                0x08003409   Thumb Code   106  misc.o(i.NVIC_Init)
    NVIC_PriorityGroupConfig                 0x08003481   Thumb Code    10  misc.o(i.NVIC_PriorityGroupConfig)
    OV5640_Brightness                        0x08003495   Thumb Code    90  ov5640.o(i.OV5640_Brightness)
    OV5640_Color_Saturation                  0x080034f1   Thumb Code   120  ov5640.o(i.OV5640_Color_Saturation)
    OV5640_Contrast                          0x0800356d   Thumb Code   120  ov5640.o(i.OV5640_Contrast)
    OV5640_Focus_Constant                    0x080035e5   Thumb Code   124  ov5640.o(i.OV5640_Focus_Constant)
    OV5640_Focus_Init                        0x08003661   Thumb Code   180  ov5640.o(i.OV5640_Focus_Init)
    OV5640_Init                              0x08003719   Thumb Code   242  ov5640.o(i.OV5640_Init)
    OV5640_Light_Mode                        0x08003821   Thumb Code    66  ov5640.o(i.OV5640_Light_Mode)
    OV5640_OutSize_Set                       0x08003869   Thumb Code   128  ov5640.o(i.OV5640_OutSize_Set)
    OV5640_RD_Reg                            0x080038e9   Thumb Code    60  ov5640.o(i.OV5640_RD_Reg)
    OV5640_RGB565_Mode                       0x08003925   Thumb Code    36  ov5640.o(i.OV5640_RGB565_Mode)
    OV5640_Sharpness                         0x0800394d   Thumb Code   122  ov5640.o(i.OV5640_Sharpness)
    OV5640_Special_Effects                   0x080039c9   Thumb Code    98  ov5640.o(i.OV5640_Special_Effects)
    OV5640_WR_Reg                            0x08003a31   Thumb Code    60  ov5640.o(i.OV5640_WR_Reg)
    PendSV_Handler                           0x08003a6d   Thumb Code     2  stm32f4xx_it.o(i.PendSV_Handler)
    RCC_AHB1PeriphClockCmd                   0x08003a71   Thumb Code    26  stm32f4xx_rcc.o(i.RCC_AHB1PeriphClockCmd)
    RCC_AHB2PeriphClockCmd                   0x08003a91   Thumb Code    26  stm32f4xx_rcc.o(i.RCC_AHB2PeriphClockCmd)
    RCC_APB1PeriphClockCmd                   0x08003ab1   Thumb Code    26  stm32f4xx_rcc.o(i.RCC_APB1PeriphClockCmd)
    RCC_APB1PeriphResetCmd                   0x08003ad1   Thumb Code    26  stm32f4xx_rcc.o(i.RCC_APB1PeriphResetCmd)
    RCC_APB2PeriphClockCmd                   0x08003af1   Thumb Code    26  stm32f4xx_rcc.o(i.RCC_APB2PeriphClockCmd)
    RCC_GetClocksFreq                        0x08003b11   Thumb Code   214  stm32f4xx_rcc.o(i.RCC_GetClocksFreq)
    READ_PARM                                0x08003bf9   Thumb Code   190  flash_w25.o(i.READ_PARM)
    RGB565TORGB24                            0x08003cc5   Thumb Code    74  jpg_code.o(i.RGB565TORGB24)
    RGB_GRAY_16                              0x08003d15   Thumb Code    66  flow.o(i.RGB_GRAY_16)
    SCCB_Init                                0x08003d5d   Thumb Code    78  sccb.o(i.SCCB_Init)
    SCCB_No_Ack                              0x08003db1   Thumb Code    56  sccb.o(i.SCCB_No_Ack)
    SCCB_RD_Byte                             0x08003df1   Thumb Code   100  sccb.o(i.SCCB_RD_Byte)
    SCCB_Start                               0x08003e61   Thumb Code    42  sccb.o(i.SCCB_Start)
    SCCB_Stop                                0x08003e95   Thumb Code    42  sccb.o(i.SCCB_Stop)
    SCCB_WR_Byte                             0x08003ec9   Thumb Code   154  sccb.o(i.SCCB_WR_Byte)
    SPI1_Init                                0x08003f71   Thumb Code   188  flash_w25.o(i.SPI1_Init)
    SPI1_ReadWriteByte                       0x08004035   Thumb Code    50  flash_w25.o(i.SPI1_ReadWriteByte)
    SPI1_SetSpeed                            0x0800406d   Thumb Code    36  flash_w25.o(i.SPI1_SetSpeed)
    SPI_Cmd                                  0x08004095   Thumb Code    24  stm32f4xx_spi.o(i.SPI_Cmd)
    SPI_I2S_GetFlagStatus                    0x080040ad   Thumb Code    18  stm32f4xx_spi.o(i.SPI_I2S_GetFlagStatus)
    SPI_I2S_ReceiveData                      0x080040bf   Thumb Code     6  stm32f4xx_spi.o(i.SPI_I2S_ReceiveData)
    SPI_I2S_SendData                         0x080040c5   Thumb Code     4  stm32f4xx_spi.o(i.SPI_I2S_SendData)
    SPI_Init                                 0x080040c9   Thumb Code    60  stm32f4xx_spi.o(i.SPI_Init)
    SVC_Handler                              0x08004105   Thumb Code     2  stm32f4xx_it.o(i.SVC_Handler)
    Send_FLOW                                0x08004121   Thumb Code   246  usart.o(i.Send_FLOW)
    SysTick_CLKSourceConfig                  0x08004311   Thumb Code    40  misc.o(i.SysTick_CLKSourceConfig)
    SysTick_Handler                          0x08004339   Thumb Code     2  stm32f4xx_it.o(i.SysTick_Handler)
    SystemInit                               0x0800433d   Thumb Code    88  system_stm32f4xx.o(i.SystemInit)
    TIM3_IRQHandler                          0x080043a5   Thumb Code   154  timer.o(i.TIM3_IRQHandler)
    TIM3_Int_Init                            0x0800445d   Thumb Code    88  timer.o(i.TIM3_Int_Init)
    TIM_ClearITPendingBit                    0x080044b9   Thumb Code     6  stm32f4xx_tim.o(i.TIM_ClearITPendingBit)
    TIM_Cmd                                  0x080044bf   Thumb Code    24  stm32f4xx_tim.o(i.TIM_Cmd)
    TIM_GetITStatus                          0x080044d7   Thumb Code    34  stm32f4xx_tim.o(i.TIM_GetITStatus)
    TIM_ITConfig                             0x080044f9   Thumb Code    18  stm32f4xx_tim.o(i.TIM_ITConfig)
    TIM_TimeBaseInit                         0x0800450d   Thumb Code   104  stm32f4xx_tim.o(i.TIM_TimeBaseInit)
    Transform                                0x08004591   Thumb Code    14  mpu6050.o(i.Transform)
    USART1_IRQHandler                        0x080045a1   Thumb Code   286  usart.o(i.USART1_IRQHandler)
    USART3_IRQHandler                        0x080046d5   Thumb Code    80  ultrasonic.o(i.USART3_IRQHandler)
    USART_ClearFlag                          0x08004729   Thumb Code    18  stm32f4xx_usart.o(i.USART_ClearFlag)
    USART_ClearITPendingBit                  0x0800473b   Thumb Code    30  stm32f4xx_usart.o(i.USART_ClearITPendingBit)
    USART_Cmd                                0x08004759   Thumb Code    24  stm32f4xx_usart.o(i.USART_Cmd)
    USART_DMACmd                             0x08004771   Thumb Code    18  stm32f4xx_usart.o(i.USART_DMACmd)
    USART_GetFlagStatus                      0x08004783   Thumb Code    26  stm32f4xx_usart.o(i.USART_GetFlagStatus)
    USART_GetITStatus                        0x0800479d   Thumb Code    84  stm32f4xx_usart.o(i.USART_GetITStatus)
    USART_ITConfig                           0x080047f1   Thumb Code    74  stm32f4xx_usart.o(i.USART_ITConfig)
    USART_Init                               0x0800483d   Thumb Code   204  stm32f4xx_usart.o(i.USART_Init)
    USART_SendData                           0x08004911   Thumb Code     8  stm32f4xx_usart.o(i.USART_SendData)
    Uart3_Send                               0x08004919   Thumb Code    28  ultrasonic.o(i.Uart3_Send)
    Ultra_Duty                               0x08004939   Thumb Code    80  ultrasonic.o(i.Ultra_Duty)
    Ultra_Get                                0x08004999   Thumb Code   198  main.o(i.Ultra_Get)
    Ultrasonic_Init                          0x08004a79   Thumb Code    12  ultrasonic.o(i.Ultrasonic_Init)
    UsageFault_Handler                       0x08004a85   Thumb Code     4  stm32f4xx_it.o(i.UsageFault_Handler)
    Usart3_Init                              0x08004a89   Thumb Code   216  ultrasonic.o(i.Usart3_Init)
    UsartSend_FLOW                           0x08004b69   Thumb Code    28  usart.o(i.UsartSend_FLOW)
    W25QXX_Erase_Sector                      0x08004b89   Thumb Code    62  flash_w25.o(i.W25QXX_Erase_Sector)
    W25QXX_Init                              0x08004bd1   Thumb Code    74  flash_w25.o(i.W25QXX_Init)
    W25QXX_Read                              0x08004c29   Thumb Code    74  flash_w25.o(i.W25QXX_Read)
    W25QXX_ReadID                            0x08004c79   Thumb Code    64  flash_w25.o(i.W25QXX_ReadID)
    W25QXX_ReadSR                            0x08004cc1   Thumb Code    36  flash_w25.o(i.W25QXX_ReadSR)
    W25QXX_Wait_Busy                         0x08004ced   Thumb Code    18  flash_w25.o(i.W25QXX_Wait_Busy)
    W25QXX_Write                             0x08004d01   Thumb Code   180  flash_w25.o(i.W25QXX_Write)
    W25QXX_Write_Enable                      0x08004db9   Thumb Code    24  flash_w25.o(i.W25QXX_Write_Enable)
    W25QXX_Write_NoCheck                     0x08004dd9   Thumb Code    70  flash_w25.o(i.W25QXX_Write_NoCheck)
    W25QXX_Write_Page                        0x08004e21   Thumb Code    80  flash_w25.o(i.W25QXX_Write_Page)
    WRITE_PARM                               0x08004e75   Thumb Code   278  flash_w25.o(i.WRITE_PARM)
    __ARM_fpclassify                         0x08004f99   Thumb Code    48  fpclassify.o(i.__ARM_fpclassify)
    __hardfp_asin                            0x08004fc9   Thumb Code   770  asin.o(i.__hardfp_asin)
    __hardfp_fabs                            0x08005329   Thumb Code    20  fabs.o(i.__hardfp_fabs)
    __hardfp_floor                           0x08005341   Thumb Code   252  floor.o(i.__hardfp_floor)
    __hardfp_floorf                          0x08005459   Thumb Code    98  floorf.o(i.__hardfp_floorf)
    __hardfp_pow                             0x080054c9   Thumb Code  3072  pow.o(i.__hardfp_pow)
    __hardfp_sqrt                            0x08006119   Thumb Code   122  sqrt.o(i.__hardfp_sqrt)
    __kernel_poly                            0x08006193   Thumb Code   248  poly.o(i.__kernel_poly)
    __mathlib_dbl_divzero                    0x08006291   Thumb Code    28  dunder.o(i.__mathlib_dbl_divzero)
    __mathlib_dbl_infnan                     0x080062c1   Thumb Code    20  dunder.o(i.__mathlib_dbl_infnan)
    __mathlib_dbl_infnan2                    0x080062d5   Thumb Code    20  dunder.o(i.__mathlib_dbl_infnan2)
    __mathlib_dbl_invalid                    0x080062e9   Thumb Code    24  dunder.o(i.__mathlib_dbl_invalid)
    __mathlib_dbl_overflow                   0x08006309   Thumb Code    24  dunder.o(i.__mathlib_dbl_overflow)
    __mathlib_dbl_underflow                  0x08006329   Thumb Code    24  dunder.o(i.__mathlib_dbl_underflow)
    _sys_exit                                0x08006349   Thumb Code     6  usart.o(i._sys_exit)
    bit_num                                  0x0800634f   Thumb Code    38  jchuff.o(i.bit_num)
    compute_klt                              0x08006375   Thumb Code  1704  flow.o(i.compute_klt)
    data_per_uart1                           0x08006a25   Thumb Code  1942  usart.o(i.data_per_uart1)
    delay_init                               0x080071c9   Thumb Code    52  delay.o(i.delay_init)
    delay_ms                                 0x08007205   Thumb Code    56  delay.o(i.delay_ms)
    delay_us                                 0x0800723d   Thumb Code    72  delay.o(i.delay_us)
    delay_xms                                0x08007289   Thumb Code    72  delay.o(i.delay_xms)
    dsp_fdct_8x8                             0x080072d5   Thumb Code  1636  dct.o(i.dsp_fdct_8x8)
    fabs                                     0x0800793d   Thumb Code    24  fabs.o(i.fabs)
    fast_atan2                               0x08007955   Thumb Code   350  mymath.o(i.fast_atan2)
    flow_pertreatment_oldx                   0x08007ad1   Thumb Code   942  flow_s.o(i.flow_pertreatment_oldx)
    flow_task                                0x08007e95   Thumb Code    72  flow.o(i.flow_task)
    gaussianFilter                           0x08007ee9   Thumb Code   144  main.o(i.gaussianFilter)
    gray_balance                             0x08007f7d   Thumb Code    40  main.o(i.gray_balance)
    insert_sonar_value_and_get_mode_value    0x08007fad   Thumb Code    84  main.o(i.insert_sonar_value_and_get_mode_value)
    jhuff_encode_one_block                   0x0800866d   Thumb Code   200  jchuff.o(i.jhuff_encode_one_block)
    jhuff_flush_buffer                       0x08008735   Thumb Code   118  jchuff.o(i.jhuff_flush_buffer)
    jhuff_write_bits                         0x080087b5   Thumb Code   124  jchuff.o(i.jhuff_write_bits)
    jint_add_huff_table                      0x08008839   Thumb Code   160  jcint.o(i.jint_add_huff_table)
    jint_add_quant_table                     0x080088dd   Thumb Code   116  jcint.o(i.jint_add_quant_table)
    jint_calc_huff_tbl                       0x0800895d   Thumb Code   172  jcint.o(i.jint_calc_huff_tbl)
    jint_process_mcu                         0x08008a11   Thumb Code   350  jcint.o(i.jint_process_mcu)
    jint_process_rows                        0x08008b7d   Thumb Code   320  jcint.o(i.jint_process_rows)
    jint_std_huff_tables                     0x08008cbd   Thumb Code    70  jcint.o(i.jint_std_huff_tables)
    jint_std_quant_tables                    0x08008d25   Thumb Code    68  jcint.o(i.jint_std_quant_tables)
    jmkr_write_end                           0x08008d6d   Thumb Code    12  jcmarker.o(i.jmkr_write_end)
    jmkr_write_frame_head                    0x08008d79   Thumb Code   220  jcmarker.o(i.jmkr_write_frame_head)
    jmkr_write_huff_table                    0x08008e55   Thumb Code   322  jcmarker.o(i.jmkr_write_huff_table)
    jmkr_write_image_end                     0x08008f97   Thumb Code    22  jcmarker.o(i.jmkr_write_image_end)
    jmkr_write_image_start                   0x08008fad   Thumb Code    22  jcmarker.o(i.jmkr_write_image_start)
    jmkr_write_jfif                          0x08008fc5   Thumb Code    26  jcmarker.o(i.jmkr_write_jfif)
    jmkr_write_quant_table                   0x08008fe5   Thumb Code   104  jcmarker.o(i.jmkr_write_quant_table)
    jmkr_write_scan_head                     0x0800904d   Thumb Code   170  jcmarker.o(i.jmkr_write_scan_head)
    jmkr_write_start                         0x080090f7   Thumb Code    42  jcmarker.o(i.jmkr_write_start)
    jpeg_calc_value                          0x08009121   Thumb Code   270  jcapi.o(i.jpeg_calc_value)
    jpeg_create_compress                     0x08009239   Thumb Code    24  jcapi.o(i.jpeg_create_compress)
    jpeg_data_process                        0x08009255   Thumb Code   336  main.o(i.jpeg_data_process)
    jpeg_finish_compress                     0x080093d5   Thumb Code   130  jcapi.o(i.jpeg_finish_compress)
    jpeg_set_default                         0x08009457   Thumb Code   118  jcapi.o(i.jpeg_set_default)
    jpeg_start_compress                      0x080094cd   Thumb Code    64  jcapi.o(i.jpeg_start_compress)
    jpeg_write_scanline                      0x0800950d   Thumb Code   180  jcapi.o(i.jpeg_write_scanline)
    jutl_cc_rgb2ycc                          0x080095c1   Thumb Code   200  jutility.o(i.jutl_cc_rgb2ycc)
    jutl_write_byte                          0x080096a9   Thumb Code    30  jutility.o(i.jutl_write_byte)
    jutl_zigzag_sort                         0x080096cd   Thumb Code    44  jutility.o(i.jutl_zigzag_sort)
    main                                     0x080096fd   Thumb Code   162  main.o(i.main)
    micros                                   0x080097a9   Thumb Code     8  delay.o(i.micros)
    my_abs                                   0x080097b5   Thumb Code    26  mymath.o(i.my_abs)
    my_sqrt                                  0x080097d1   Thumb Code    88  mymath.o(i.my_sqrt)
    read_xy_rgb                              0x0800982d   Thumb Code   130  flow.o(i.read_xy_rgb)
    rgb565_test                              0x080098b5   Thumb Code  3162  main.o(i.rgb565_test)
    sqrt                                     0x0800a825   Thumb Code   110  sqrt.o(i.sqrt)
    uart_init                                0x0800a895   Thumb Code   166  usart.o(i.uart_init)
    uart_init2                               0x0800a945   Thumb Code   122  usart.o(i.uart_init2)
    __aeabi_dneg                             0x0800a9c9   Thumb Code     0  basic.o(x$fpl$basic)
    _dneg                                    0x0800a9c9   Thumb Code     6  basic.o(x$fpl$basic)
    __aeabi_fneg                             0x0800a9cf   Thumb Code     0  basic.o(x$fpl$basic)
    _fneg                                    0x0800a9cf   Thumb Code     6  basic.o(x$fpl$basic)
    _dabs                                    0x0800a9d5   Thumb Code     6  basic.o(x$fpl$basic)
    _fabs                                    0x0800a9db   Thumb Code     6  basic.o(x$fpl$basic)
    __aeabi_d2f                              0x0800a9e1   Thumb Code     0  d2f.o(x$fpl$d2f)
    _d2f                                     0x0800a9e1   Thumb Code    98  d2f.o(x$fpl$d2f)
    __aeabi_dadd                             0x0800aa45   Thumb Code     0  daddsub_clz.o(x$fpl$dadd)
    _dadd                                    0x0800aa45   Thumb Code   332  daddsub_clz.o(x$fpl$dadd)
    __fpl_dcheck_NaN1                        0x0800ab95   Thumb Code    10  dcheck1.o(x$fpl$dcheck1)
    __fpl_dcmp_Inf                           0x0800aba5   Thumb Code    24  dcmpi.o(x$fpl$dcmpinf)
    __aeabi_ddiv                             0x0800abbd   Thumb Code     0  ddiv.o(x$fpl$ddiv)
    _ddiv                                    0x0800abbd   Thumb Code   552  ddiv.o(x$fpl$ddiv)
    __aeabi_cdcmpeq                          0x0800ae6d   Thumb Code     0  deqf.o(x$fpl$deqf)
    _dcmpeq                                  0x0800ae6d   Thumb Code   120  deqf.o(x$fpl$deqf)
    __aeabi_d2iz                             0x0800aee5   Thumb Code     0  dfix.o(x$fpl$dfix)
    _dfix                                    0x0800aee5   Thumb Code    94  dfix.o(x$fpl$dfix)
    __aeabi_i2d                              0x0800af43   Thumb Code     0  dflt_clz.o(x$fpl$dflt)
    _dflt                                    0x0800af43   Thumb Code    46  dflt_clz.o(x$fpl$dflt)
    __aeabi_cdcmple                          0x0800af71   Thumb Code     0  dleqf.o(x$fpl$dleqf)
    _dcmple                                  0x0800af71   Thumb Code   120  dleqf.o(x$fpl$dleqf)
    __fpl_dcmple_InfNaN                      0x0800afd3   Thumb Code     0  dleqf.o(x$fpl$dleqf)
    __aeabi_dmul                             0x0800afe9   Thumb Code     0  dmul.o(x$fpl$dmul)
    _dmul                                    0x0800afe9   Thumb Code   332  dmul.o(x$fpl$dmul)
    __fpl_dnaninf                            0x0800b13d   Thumb Code   156  dnaninf.o(x$fpl$dnaninf)
    __fpl_dretinf                            0x0800b1d9   Thumb Code    12  dretinf.o(x$fpl$dretinf)
    __aeabi_cdrcmple                         0x0800b1e5   Thumb Code     0  drleqf.o(x$fpl$drleqf)
    _drcmple                                 0x0800b1e5   Thumb Code   108  drleqf.o(x$fpl$drleqf)
    __aeabi_drsub                            0x0800b251   Thumb Code     0  daddsub_clz.o(x$fpl$drsb)
    _drsb                                    0x0800b251   Thumb Code    22  daddsub_clz.o(x$fpl$drsb)
    _dsqrt                                   0x0800b269   Thumb Code   404  dsqrt_umaal.o(x$fpl$dsqrt)
    __aeabi_dsub                             0x0800b401   Thumb Code     0  daddsub_clz.o(x$fpl$dsub)
    _dsub                                    0x0800b401   Thumb Code   464  daddsub_clz.o(x$fpl$dsub)
    __aeabi_f2d                              0x0800b5d5   Thumb Code     0  f2d.o(x$fpl$f2d)
    _f2d                                     0x0800b5d5   Thumb Code    86  f2d.o(x$fpl$f2d)
    __fpl_fnaninf                            0x0800b62b   Thumb Code   140  fnaninf.o(x$fpl$fnaninf)
    _fp_init                                 0x0800b6b7   Thumb Code    10  fpinit.o(x$fpl$fpinit)
    __fplib_config_fpu_vfp                   0x0800b6bf   Thumb Code     0  fpinit.o(x$fpl$fpinit)
    __fplib_config_pureend_doubles           0x0800b6bf   Thumb Code     0  fpinit.o(x$fpl$fpinit)
    __fpl_fretinf                            0x0800b6c1   Thumb Code    10  fretinf.o(x$fpl$fretinf)
    __fpl_return_NaN                         0x0800b6cb   Thumb Code   100  retnan.o(x$fpl$retnan)
    __ARM_scalbn                             0x0800b72f   Thumb Code    92  scalbn.o(x$fpl$scalbn)
    __fpl_cmpreturn                          0x0800b78b   Thumb Code    48  trapv.o(x$fpl$trapveneer)
    __I$use$fp                               0x0800b7ba   Number         0  usenofp.o(x$fpl$usenofp)
    OV5640_jpeg_reg_tbl                      0x0800b878   Data         164  ov5640.o(.constdata)
    ov5640_rgb565_reg_tbl                    0x0800b91c   Data         180  ov5640.o(.constdata)
    ov5640_rgb565_reg_tbl90                  0x0800b9d0   Data         980  ov5640.o(.constdata)
    ov5640_rgb565_reg_tbl60                  0x0800bda4   Data         180  ov5640.o(.constdata)
    ov5640_init_reg_tbl                      0x0800be58   Data         828  ov5640.o(.constdata)
    OV5640_AF_Config                         0x0800c194   Data        4077  ov5640.o(.constdata)
    __mathlib_zero                           0x0800d620   Data           8  qnan.o(.constdata)
    Region$$Table$$Base                      0x0800d628   Number         0  anon$$obj.o(Region$$Table)
    Region$$Table$$Limit                     0x0800d648   Number         0  anon$$obj.o(Region$$Table)
    ultra_distance_old                       0x20000000   Data           2  main.o(.data)
    measure_num                              0x20000002   Data           1  main.o(.data)
    Rol_fc                                   0x20000008   Data           4  main.o(.data)
    Pit_fc                                   0x2000000c   Data           4  main.o(.data)
    Yaw_fc                                   0x20000010   Data           4  main.o(.data)
    ref_q                                    0x20000014   Data          16  main.o(.data)
    norm_acc                                 0x20000024   Data           4  main.o(.data)
    norm_q                                   0x20000028   Data           4  main.o(.data)
    norm_acc_lpf                             0x2000002c   Data           4  main.o(.data)
    mag_norm                                 0x20000030   Data           4  main.o(.data)
    mag_norm_xyz                             0x20000034   Data           4  main.o(.data)
    flow_q                                   0x20000038   Data           1  main.o(.data)
    jpg_q                                    0x2000003c   Data           4  main.o(.data)
    en_lcd                                   0x20000040   Data           1  main.o(.data)
    en_flow                                  0x20000041   Data           1  main.o(.data)
    en_jpg                                   0x20000042   Data           1  main.o(.data)
    t_flow                                   0x20000044   Data           4  main.o(.data)
    ovx_mode                                 0x20000048   Data           1  main.o(.data)
    offsetx                                  0x2000004c   Data           4  main.o(.data)
    offsety                                  0x20000050   Data           4  main.o(.data)
    jpeg_data_len                            0x20000054   Data           4  main.o(.data)
    jpeg_data_ok                             0x20000058   Data           1  main.o(.data)
    get_one                                  0x20000059   Data           1  main.o(.data)
    off_pix1                                 0x2000005a   Data           2  main.o(.data)
    MAX_BRIGHT                               0x2000005c   Data           1  main.o(.data)
    max_num                                  0x2000005e   Data           2  main.o(.data)
    en_guass                                 0x20000060   Data           1  main.o(.data)
    ga_nav                                   0x20000064   Data           4  main.o(.data)
    gwa_nav                                  0x20000068   Data           4  main.o(.data)
    g_pos_flow                               0x2000006c   Data           4  main.o(.data)
    g_spd_flow                               0x20000070   Data           4  main.o(.data)
    en_camera                                0x20000074   Data           1  main.o(.data)
    en_imu                                   0x20000075   Data           1  main.o(.data)
    ALT_POS_SONAR                            0x20000078   Data           4  main.o(.data)
    k_px                                     0x2000007c   Data           4  main.o(.data)
    K_spd_flow                               0x20000080   Data           4  main.o(.data)
    Shape                                    0x20000084   Data           1  main.o(.data)
    Contract                                 0x20000085   Data           1  main.o(.data)
    Effect                                   0x20000086   Data           1  main.o(.data)
    ov_frame                                 0x2000009f   Data           1  dcmi.o(.data)
    ov_frame_rx                              0x200000a0   Data           1  timer.o(.data)
    K_acc_flt                                0x200000a4   Data           4  timer.o(.data)
    t_mems                                   0x200000a8   Data           4  timer.o(.data)
    bmp_rx                                   0x200000ac   Data           1  timer.o(.data)
    gray_scal                                0x200000b8   Data           1  flow.o(.data)
    off_pix                                  0x200000b9   Data           1  flow.o(.data)
    SEARCH_SIZE                              0x200000ba   Data           2  flow.o(.data)
    TILE_SIZE                                0x200000bc   Data           2  flow.o(.data)
    NUM_BLOCKS                               0x200000be   Data           2  flow.o(.data)
    meancount_set                            0x200000c0   Data           1  flow.o(.data)
    PARAM_BOTTOM_FLOW_FEATURE_THRESHOLD      0x200000c2   Data           2  flow.o(.data)
    PARAM_BOTTOM_FLOW_VALUE_THRESHOLD        0x200000c4   Data           2  flow.o(.data)
    PARAM_GYRO_COMPENSATION_THRESHOLD        0x200000c8   Data           4  flow.o(.data)
    en_hist_filter                           0x200000cc   Data           1  flow.o(.data)
    en_gro_filter                            0x200000cd   Data           1  flow.o(.data)
    meancount_view                           0x200000ce   Data           2  flow.o(.data)
    y_rate_view                              0x200000d0   Data           4  flow.o(.data)
    flow_fps                                 0x200000d4   Data           1  flow.o(.data)
    pixel_flow_x                             0x200000d8   Data           8  flow.o(.data)
    pixel_flow_y                             0x200000e0   Data           8  flow.o(.data)
    flow_compx                               0x200000e8   Data           8  flow.o(.data)
    flow_compy                               0x200000f0   Data           8  flow.o(.data)
    pixel_flow_x_gro_fix                     0x200000f8   Data           4  flow.o(.data)
    pixel_flow_y_gro_fix                     0x200000fc   Data           4  flow.o(.data)
    pixel_flow_x_pix                         0x20000100   Data           4  flow.o(.data)
    pixel_flow_y_pix                         0x20000104   Data           4  flow.o(.data)
    deg_delay                                0x20000108   Data           1  flow.o(.data)
    sysTickUptime                            0x2000013c   Data           4  delay.o(.data)
    __stdout                                 0x20000140   Data           4  usart.o(.data)
    sonar_fc                                 0x20000144   Data           4  usart.o(.data)
    fc_connect                               0x20000148   Data           1  usart.o(.data)
    fc_connect_loss                          0x2000014a   Data           2  usart.o(.data)
    RxState_app                              0x2000014c   Data           1  usart.o(.data)
    RxBufferNum_app                          0x2000014d   Data           1  usart.o(.data)
    RxBufferCnt_app                          0x2000014e   Data           1  usart.o(.data)
    RxLen_app                                0x2000014f   Data           1  usart.o(.data)
    SendBuff2_cnt                            0x20000152   Data           2  usart.o(.data)
    SendBuff1_cnt                            0x20000154   Data           2  usart.o(.data)
    pt_buf                                   0x20000170   Data           4  jpg_code.o(.data)
    I2C_FastMode                             0x20000174   Data           1  i2c_soft.o(.data)
    mpu6050_ok                               0x20000178   Data           1  mpu6050.o(.data)
    acc_sum_cnt                              0x2000017a   Data           2  mpu6050.o(.data)
    gyro_sum_cnt                             0x2000017c   Data           2  mpu6050.o(.data)
    Offset_mpu_flag                          0x2000017e   Data           1  mpu6050.o(.data)
    filter_cnt                               0x2000017f   Data           1  mpu6050.o(.data)
    filter_cnt_old                           0x20000180   Data           1  mpu6050.o(.data)
    test_ang                                 0x20000184   Data           4  mpu6050.o(.data)
    test_ang_old                             0x20000188   Data           4  mpu6050.o(.data)
    test_ang_d                               0x2000018c   Data           4  mpu6050.o(.data)
    test_fli_a                               0x20000190   Data           4  mpu6050.o(.data)
    test_i                                   0x20000194   Data           4  mpu6050.o(.data)
    fast_atan_table                          0x20000198   Data        1028  mymath.o(.data)
    W25QXX_TYPE                              0x2000059c   Data           2  flash_w25.o(.data)
    FLASH_SIZE                               0x200005a0   Data           4  flash_w25.o(.data)
    rate_threshold                           0x200005a4   Data           4  flow_s.o(.data)
    yaw_comp                                 0x200005a8   Data           8  flow_s.o(.data)
    flow_module_offset_x                     0x200005b0   Data           4  flow_s.o(.data)
    flow_module_offset_y                     0x200005b4   Data           4  flow_s.o(.data)
    ultra_start_f                            0x200005b9   Data           1  ultrasonic.o(.data)
    rtInf                                    0x200005c0   Data           8  rt_nonfinite.o(.data)
    rtMinusInf                               0x200005c8   Data           8  rt_nonfinite.o(.data)
    rtNaN                                    0x200005d0   Data           8  rt_nonfinite.o(.data)
    rtInfF                                   0x200005d8   Data           4  rt_nonfinite.o(.data)
    rtMinusInfF                              0x200005dc   Data           4  rt_nonfinite.o(.data)
    rtNaNF                                   0x200005e0   Data           4  rt_nonfinite.o(.data)
    ultra                                    0x200005e8   Data          36  main.o(.bss)
    Distance                                 0x2000060c   Data         100  main.o(.bss)
    reference_v                              0x2000067c   Data          12  main.o(.bss)
    ref                                      0x20000688   Data          60  main.o(.bss)
    reference_vr_imd_down                    0x200006c4   Data          12  main.o(.bss)
    reference_vr                             0x200006d0   Data          12  main.o(.bss)
    ref_q_imd_down_fc                        0x200006dc   Data          16  main.o(.bss)
    reference_vr_imd_down_fc                 0x200006ec   Data          12  main.o(.bss)
    q_nav                                    0x200006f8   Data          16  main.o(.bss)
    ref_q_imd_down                           0x20000708   Data          16  main.o(.bss)
    mag_sim_3d                               0x20000718   Data          12  main.o(.bss)
    acc_3d_hg                                0x20000724   Data          12  main.o(.bss)
    acc_ng                                   0x20000730   Data          12  main.o(.bss)
    acc_ng_offset                            0x2000073c   Data          12  main.o(.bss)
    image_buffer_8bit_2                      0x20008748   Data        4096  main.o(.bss)
    image_buffer_8bit_1                      0x20009748   Data        4096  main.o(.bss)
    fHistogram                               0x2000a748   Data        1024  main.o(.bss)
    fHistogram1                              0x2000ab48   Data        1024  main.o(.bss)
    lut                                      0x2000af48   Data         256  main.o(.bss)
    X_KF_NAV                                 0x2000b048   Data          48  main.o(.bss)
    P_KF_NAV                                 0x2000b078   Data         144  main.o(.bss)
    flow                                     0x2000b108   Data          80  main.o(.bss)
    DCMI_InitStructure                       0x2000b164   Data          14  dcmi.o(.bss)
    acc_flt                                  0x2000b174   Data          12  timer.o(.bss)
    Jx                                       0x2000b180   Data         324  flow.o(.bss)
    Jy                                       0x2000b2c4   Data         324  flow.o(.bss)
    Cycle_T                                  0x2000b414   Data         240  delay.o(.bss)
    Rx_Buf_app                               0x2000b504   Data         256  usart.o(.bss)
    RxBuffer_app                             0x2000b604   Data          50  usart.o(.bss)
    SendBuff2                                0x2000b636   Data       16384  usart.o(.bss)
    SendBuff1                                0x2000f636   Data       16384  usart.o(.bss)
    BLE_DEBUG                                0x20013636   Data          32  usart.o(.bss)
    temp_dct1                                0x20013658   Data         256  dct.o(.bss)
    dcttab                                   0x20013758   Data        1536  jcapi.o(.bss)
    inbuf_buf                                0x20013d58   Data       12288  jcapi.o(.bss)
    JPG_enc_buf                              0x20017158   Data       12288  jpg_code.o(.bss)
    info1                                    0x2001a158   Data         260  jpg_code.o(.bss)
    JQUANT_TBL_2                             0x2001a25c   Data         256  jpg_code.o(.bss)
    JHUFF_TBL_4                              0x2001a35c   Data        5192  jpg_code.o(.bss)
    mpu6050                                  0x2001b7a4   Data         128  mpu6050.o(.bss)
    mpu6050_fc                               0x2001b824   Data         128  mpu6050.o(.bss)
    mpu6050_buffer                           0x2001b8a4   Data          14  mpu6050.o(.bss)
    sum_temp                                 0x2001b8b4   Data          28  mpu6050.o(.bss)
    FILT_BUF                                 0x2001b8d0   Data         154  mpu6050.o(.bss)
    mpu6050_tmp                              0x2001b96c   Data          28  mpu6050.o(.bss)
    mpu_fil_tmp                              0x2001b988   Data          28  mpu6050.o(.bss)
    med_filter_tmp                           0x2001b9a4   Data        6000  filter.o(.bss)
    med_filter_out                           0x2001d114   Data         120  filter.o(.bss)
    med_fil_cnt                              0x2001d18c   Data          30  filter.o(.bss)
    W25QXX_BUFFER                            0x2001d1aa   Data        4096  flash_w25.o(.bss)
    FLASH_READ_BUF                           0x2001e1aa   Data          50  flash_w25.o(.bss)
    FLASH_Buffer                             0x2001e1dc   Data          50  flash_w25.o(.bss)
    flow_per_out                             0x2001e210   Data          16  flow_s.o(.bss)
    __libspace_start                         0x2001e244   Data          96  libspace.o(.bss)
    __temporary_stack_top$libspace           0x2001e2a4   Data           0  libspace.o(.bss)



==============================================================================

Memory Map of the image

  Image Entry point : 0x08000189

  Load Region LR_IROM1 (Base: 0x08000000, Size: 0x0000dc2c, Max: 0x00100000, ABSOLUTE, COMPRESSED[0x0000dab8])

    Execution Region ER_IROM1 (Base: 0x08000000, Size: 0x0000d648, Max: 0x00100000, ABSOLUTE)

    Base Addr    Size         Type   Attr      Idx    E Section Name        Object

    0x08000000   0x00000188   Data   RO         1367    RESET               startup_stm32f40_41xxx.o
    0x08000188   0x00000008   Code   RO         4599  * !!!main             c_w.l(__main.o)
    0x08000190   0x00000034   Code   RO         4926    !!!scatter          c_w.l(__scatter.o)
    0x080001c4   0x0000005a   Code   RO         4924    !!dczerorl2         c_w.l(__dczerorl2.o)
    0x0800021e   0x00000002   PAD
    0x08000220   0x0000001c   Code   RO         4928    !!handler_zi        c_w.l(__scatter_zi.o)
    0x0800023c   0x00000002   Code   RO         4793    .ARM.Collect$$libinit$$00000000  c_w.l(libinit.o)
    0x0800023e   0x00000004   Code   RO         4802    .ARM.Collect$$libinit$$00000001  c_w.l(libinit2.o)
    0x08000242   0x00000000   Code   RO         4805    .ARM.Collect$$libinit$$00000004  c_w.l(libinit2.o)
    0x08000242   0x00000000   Code   RO         4808    .ARM.Collect$$libinit$$0000000A  c_w.l(libinit2.o)
    0x08000242   0x00000000   Code   RO         4810    .ARM.Collect$$libinit$$0000000C  c_w.l(libinit2.o)
    0x08000242   0x00000000   Code   RO         4812    .ARM.Collect$$libinit$$0000000E  c_w.l(libinit2.o)
    0x08000242   0x00000000   Code   RO         4815    .ARM.Collect$$libinit$$00000011  c_w.l(libinit2.o)
    0x08000242   0x00000000   Code   RO         4817    .ARM.Collect$$libinit$$00000013  c_w.l(libinit2.o)
    0x08000242   0x00000000   Code   RO         4819    .ARM.Collect$$libinit$$00000015  c_w.l(libinit2.o)
    0x08000242   0x00000000   Code   RO         4821    .ARM.Collect$$libinit$$00000017  c_w.l(libinit2.o)
    0x08000242   0x00000000   Code   RO         4823    .ARM.Collect$$libinit$$00000019  c_w.l(libinit2.o)
    0x08000242   0x00000000   Code   RO         4825    .ARM.Collect$$libinit$$0000001B  c_w.l(libinit2.o)
    0x08000242   0x00000000   Code   RO         4827    .ARM.Collect$$libinit$$0000001D  c_w.l(libinit2.o)
    0x08000242   0x00000000   Code   RO         4829    .ARM.Collect$$libinit$$0000001F  c_w.l(libinit2.o)
    0x08000242   0x00000000   Code   RO         4831    .ARM.Collect$$libinit$$00000021  c_w.l(libinit2.o)
    0x08000242   0x00000000   Code   RO         4833    .ARM.Collect$$libinit$$00000023  c_w.l(libinit2.o)
    0x08000242   0x00000000   Code   RO         4835    .ARM.Collect$$libinit$$00000025  c_w.l(libinit2.o)
    0x08000242   0x00000000   Code   RO         4839    .ARM.Collect$$libinit$$0000002C  c_w.l(libinit2.o)
    0x08000242   0x00000000   Code   RO         4841    .ARM.Collect$$libinit$$0000002E  c_w.l(libinit2.o)
    0x08000242   0x00000000   Code   RO         4843    .ARM.Collect$$libinit$$00000030  c_w.l(libinit2.o)
    0x08000242   0x00000000   Code   RO         4845    .ARM.Collect$$libinit$$00000032  c_w.l(libinit2.o)
    0x08000242   0x00000002   Code   RO         4846    .ARM.Collect$$libinit$$00000033  c_w.l(libinit2.o)
    0x08000244   0x00000002   Code   RO         4876    .ARM.Collect$$libshutdown$$00000000  c_w.l(libshutdown.o)
    0x08000246   0x00000000   Code   RO         4890    .ARM.Collect$$libshutdown$$00000002  c_w.l(libshutdown2.o)
    0x08000246   0x00000000   Code   RO         4892    .ARM.Collect$$libshutdown$$00000004  c_w.l(libshutdown2.o)
    0x08000246   0x00000000   Code   RO         4895    .ARM.Collect$$libshutdown$$00000007  c_w.l(libshutdown2.o)
    0x08000246   0x00000000   Code   RO         4898    .ARM.Collect$$libshutdown$$0000000A  c_w.l(libshutdown2.o)
    0x08000246   0x00000000   Code   RO         4900    .ARM.Collect$$libshutdown$$0000000C  c_w.l(libshutdown2.o)
    0x08000246   0x00000000   Code   RO         4903    .ARM.Collect$$libshutdown$$0000000F  c_w.l(libshutdown2.o)
    0x08000246   0x00000002   Code   RO         4904    .ARM.Collect$$libshutdown$$00000010  c_w.l(libshutdown2.o)
    0x08000248   0x00000000   Code   RO         4701    .ARM.Collect$$rtentry$$00000000  c_w.l(__rtentry.o)
    0x08000248   0x00000000   Code   RO         4746    .ARM.Collect$$rtentry$$00000002  c_w.l(__rtentry2.o)
    0x08000248   0x00000006   Code   RO         4758    .ARM.Collect$$rtentry$$00000004  c_w.l(__rtentry4.o)
    0x0800024e   0x00000000   Code   RO         4748    .ARM.Collect$$rtentry$$00000009  c_w.l(__rtentry2.o)
    0x0800024e   0x00000004   Code   RO         4749    .ARM.Collect$$rtentry$$0000000A  c_w.l(__rtentry2.o)
    0x08000252   0x00000000   Code   RO         4751    .ARM.Collect$$rtentry$$0000000C  c_w.l(__rtentry2.o)
    0x08000252   0x00000008   Code   RO         4752    .ARM.Collect$$rtentry$$0000000D  c_w.l(__rtentry2.o)
    0x0800025a   0x00000002   Code   RO         4796    .ARM.Collect$$rtexit$$00000000  c_w.l(rtexit.o)
    0x0800025c   0x00000000   Code   RO         4850    .ARM.Collect$$rtexit$$00000002  c_w.l(rtexit2.o)
    0x0800025c   0x00000004   Code   RO         4851    .ARM.Collect$$rtexit$$00000003  c_w.l(rtexit2.o)
    0x08000260   0x00000006   Code   RO         4852    .ARM.Collect$$rtexit$$00000004  c_w.l(rtexit2.o)
    0x08000266   0x00000002   PAD
    0x08000268   0x00000040   Code   RO         1368    .text               startup_stm32f40_41xxx.o
    0x080002a8   0x00000100   Code   RO         4476    .text               kf_oldx.lib(rt_nonfinite.o)
    0x080003a8   0x00000134   Code   RO         4506    .text               kf_oldx.lib(rtgetinf.o)
    0x080004dc   0x000000c8   Code   RO         4522    .text               kf_oldx.lib(rtgetnan.o)
    0x080005a4   0x00000002   Code   RO         4536    .text               c_w.l(use_no_semi_2.o)
    0x080005a6   0x0000008a   Code   RO         4589    .text               c_w.l(rt_memcpy_v6.o)
    0x08000630   0x00000064   Code   RO         4591    .text               c_w.l(rt_memcpy_w.o)
    0x08000694   0x00000044   Code   RO         4593    .text               c_w.l(rt_memclr.o)
    0x080006d8   0x0000004e   Code   RO         4595    .text               c_w.l(rt_memclr_w.o)
    0x08000726   0x00000006   Code   RO         4597    .text               c_w.l(heapauxi.o)
    0x0800072c   0x00000002   Code   RO         4699    .text               c_w.l(use_no_semi.o)
    0x0800072e   0x00000016   Code   RO         4704    .text               c_w.l(_rserrno.o)
    0x08000744   0x00000008   Code   RO         4767    .text               c_w.l(rt_errno_addr_intlibspace.o)
    0x0800074c   0x00000008   Code   RO         4777    .text               c_w.l(libspace.o)
    0x08000754   0x0000004a   Code   RO         4780    .text               c_w.l(sys_stackheap_outer.o)
    0x0800079e   0x00000012   Code   RO         4786    .text               c_w.l(exit.o)
    0x080007b0   0x00000004   Code   RO          312    i.BusFault_Handler  stm32f4xx_it.o
    0x080007b4   0x0000006c   Code   RO         3369    i.Compression       jpg_code.o
    0x08000820   0x00000016   Code   RO         1134    i.Cycle_Time_Init   delay.o
    0x08000836   0x00000002   PAD
    0x08000838   0x00000024   Code   RO         1420    i.DCMI_CaptureCmd   stm32f4xx_dcmi.o
    0x0800085c   0x0000000c   Code   RO         1422    i.DCMI_ClearITPendingBit  stm32f4xx_dcmi.o
    0x08000868   0x00000024   Code   RO         1423    i.DCMI_Cmd          stm32f4xx_dcmi.o
    0x0800088c   0x00000068   Code   RO          716    i.DCMI_DMA_Init     dcmi.o
    0x080008f4   0x0000001c   Code   RO         1424    i.DCMI_DeInit       stm32f4xx_dcmi.o
    0x08000910   0x0000001c   Code   RO         1426    i.DCMI_GetITStatus  stm32f4xx_dcmi.o
    0x0800092c   0x0000003c   Code   RO          717    i.DCMI_IRQHandler   dcmi.o
    0x08000968   0x00000024   Code   RO         1427    i.DCMI_ITConfig     stm32f4xx_dcmi.o
    0x0800098c   0x00000040   Code   RO         1428    i.DCMI_Init         stm32f4xx_dcmi.o
    0x080009cc   0x00000018   Code   RO          719    i.DCMI_Start        dcmi.o
    0x080009e4   0x00000028   Code   RO          720    i.DCMI_Stop         dcmi.o
    0x08000a0c   0x00000034   Code   RO         1522    i.DMA_ClearFlag     stm32f4xx_dma.o
    0x08000a40   0x00000016   Code   RO         1524    i.DMA_Cmd           stm32f4xx_dma.o
    0x08000a56   0x00000002   PAD
    0x08000a58   0x00000158   Code   RO         1525    i.DMA_DeInit        stm32f4xx_dma.o
    0x08000bb0   0x00000014   Code   RO         1529    i.DMA_GetCmdStatus  stm32f4xx_dma.o
    0x08000bc4   0x00000008   Code   RO         1530    i.DMA_GetCurrDataCounter  stm32f4xx_dma.o
    0x08000bcc   0x00000044   Code   RO         1533    i.DMA_GetFlagStatus  stm32f4xx_dma.o
    0x08000c10   0x00000058   Code   RO         1536    i.DMA_Init          stm32f4xx_dma.o
    0x08000c68   0x00000004   Code   RO         1539    i.DMA_SetCurrDataCounter  stm32f4xx_dma.o
    0x08000c6c   0x000000a4   Code   RO         1234    i.Data_app          usart.o
    0x08000d10   0x00000002   Code   RO          313    i.DebugMon_Handler  stm32f4xx_it.o
    0x08000d12   0x00000002   PAD
    0x08000d14   0x000000f8   Code   RO            3    i.Enhance           main.o
    0x08000e0c   0x00000090   Code   RO         1782    i.GPIO_Init         stm32f4xx_gpio.o
    0x08000e9c   0x00000046   Code   RO         1783    i.GPIO_PinAFConfig  stm32f4xx_gpio.o
    0x08000ee2   0x00000004   Code   RO         1790    i.GPIO_SetBits      stm32f4xx_gpio.o
    0x08000ee6   0x00000018   Code   RO         1048    i.GRAY_RGB          flow.o
    0x08000efe   0x00000002   PAD
    0x08000f00   0x0000007c   Code   RO         1136    i.Get_Cycle_T       delay.o
    0x08000f7c   0x00000004   Code   RO          314    i.HardFault_Handler  stm32f4xx_it.o
    0x08000f80   0x0000009c   Code   RO            4    i.Histogram         main.o
    0x0800101c   0x0000003c   Code   RO         3542    i.I2c_Soft_Ask      i2c_soft.o
    0x08001058   0x00000034   Code   RO         3543    i.I2c_Soft_Init     i2c_soft.o
    0x0800108c   0x0000003c   Code   RO         3544    i.I2c_Soft_NoAsk    i2c_soft.o
    0x080010c8   0x00000068   Code   RO         3545    i.I2c_Soft_ReadByte  i2c_soft.o
    0x08001130   0x0000005c   Code   RO         3546    i.I2c_Soft_SendByte  i2c_soft.o
    0x0800118c   0x00000060   Code   RO         3547    i.I2c_Soft_Start    i2c_soft.o
    0x080011ec   0x0000003c   Code   RO         3548    i.I2c_Soft_Stop     i2c_soft.o
    0x08001228   0x00000060   Code   RO         3549    i.I2c_Soft_WaitAsk  i2c_soft.o
    0x08001288   0x00000030   Code   RO         3550    i.I2c_Soft_delay    i2c_soft.o
    0x080012b8   0x0000006c   Code   RO         3552    i.IIC_Read_nByte    i2c_soft.o
    0x08001324   0x0000003e   Code   RO         3553    i.IIC_Write_1Byte   i2c_soft.o
    0x08001362   0x00000002   PAD
    0x08001364   0x00000054   Code   RO         3779    i.IICwriteBit       mpu6050.o
    0x080013b8   0x00000066   Code   RO         3780    i.IICwriteBits      mpu6050.o
    0x0800141e   0x00000002   PAD
    0x08001420   0x000007d4   Code   RO            5    i.IMUupdate         main.o
    0x08001bf4   0x0000004c   Code   RO         1137    i.Initial_Timer5    delay.o
    0x08001c40   0x00000044   Code   RO          688    i.KEY_Init          key.o
    0x08001c84   0x00000b58   Code   RO         4339    i.KF_OLDX_NAV       kf_oldx_nav.o
    0x080027dc   0x0000003c   Code   RO          446    i.LED_Init          led.o
    0x08002818   0x00000254   Code   RO         3781    i.MPU6050_Data_Offset  mpu6050.o
    0x08002a6c   0x00000498   Code   RO         3782    i.MPU6050_Data_Prepare  mpu6050.o
    0x08002f04   0x0000003c   Code   RO         3783    i.MPU6050_INT_Config  mpu6050.o
    0x08002f40   0x000000b8   Code   RO         3784    i.MPU6050_Init      mpu6050.o
    0x08002ff8   0x00000034   Code   RO         3785    i.MPU6050_Read      mpu6050.o
    0x0800302c   0x00000014   Code   RO         3786    i.MPU6050_setClockSource  mpu6050.o
    0x08003040   0x00000014   Code   RO         3787    i.MPU6050_setDLPF   mpu6050.o
    0x08003054   0x00000024   Code   RO         3788    i.MPU6050_setFullScaleAccelRange  mpu6050.o
    0x08003078   0x00000024   Code   RO         3789    i.MPU6050_setFullScaleGyroRange  mpu6050.o
    0x0800309c   0x00000012   Code   RO         3790    i.MPU6050_setI2CBypassEnabled  mpu6050.o
    0x080030ae   0x00000012   Code   RO         3791    i.MPU6050_setI2CMasterModeEnabled  mpu6050.o
    0x080030c0   0x00000012   Code   RO         3792    i.MPU6050_setSleepEnabled  mpu6050.o
    0x080030d2   0x0000001c   Code   RO         3793    i.MPU6050_set_SMPLRT_DIV  mpu6050.o
    0x080030ee   0x00000002   PAD
    0x080030f0   0x000000bc   Code   RO         1341    i.MYDMA_Config      dma.o
    0x080031ac   0x0000002c   Code   RO         1342    i.MYDMA_Enable      dma.o
    0x080031d8   0x00000004   Code   RO          315    i.MemManage_Handler  stm32f4xx_it.o
    0x080031dc   0x000000f8   Code   RO         4142    i.Moving_Median     filter.o
    0x080032d4   0x00000130   Code   RO          721    i.My_DCMI_Init      dcmi.o
    0x08003404   0x00000002   Code   RO          316    i.NMI_Handler       stm32f4xx_it.o
    0x08003406   0x00000002   PAD
    0x08003408   0x00000078   Code   RO         1374    i.NVIC_Init         misc.o
    0x08003480   0x00000014   Code   RO         1375    i.NVIC_PriorityGroupConfig  misc.o
    0x08003494   0x0000005a   Code   RO          775    i.OV5640_Brightness  ov5640.o
    0x080034ee   0x00000002   PAD
    0x080034f0   0x0000007c   Code   RO          776    i.OV5640_Color_Saturation  ov5640.o
    0x0800356c   0x00000078   Code   RO          777    i.OV5640_Contrast   ov5640.o
    0x080035e4   0x0000007c   Code   RO          780    i.OV5640_Focus_Constant  ov5640.o
    0x08003660   0x000000b8   Code   RO          781    i.OV5640_Focus_Init  ov5640.o
    0x08003718   0x00000108   Code   RO          784    i.OV5640_Init       ov5640.o
    0x08003820   0x00000048   Code   RO          786    i.OV5640_Light_Mode  ov5640.o
    0x08003868   0x00000080   Code   RO          787    i.OV5640_OutSize_Set  ov5640.o
    0x080038e8   0x0000003c   Code   RO          788    i.OV5640_RD_Reg     ov5640.o
    0x08003924   0x00000028   Code   RO          789    i.OV5640_RGB565_Mode  ov5640.o
    0x0800394c   0x0000007a   Code   RO          790    i.OV5640_Sharpness  ov5640.o
    0x080039c6   0x00000002   PAD
    0x080039c8   0x00000068   Code   RO          791    i.OV5640_Special_Effects  ov5640.o
    0x08003a30   0x0000003c   Code   RO          793    i.OV5640_WR_Reg     ov5640.o
    0x08003a6c   0x00000002   Code   RO          317    i.PendSV_Handler    stm32f4xx_it.o
    0x08003a6e   0x00000002   PAD
    0x08003a70   0x00000020   Code   RO         1879    i.RCC_AHB1PeriphClockCmd  stm32f4xx_rcc.o
    0x08003a90   0x00000020   Code   RO         1882    i.RCC_AHB2PeriphClockCmd  stm32f4xx_rcc.o
    0x08003ab0   0x00000020   Code   RO         1888    i.RCC_APB1PeriphClockCmd  stm32f4xx_rcc.o
    0x08003ad0   0x00000020   Code   RO         1890    i.RCC_APB1PeriphResetCmd  stm32f4xx_rcc.o
    0x08003af0   0x00000020   Code   RO         1891    i.RCC_APB2PeriphClockCmd  stm32f4xx_rcc.o
    0x08003b10   0x000000e8   Code   RO         1900    i.RCC_GetClocksFreq  stm32f4xx_rcc.o
    0x08003bf8   0x000000cc   Code   RO         4196    i.READ_PARM         flash_w25.o
    0x08003cc4   0x00000050   Code   RO         3370    i.RGB565TORGB24     jpg_code.o
    0x08003d14   0x00000048   Code   RO         1050    i.RGB_GRAY_16       flow.o
    0x08003d5c   0x00000054   Code   RO          912    i.SCCB_Init         sccb.o
    0x08003db0   0x00000040   Code   RO          913    i.SCCB_No_Ack       sccb.o
    0x08003df0   0x00000070   Code   RO          914    i.SCCB_RD_Byte      sccb.o
    0x08003e60   0x00000034   Code   RO          916    i.SCCB_Start        sccb.o
    0x08003e94   0x00000034   Code   RO          917    i.SCCB_Stop         sccb.o
    0x08003ec8   0x000000a8   Code   RO          918    i.SCCB_WR_Byte      sccb.o
    0x08003f70   0x000000c4   Code   RO         4197    i.SPI1_Init         flash_w25.o
    0x08004034   0x00000038   Code   RO         4198    i.SPI1_ReadWriteByte  flash_w25.o
    0x0800406c   0x00000028   Code   RO         4199    i.SPI1_SetSpeed     flash_w25.o
    0x08004094   0x00000018   Code   RO         2969    i.SPI_Cmd           stm32f4xx_spi.o
    0x080040ac   0x00000012   Code   RO         2977    i.SPI_I2S_GetFlagStatus  stm32f4xx_spi.o
    0x080040be   0x00000006   Code   RO         2980    i.SPI_I2S_ReceiveData  stm32f4xx_spi.o
    0x080040c4   0x00000004   Code   RO         2981    i.SPI_I2S_SendData  stm32f4xx_spi.o
    0x080040c8   0x0000003c   Code   RO         2982    i.SPI_Init          stm32f4xx_spi.o
    0x08004104   0x00000002   Code   RO          318    i.SVC_Handler       stm32f4xx_it.o
    0x08004106   0x0000001a   Code   RO         1236    i.Send_Data_FLOW    usart.o
    0x08004120   0x00000104   Code   RO         1238    i.Send_FLOW         usart.o
    0x08004224   0x000000ec   Code   RO          409    i.SetSysClock       system_stm32f4xx.o
    0x08004310   0x00000028   Code   RO         1378    i.SysTick_CLKSourceConfig  misc.o
    0x08004338   0x00000002   Code   RO          319    i.SysTick_Handler   stm32f4xx_it.o
    0x0800433a   0x00000002   PAD
    0x0800433c   0x00000068   Code   RO          411    i.SystemInit        system_stm32f4xx.o
    0x080043a4   0x000000b8   Code   RO          994    i.TIM3_IRQHandler   timer.o
    0x0800445c   0x0000005c   Code   RO          995    i.TIM3_Int_Init     timer.o
    0x080044b8   0x00000006   Code   RO         2224    i.TIM_ClearITPendingBit  stm32f4xx_tim.o
    0x080044be   0x00000018   Code   RO         2229    i.TIM_Cmd           stm32f4xx_tim.o
    0x080044d6   0x00000022   Code   RO         2250    i.TIM_GetITStatus   stm32f4xx_tim.o
    0x080044f8   0x00000012   Code   RO         2254    i.TIM_ITConfig      stm32f4xx_tim.o
    0x0800450a   0x00000002   PAD
    0x0800450c   0x00000084   Code   RO         2301    i.TIM_TimeBaseInit  stm32f4xx_tim.o
    0x08004590   0x0000000e   Code   RO         3794    i.Transform         mpu6050.o
    0x0800459e   0x00000002   PAD
    0x080045a0   0x00000134   Code   RO         1239    i.USART1_IRQHandler  usart.o
    0x080046d4   0x00000054   Code   RO         4423    i.USART3_IRQHandler  ultrasonic.o
    0x08004728   0x00000012   Code   RO         2775    i.USART_ClearFlag   stm32f4xx_usart.o
    0x0800473a   0x0000001e   Code   RO         2776    i.USART_ClearITPendingBit  stm32f4xx_usart.o
    0x08004758   0x00000018   Code   RO         2779    i.USART_Cmd         stm32f4xx_usart.o
    0x08004770   0x00000012   Code   RO         2780    i.USART_DMACmd      stm32f4xx_usart.o
    0x08004782   0x0000001a   Code   RO         2782    i.USART_GetFlagStatus  stm32f4xx_usart.o
    0x0800479c   0x00000054   Code   RO         2783    i.USART_GetITStatus  stm32f4xx_usart.o
    0x080047f0   0x0000004a   Code   RO         2785    i.USART_ITConfig    stm32f4xx_usart.o
    0x0800483a   0x00000002   PAD
    0x0800483c   0x000000d4   Code   RO         2786    i.USART_Init        stm32f4xx_usart.o
    0x08004910   0x00000008   Code   RO         2796    i.USART_SendData    stm32f4xx_usart.o
    0x08004918   0x00000020   Code   RO         4424    i.Uart3_Send        ultrasonic.o
    0x08004938   0x00000060   Code   RO         4425    i.Ultra_Duty        ultrasonic.o
    0x08004998   0x000000e0   Code   RO            6    i.Ultra_Get         main.o
    0x08004a78   0x0000000c   Code   RO         4426    i.Ultrasonic_Init   ultrasonic.o
    0x08004a84   0x00000004   Code   RO          320    i.UsageFault_Handler  stm32f4xx_it.o
    0x08004a88   0x000000e0   Code   RO         4427    i.Usart3_Init       ultrasonic.o
    0x08004b68   0x00000020   Code   RO         1240    i.UsartSend_FLOW    usart.o
    0x08004b88   0x00000048   Code   RO         4201    i.W25QXX_Erase_Sector  flash_w25.o
    0x08004bd0   0x00000058   Code   RO         4202    i.W25QXX_Init       flash_w25.o
    0x08004c28   0x00000050   Code   RO         4204    i.W25QXX_Read       flash_w25.o
    0x08004c78   0x00000048   Code   RO         4205    i.W25QXX_ReadID     flash_w25.o
    0x08004cc0   0x0000002c   Code   RO         4206    i.W25QXX_ReadSR     flash_w25.o
    0x08004cec   0x00000012   Code   RO         4208    i.W25QXX_Wait_Busy  flash_w25.o
    0x08004cfe   0x00000002   PAD
    0x08004d00   0x000000b8   Code   RO         4209    i.W25QXX_Write      flash_w25.o
    0x08004db8   0x00000020   Code   RO         4211    i.W25QXX_Write_Enable  flash_w25.o
    0x08004dd8   0x00000046   Code   RO         4212    i.W25QXX_Write_NoCheck  flash_w25.o
    0x08004e1e   0x00000002   PAD
    0x08004e20   0x00000054   Code   RO         4213    i.W25QXX_Write_Page  flash_w25.o
    0x08004e74   0x00000124   Code   RO         4215    i.WRITE_PARM        flash_w25.o
    0x08004f98   0x00000030   Code   RO         4740    i.__ARM_fpclassify  m_wm.l(fpclassify.o)
    0x08004fc8   0x00000360   Code   RO         4641    i.__hardfp_asin     m_wm.l(asin.o)
    0x08005328   0x00000014   Code   RO         4655    i.__hardfp_fabs     m_wm.l(fabs.o)
    0x0800533c   0x00000004   PAD
    0x08005340   0x00000118   Code   RO         4661    i.__hardfp_floor    m_wm.l(floor.o)
    0x08005458   0x00000070   Code   RO         4667    i.__hardfp_floorf   m_wm.l(floorf.o)
    0x080054c8   0x00000c50   Code   RO         4673    i.__hardfp_pow      m_wm.l(pow.o)
    0x08006118   0x0000007a   Code   RO         4687    i.__hardfp_sqrt     m_wm.l(sqrt.o)
    0x08006192   0x000000f8   Code   RO         4742    i.__kernel_poly     m_wm.l(poly.o)
    0x0800628a   0x00000006   PAD
    0x08006290   0x00000030   Code   RO         4726    i.__mathlib_dbl_divzero  m_wm.l(dunder.o)
    0x080062c0   0x00000014   Code   RO         4727    i.__mathlib_dbl_infnan  m_wm.l(dunder.o)
    0x080062d4   0x00000014   Code   RO         4728    i.__mathlib_dbl_infnan2  m_wm.l(dunder.o)
    0x080062e8   0x00000020   Code   RO         4729    i.__mathlib_dbl_invalid  m_wm.l(dunder.o)
    0x08006308   0x00000020   Code   RO         4730    i.__mathlib_dbl_overflow  m_wm.l(dunder.o)
    0x08006328   0x00000020   Code   RO         4732    i.__mathlib_dbl_underflow  m_wm.l(dunder.o)
    0x08006348   0x00000006   Code   RO         1242    i._sys_exit         usart.o
    0x0800634e   0x00000026   Code   RO         3216    i.bit_num           jchuff.o
    0x08006374   0x000006b0   Code   RO         1053    i.compute_klt       flow.o
    0x08006a24   0x000007a4   Code   RO         1243    i.data_per_uart1    usart.o
    0x080071c8   0x0000003c   Code   RO         1139    i.delay_init        delay.o
    0x08007204   0x00000038   Code   RO         1140    i.delay_ms          delay.o
    0x0800723c   0x0000004c   Code   RO         1141    i.delay_us          delay.o
    0x08007288   0x0000004c   Code   RO         1142    i.delay_xms         delay.o
    0x080072d4   0x00000668   Code   RO         3125    i.dsp_fdct_8x8      dct.o
    0x0800793c   0x00000018   Code   RO         4657    i.fabs              m_wm.l(fabs.o)
    0x08007954   0x0000017c   Code   RO         4017    i.fast_atan2        mymath.o
    0x08007ad0   0x000003c4   Code   RO         4395    i.flow_pertreatment_oldx  flow_s.o
    0x08007e94   0x00000054   Code   RO         1056    i.flow_task         flow.o
    0x08007ee8   0x00000094   Code   RO            7    i.gaussianFilter    main.o
    0x08007f7c   0x00000030   Code   RO            8    i.gray_balance      main.o
    0x08007fac   0x0000005c   Code   RO            9    i.insert_sonar_value_and_get_mode_value  main.o
    0x08008008   0x00000664   Code   RO         4342    i.inv               kf_oldx_nav.o
    0x0800866c   0x000000c8   Code   RO         3217    i.jhuff_encode_one_block  jchuff.o
    0x08008734   0x00000080   Code   RO         3218    i.jhuff_flush_buffer  jchuff.o
    0x080087b4   0x00000084   Code   RO         3219    i.jhuff_write_bits  jchuff.o
    0x08008838   0x000000a4   Code   RO         3248    i.jint_add_huff_table  jcint.o
    0x080088dc   0x00000080   Code   RO         3249    i.jint_add_quant_table  jcint.o
    0x0800895c   0x000000b4   Code   RO         3250    i.jint_calc_huff_tbl  jcint.o
    0x08008a10   0x0000016c   Code   RO         3251    i.jint_process_mcu  jcint.o
    0x08008b7c   0x00000140   Code   RO         3252    i.jint_process_rows  jcint.o
    0x08008cbc   0x00000068   Code   RO         3253    i.jint_std_huff_tables  jcint.o
    0x08008d24   0x00000048   Code   RO         3254    i.jint_std_quant_tables  jcint.o
    0x08008d6c   0x0000000c   Code   RO         3301    i.jmkr_write_end    jcmarker.o
    0x08008d78   0x000000dc   Code   RO         3302    i.jmkr_write_frame_head  jcmarker.o
    0x08008e54   0x00000142   Code   RO         3303    i.jmkr_write_huff_table  jcmarker.o
    0x08008f96   0x00000016   Code   RO         3304    i.jmkr_write_image_end  jcmarker.o
    0x08008fac   0x00000016   Code   RO         3305    i.jmkr_write_image_start  jcmarker.o
    0x08008fc2   0x00000002   PAD
    0x08008fc4   0x00000020   Code   RO         3306    i.jmkr_write_jfif   jcmarker.o
    0x08008fe4   0x00000068   Code   RO         3307    i.jmkr_write_quant_table  jcmarker.o
    0x0800904c   0x000000aa   Code   RO         3308    i.jmkr_write_scan_head  jcmarker.o
    0x080090f6   0x0000002a   Code   RO         3309    i.jmkr_write_start  jcmarker.o
    0x08009120   0x00000118   Code   RO         3148    i.jpeg_calc_value   jcapi.o
    0x08009238   0x0000001c   Code   RO         3149    i.jpeg_create_compress  jcapi.o
    0x08009254   0x00000180   Code   RO           10    i.jpeg_data_process  main.o
    0x080093d4   0x00000082   Code   RO         3151    i.jpeg_finish_compress  jcapi.o
    0x08009456   0x00000076   Code   RO         3152    i.jpeg_set_default  jcapi.o
    0x080094cc   0x00000040   Code   RO         3153    i.jpeg_start_compress  jcapi.o
    0x0800950c   0x000000b4   Code   RO         3154    i.jpeg_write_scanline  jcapi.o
    0x080095c0   0x000000e8   Code   RO         3401    i.jutl_cc_rgb2ycc   jutility.o
    0x080096a8   0x00000024   Code   RO         3402    i.jutl_write_byte   jutility.o
    0x080096cc   0x00000030   Code   RO         3403    i.jutl_zigzag_sort  jutility.o
    0x080096fc   0x000000ac   Code   RO           11    i.main              main.o
    0x080097a8   0x0000000c   Code   RO         1143    i.micros            delay.o
    0x080097b4   0x0000001a   Code   RO         4020    i.my_abs            mymath.o
    0x080097ce   0x00000002   PAD
    0x080097d0   0x0000005c   Code   RO         4031    i.my_sqrt           mymath.o
    0x0800982c   0x00000088   Code   RO         1057    i.read_xy_rgb       flow.o
    0x080098b4   0x00000cc0   Code   RO           12    i.rgb565_test       main.o
    0x0800a574   0x00000250   Code   RO         4343    i.rt_powd_snf       kf_oldx_nav.o
    0x0800a7c4   0x00000060   Code   RO           13    i.sonar_bubble_sort  main.o
    0x0800a824   0x0000006e   Code   RO         4689    i.sqrt              m_wm.l(sqrt.o)
    0x0800a892   0x00000002   PAD
    0x0800a894   0x000000b0   Code   RO         1245    i.uart_init         usart.o
    0x0800a944   0x00000084   Code   RO         1246    i.uart_init2        usart.o
    0x0800a9c8   0x00000018   Code   RO         4601    x$fpl$basic         fz_wm.l(basic.o)
    0x0800a9e0   0x00000062   Code   RO         4603    x$fpl$d2f           fz_wm.l(d2f.o)
    0x0800aa42   0x00000002   PAD
    0x0800aa44   0x00000150   Code   RO         4605    x$fpl$dadd          fz_wm.l(daddsub_clz.o)
    0x0800ab94   0x00000010   Code   RO         4775    x$fpl$dcheck1       fz_wm.l(dcheck1.o)
    0x0800aba4   0x00000018   Code   RO         4711    x$fpl$dcmpinf       fz_wm.l(dcmpi.o)
    0x0800abbc   0x000002b0   Code   RO         4612    x$fpl$ddiv          fz_wm.l(ddiv.o)
    0x0800ae6c   0x00000078   Code   RO         4615    x$fpl$deqf          fz_wm.l(deqf.o)
    0x0800aee4   0x0000005e   Code   RO         4617    x$fpl$dfix          fz_wm.l(dfix.o)
    0x0800af42   0x0000002e   Code   RO         4626    x$fpl$dflt          fz_wm.l(dflt_clz.o)
    0x0800af70   0x00000078   Code   RO         4631    x$fpl$dleqf         fz_wm.l(dleqf.o)
    0x0800afe8   0x00000154   Code   RO         4633    x$fpl$dmul          fz_wm.l(dmul.o)
    0x0800b13c   0x0000009c   Code   RO         4713    x$fpl$dnaninf       fz_wm.l(dnaninf.o)
    0x0800b1d8   0x0000000c   Code   RO         4715    x$fpl$dretinf       fz_wm.l(dretinf.o)
    0x0800b1e4   0x0000006c   Code   RO         4635    x$fpl$drleqf        fz_wm.l(drleqf.o)
    0x0800b250   0x00000016   Code   RO         4606    x$fpl$drsb          fz_wm.l(daddsub_clz.o)
    0x0800b266   0x00000002   PAD
    0x0800b268   0x00000198   Code   RO         4717    x$fpl$dsqrt         fz_wm.l(dsqrt_umaal.o)
    0x0800b400   0x000001d4   Code   RO         4607    x$fpl$dsub          fz_wm.l(daddsub_clz.o)
    0x0800b5d4   0x00000056   Code   RO         4637    x$fpl$f2d           fz_wm.l(f2d.o)
    0x0800b62a   0x0000008c   Code   RO         4719    x$fpl$fnaninf       fz_wm.l(fnaninf.o)
    0x0800b6b6   0x0000000a   Code   RO         4864    x$fpl$fpinit        fz_wm.l(fpinit.o)
    0x0800b6c0   0x0000000a   Code   RO         4721    x$fpl$fretinf       fz_wm.l(fretinf.o)
    0x0800b6ca   0x00000064   Code   RO         4794    x$fpl$retnan        fz_wm.l(retnan.o)
    0x0800b72e   0x0000005c   Code   RO         4723    x$fpl$scalbn        fz_wm.l(scalbn.o)
    0x0800b78a   0x00000030   Code   RO         4847    x$fpl$trapveneer    fz_wm.l(trapv.o)
    0x0800b7ba   0x00000000   Code   RO         4725    x$fpl$usenofp       fz_wm.l(usenofp.o)
    0x0800b7ba   0x00000006   PAD
    0x0800b7c0   0x000000b8   Data   RO           16    .constdata          main.o
    0x0800b878   0x00001995   Data   RO          794    .constdata          ov5640.o
    0x0800d20d   0x00000003   PAD
    0x0800d210   0x000002a0   Data   RO         3256    .constdata          jcint.o
    0x0800d4b0   0x00000018   Data   RO         3310    .constdata          jcmarker.o
    0x0800d4c8   0x00000040   Data   RO         3404    .constdata          jutility.o
    0x0800d508   0x0000003c   Data   RO         4344    .constdata          kf_oldx_nav.o
    0x0800d544   0x00000004   PAD
    0x0800d548   0x00000050   Data   RO         4644    .constdata          m_wm.l(asin.o)
    0x0800d598   0x00000088   Data   RO         4676    .constdata          m_wm.l(pow.o)
    0x0800d620   0x00000008   Data   RO         4744    .constdata          m_wm.l(qnan.o)
    0x0800d628   0x00000020   Data   RO         4922    Region$$Table       anon$$obj.o


    Execution Region RW_IRAM1 (Base: 0x20000000, Size: 0x0001e8a8, Max: 0x00020000, ABSOLUTE, COMPRESSED[0x00000470])

    Base Addr    Size         Type   Attr      Idx    E Section Name        Object

    0x20000000   0x0000009f   Data   RW           17    .data               main.o
    0x2000009f   0x00000001   Data   RW          723    .data               dcmi.o
    0x200000a0   0x00000012   Data   RW          997    .data               timer.o
    0x200000b2   0x00000006   PAD
    0x200000b8   0x00000080   Data   RW         1059    .data               flow.o
    0x20000138   0x00000008   Data   RW         1145    .data               delay.o
    0x20000140   0x00000016   Data   RW         1248    .data               usart.o
    0x20000156   0x00000010   Data   RW         1932    .data               stm32f4xx_rcc.o
    0x20000166   0x00000002   PAD
    0x20000168   0x00000008   Data   RW         3220    .data               jchuff.o
    0x20000170   0x00000004   Data   RW         3372    .data               jpg_code.o
    0x20000174   0x00000001   Data   RW         3555    .data               i2c_soft.o
    0x20000175   0x00000003   PAD
    0x20000178   0x00000020   Data   RW         3796    .data               mpu6050.o
    0x20000198   0x00000404   Data   RW         4032    .data               mymath.o
    0x2000059c   0x00000008   Data   RW         4217    .data               flash_w25.o
    0x200005a4   0x00000015   Data   RW         4397    .data               flow_s.o
    0x200005b9   0x00000001   Data   RW         4428    .data               ultrasonic.o
    0x200005ba   0x00000006   PAD
    0x200005c0   0x00000024   Data   RW         4477    .data               kf_oldx.lib(rt_nonfinite.o)
    0x200005e4   0x00000004   PAD
    0x200005e8   0x0000ab7c   Zero   RW           15    .bss                main.o
    0x2000b164   0x0000000e   Zero   RW          722    .bss                dcmi.o
    0x2000b172   0x00000002   PAD
    0x2000b174   0x0000000c   Zero   RW          996    .bss                timer.o
    0x2000b180   0x00000294   Zero   RW         1058    .bss                flow.o
    0x2000b414   0x000000f0   Zero   RW         1144    .bss                delay.o
    0x2000b504   0x00008152   Zero   RW         1247    .bss                usart.o
    0x20013656   0x00000002   PAD
    0x20013658   0x00000100   Zero   RW         3127    .bss                dct.o
    0x20013758   0x00003600   Zero   RW         3155    .bss                jcapi.o
    0x20016d58   0x00000400   Zero   RW         3255    .bss                jcint.o
    0x20017158   0x0000464c   Zero   RW         3371    .bss                jpg_code.o
    0x2001b7a4   0x00000200   Zero   RW         3795    .bss                mpu6050.o
    0x2001b9a4   0x00001806   Zero   RW         4145    .bss                filter.o
    0x2001d1aa   0x00001064   Zero   RW         4216    .bss                flash_w25.o
    0x2001e20e   0x00000002   PAD
    0x2001e210   0x00000034   Zero   RW         4396    .bss                flow_s.o
    0x2001e244   0x00000060   Zero   RW         4778    .bss                c_w.l(libspace.o)
    0x2001e2a4   0x00000004   PAD
    0x2001e2a8   0x00000200   Zero   RW         1366    HEAP                startup_stm32f40_41xxx.o
    0x2001e4a8   0x00000400   Zero   RW         1365    STACK               startup_stm32f40_41xxx.o


==============================================================================

Image component sizes


      Code (inc. data)   RO Data    RW Data    ZI Data      Debug   Object Name

       532         56          0          1         14       3216   dcmi.o
      1640          4          0          0        256       4443   dct.o
       502         36          0          8        240       4961   delay.o
       232          4          0          0          0       1766   dma.o
       248         12          0          0       6150       1684   filter.o
      1532        108          0          8       4196       9982   flash_w25.o
      2028         44          0        128        660      11405   flow.o
       964         22          0         21         52       2774   flow_s.o
       838         44          0          1          0       7123   i2c_soft.o
       800         14          0          0      13824       5330   jcapi.o
       498         18          0          8          0       3611   jchuff.o
      1332         76        672          0       1024       7129   jcint.o
       946          6         24          0          0       6979   jcmarker.o
       188         18          0          4      17996       2330   jpg_code.o
       316         42         64          0          0       2496   jutility.o
        68          8          0          0          0        519   key.o
      5132        162         60          0          0       4254   kf_oldx_nav.o
        60          4          0          0          0       5936   led.o
      6836        558        184        159      43900     330327   main.o
       180         24          0          0          0       1985   misc.o
      2462        114          0         32        512      22060   mpu6050.o
       498         34          0       1028          0       2810   mymath.o
      1492         54       6549          0          0      10233   ov5640.o
       532         60          0          0          0       3289   sccb.o
        64         26        392          0       1536        824   startup_stm32f40_41xxx.o
       240         36          0          0          0       3983   stm32f4xx_dcmi.o
       606         54          0          0          0       6019   stm32f4xx_dma.o
       218          0          0          0          0       2234   stm32f4xx_gpio.o
        26          0          0          0          0       3878   stm32f4xx_it.o
       392         48          0         16          0       5625   stm32f4xx_rcc.o
       112          0          0          0          0       3366   stm32f4xx_spi.o
       214         28          0          0          0       3542   stm32f4xx_tim.o
       494          8          0          0          0       6536   stm32f4xx_usart.o
       340         32          0          0          0       1413   system_stm32f4xx.o
       276         34          0         18         12       2249   timer.o
       448         32          0          1          0       3134   ultrasonic.o
      3060         96          0         22      33106       9408   usart.o

    ----------------------------------------------------------------------
     36384       1916       7984       1472     123484     508853   Object Totals
         0          0         32          0          0          0   (incl. Generated)
        38          0          7         17          6          0   (incl. Padding)

    ----------------------------------------------------------------------

      Code (inc. data)   RO Data    RW Data    ZI Data      Debug   Library Member Name

        90          0          0          0          0          0   __dczerorl2.o
         8          0          0          0          0         68   __main.o
         0          0          0          0          0          0   __rtentry.o
        12          0          0          0          0          0   __rtentry2.o
         6          0          0          0          0          0   __rtentry4.o
        52          8          0          0          0          0   __scatter.o
        28          0          0          0          0          0   __scatter_zi.o
        22          0          0          0          0        100   _rserrno.o
        18          0          0          0          0         80   exit.o
         6          0          0          0          0        152   heapauxi.o
         2          0          0          0          0          0   libinit.o
         6          0          0          0          0          0   libinit2.o
         2          0          0          0          0          0   libshutdown.o
         2          0          0          0          0          0   libshutdown2.o
         8          4          0          0         96         68   libspace.o
         8          4          0          0          0         68   rt_errno_addr_intlibspace.o
        68          0          0          0          0         68   rt_memclr.o
        78          0          0          0          0         80   rt_memclr_w.o
       138          0          0          0          0         68   rt_memcpy_v6.o
       100          0          0          0          0         80   rt_memcpy_w.o
         2          0          0          0          0          0   rtexit.o
        10          0          0          0          0          0   rtexit2.o
        74          0          0          0          0         80   sys_stackheap_outer.o
         2          0          0          0          0         68   use_no_semi.o
         2          0          0          0          0         68   use_no_semi_2.o
        24          0          0          0          0        164   basic.o
        98          4          0          0          0        140   d2f.o
       826         16          0          0          0        492   daddsub_clz.o
        16          4          0          0          0        116   dcheck1.o
        24          0          0          0          0        116   dcmpi.o
       688        140          0          0          0        256   ddiv.o
       120          4          0          0          0        140   deqf.o
        94          4          0          0          0        140   dfix.o
        46          0          0          0          0        116   dflt_clz.o
       120          4          0          0          0        140   dleqf.o
       340         12          0          0          0        152   dmul.o
       156          4          0          0          0        140   dnaninf.o
        12          0          0          0          0        116   dretinf.o
       108          0          0          0          0        128   drleqf.o
       408         56          0          0          0        168   dsqrt_umaal.o
        86          4          0          0          0        132   f2d.o
       140          4          0          0          0        132   fnaninf.o
        10          0          0          0          0        116   fpinit.o
        10          0          0          0          0        116   fretinf.o
       100          0          0          0          0        116   retnan.o
        92          0          0          0          0        116   scalbn.o
        48          0          0          0          0        116   trapv.o
         0          0          0          0          0          0   usenofp.o
       256         26          0         36          0       3848   rt_nonfinite.o
       308         22          0          0          0       2701   rtgetinf.o
       200         18          0          0          0       1305   rtgetnan.o
       864         94         80          0          0        280   asin.o
       184         44          0          0          0        744   dunder.o
        44          0          0          0          0        248   fabs.o
       280         28          0          0          0        156   floor.o
       112         14          0          0          0        116   floorf.o
        48          0          0          0          0        124   fpclassify.o
       248          0          0          0          0        152   poly.o
      3152        296        136          0          0        352   pow.o
         0          0          8          0          0          0   qnan.o
       232          0          0          0          0        296   sqrt.o

    ----------------------------------------------------------------------
     10264        814        224         36        104      14738   Library Totals
        26          0          0          0          8          0   (incl. Padding)

    ----------------------------------------------------------------------

      Code (inc. data)   RO Data    RW Data    ZI Data      Debug   Library Name

       744         16          0          0         96       1048   c_w.l
      3566        256          0          0          0       3368   fz_wm.l
       764         66          0         36          0       7854   kf_oldx.lib
      5164        476        224          0          0       2468   m_wm.l

    ----------------------------------------------------------------------
     10264        814        224         36        104      14738   Library Totals

    ----------------------------------------------------------------------

==============================================================================


      Code (inc. data)   RO Data    RW Data    ZI Data      Debug   

     46648       2730       8208       1508     123588     499423   Grand Totals
     46648       2730       8208       1136     123588     499423   ELF Image Totals (compressed)
     46648       2730       8208       1136          0          0   ROM Totals

==============================================================================

    Total RO  Size (Code + RO Data)                54856 (  53.57kB)
    Total RW  Size (RW Data + ZI Data)            125096 ( 122.16kB)
    Total ROM Size (Code + RO Data + RW Data)      55992 (  54.68kB)

==============================================================================

