Component: ARM Compiler 5.06 update 2 (build 183) Tool: armlink [4d35b7]

==============================================================================

Section Cross References

    main.o(i.IMUupdate) refers to mymath.o(i.my_sqrt) for my_sqrt
    main.o(i.IMUupdate) refers to main.o(.data) for init
    main.o(i.IMUupdate) refers to main.o(.bss) for ref
    main.o(i.IMUupdate) refers to mymath.o(i.fast_atan2) for fast_atan2
    main.o(i.IMUupdate) refers to f2d.o(x$fpl$f2d) for __aeabi_f2d
    main.o(i.IMUupdate) refers to asin.o(i.__hardfp_asin) for __hardfp_asin
    main.o(i.IMUupdate) refers to dmul.o(x$fpl$dmul) for __aeabi_dmul
    main.o(i.IMUupdate) refers to d2f.o(x$fpl$d2f) for __aeabi_d2f
    main.o(i.jpeg_data_process) refers to rt_memclr_w.o(.text) for __aeabi_memclr4
    main.o(i.jpeg_data_process) refers to stm32f4xx_dma.o(i.DMA_Cmd) for DMA_Cmd
    main.o(i.jpeg_data_process) refers to stm32f4xx_dma.o(i.DMA_GetCmdStatus) for DMA_GetCmdStatus
    main.o(i.jpeg_data_process) refers to stm32f4xx_dma.o(i.DMA_GetCurrDataCounter) for DMA_GetCurrDataCounter
    main.o(i.jpeg_data_process) refers to flow.o(i.read_xy_rgb) for read_xy_rgb
    main.o(i.jpeg_data_process) refers to flow.o(i.RGB_GRAY_16) for RGB_GRAY_16
    main.o(i.jpeg_data_process) refers to stm32f4xx_dma.o(i.DMA_SetCurrDataCounter) for DMA_SetCurrDataCounter
    main.o(i.jpeg_data_process) refers to main.o(.data) for ovx_mode
    main.o(i.jpeg_data_process) refers to main.o(.bss) for jpeg_buf
    main.o(i.main) refers to misc.o(i.NVIC_PriorityGroupConfig) for NVIC_PriorityGroupConfig
    main.o(i.main) refers to delay.o(i.delay_init) for delay_init
    main.o(i.main) refers to delay.o(i.Initial_Timer5) for Initial_Timer5
    main.o(i.main) refers to delay.o(i.Cycle_Time_Init) for Cycle_Time_Init
    main.o(i.main) refers to usart.o(i.uart_init) for uart_init
    main.o(i.main) refers to usart.o(i.uart_init2) for uart_init2
    main.o(i.main) refers to led.o(i.LED_Init) for LED_Init
    main.o(i.main) refers to key.o(i.KEY_Init) for KEY_Init
    main.o(i.main) refers to delay.o(i.delay_ms) for delay_ms
    main.o(i.main) refers to mpu6050.o(i.MPU6050_Init) for MPU6050_Init
    main.o(i.main) refers to flash_w25.o(i.W25QXX_Init) for W25QXX_Init
    main.o(i.main) refers to flash_w25.o(i.W25QXX_ReadID) for W25QXX_ReadID
    main.o(i.main) refers to flash_w25.o(i.READ_PARM) for READ_PARM
    main.o(i.main) refers to ov5640.o(i.OV5640_Init) for OV5640_Init
    main.o(i.main) refers to main.o(i.rgb565_test) for rgb565_test
    main.o(i.rgb565_test) refers to ov5640.o(i.OV5640_RGB565_Mode) for OV5640_RGB565_Mode
    main.o(i.rgb565_test) refers to ov5640.o(i.OV5640_Focus_Init) for OV5640_Focus_Init
    main.o(i.rgb565_test) refers to ov5640.o(i.OV5640_Light_Mode) for OV5640_Light_Mode
    main.o(i.rgb565_test) refers to ov5640.o(i.OV5640_Color_Saturation) for OV5640_Color_Saturation
    main.o(i.rgb565_test) refers to ov5640.o(i.OV5640_Brightness) for OV5640_Brightness
    main.o(i.rgb565_test) refers to ov5640.o(i.OV5640_Contrast) for OV5640_Contrast
    main.o(i.rgb565_test) refers to ov5640.o(i.OV5640_Sharpness) for OV5640_Sharpness
    main.o(i.rgb565_test) refers to ov5640.o(i.OV5640_Focus_Constant) for OV5640_Focus_Constant
    main.o(i.rgb565_test) refers to dcmi.o(i.My_DCMI_Init) for My_DCMI_Init
    main.o(i.rgb565_test) refers to dcmi.o(i.DCMI_DMA_Init) for DCMI_DMA_Init
    main.o(i.rgb565_test) refers to ov5640.o(i.OV5640_OutSize_Set) for OV5640_OutSize_Set
    main.o(i.rgb565_test) refers to dcmi.o(i.DCMI_Start) for DCMI_Start
    main.o(i.rgb565_test) refers to timer.o(i.TIM3_Int_Init) for TIM3_Int_Init
    main.o(i.rgb565_test) refers to dma.o(i.MYDMA_Config) for MYDMA_Config
    main.o(i.rgb565_test) refers to stm32f4xx_usart.o(i.USART_DMACmd) for USART_DMACmd
    main.o(i.rgb565_test) refers to delay.o(i.Get_Cycle_T) for Get_Cycle_T
    main.o(i.rgb565_test) refers to f2d.o(x$fpl$f2d) for __aeabi_f2d
    main.o(i.rgb565_test) refers to drleqf.o(x$fpl$drleqf) for __aeabi_cdrcmple
    main.o(i.rgb565_test) refers to mpu6050.o(i.MPU6050_Read) for MPU6050_Read
    main.o(i.rgb565_test) refers to mpu6050.o(i.MPU6050_Data_Prepare) for MPU6050_Data_Prepare
    main.o(i.rgb565_test) refers to main.o(i.IMUupdate) for IMUupdate
    main.o(i.rgb565_test) refers to ddiv.o(x$fpl$ddiv) for __aeabi_ddiv
    main.o(i.rgb565_test) refers to d2f.o(x$fpl$d2f) for __aeabi_d2f
    main.o(i.rgb565_test) refers to dmul.o(x$fpl$dmul) for __aeabi_dmul
    main.o(i.rgb565_test) refers to rt_memcpy_w.o(.text) for __aeabi_memcpy4
    main.o(i.rgb565_test) refers to main.o(.bss) for jpeg_buf
    main.o(i.rgb565_test) refers to main.o(.data) for en_camera
    main.o(i.rgb565_test) refers to usart.o(.bss) for SendBuff2
    main.o(i.rgb565_test) refers to mpu6050.o(.bss) for mpu6050_fc
    main.o(i.rgb565_test) refers to timer.o(.data) for K_acc_flt
    main.o(i.rgb565_test) refers to timer.o(.bss) for acc_flt
[...]
    __rt_lib_shutdown_heap_1                 0x08000247   Thumb Code     0  libshutdown2.o(.ARM.Collect$$libshutdown$$0000000F)
    __rt_lib_shutdown_return                 0x08000247   Thumb Code     0  libshutdown2.o(.ARM.Collect$$libshutdown$$00000010)
    __rt_lib_shutdown_signal_1               0x08000247   Thumb Code     0  libshutdown2.o(.ARM.Collect$$libshutdown$$0000000A)
    __rt_lib_shutdown_stdio_1                0x08000247   Thumb Code     0  libshutdown2.o(.ARM.Collect$$libshutdown$$00000004)
    __rt_lib_shutdown_user_alloc_1           0x08000247   Thumb Code     0  libshutdown2.o(.ARM.Collect$$libshutdown$$0000000C)
    __rt_entry                               0x08000249   Thumb Code     0  __rtentry.o(.ARM.Collect$$rtentry$$00000000)
    __rt_entry_presh_1                       0x08000249   Thumb Code     0  __rtentry2.o(.ARM.Collect$$rtentry$$00000002)
    __rt_entry_sh                            0x08000249   Thumb Code     0  __rtentry4.o(.ARM.Collect$$rtentry$$00000004)
    __rt_entry_li                            0x0800024f   Thumb Code     0  __rtentry2.o(.ARM.Collect$$rtentry$$0000000A)
    __rt_entry_postsh_1                      0x0800024f   Thumb Code     0  __rtentry2.o(.ARM.Collect$$rtentry$$00000009)
    __rt_entry_main                          0x08000253   Thumb Code     0  __rtentry2.o(.ARM.Collect$$rtentry$$0000000D)
    __rt_entry_postli_1                      0x08000253   Thumb Code     0  __rtentry2.o(.ARM.Collect$$rtentry$$0000000C)
    __rt_exit                                0x0800025b   Thumb Code     0  rtexit.o(.ARM.Collect$$rtexit$$00000000)
    __rt_exit_ls                             0x0800025d   Thumb Code     0  rtexit2.o(.ARM.Collect$$rtexit$$00000003)
    __rt_exit_prels_1                        0x0800025d   Thumb Code     0  rtexit2.o(.ARM.Collect$$rtexit$$00000002)
    __rt_exit_exit                           0x08000261   Thumb Code     0  rtexit2.o(.ARM.Collect$$rtexit$$00000004)
    Reset_Handler                            0x08000269   Thumb Code     8  startup_stm32f40_41xxx.o(.text)
    ADC_IRQHandler                           0x08000283   Thumb Code     0  startup_stm32f40_41xxx.o(.text)
    CAN1_RX0_IRQHandler                      0x08000283   Thumb Code     0  startup_stm32f40_41xxx.o(.text)
    CAN1_RX1_IRQHandler                      0x08000283   Thumb Code     0  startup_stm32f40_41xxx.o(.text)
    CAN1_SCE_IRQHandler                      0x08000283   Thumb Code     0  startup_stm32f40_41xxx.o(.text)
    CAN1_TX_IRQHandler                       0x08000283   Thumb Code     0  startup_stm32f40_41xxx.o(.text)
    CAN2_RX0_IRQHandler                      0x08000283   Thumb Code     0  startup_stm32f40_41xxx.o(.text)
    CAN2_RX1_IRQHandler                      0x08000283   Thumb Code     0  startup_stm32f40_41xxx.o(.text)
    CAN2_SCE_IRQHandler                      0x08000283   Thumb Code     0  startup_stm32f40_41xxx.o(.text)
    CAN2_TX_IRQHandler                       0x08000283   Thumb Code     0  startup_stm32f40_41xxx.o(.text)
    CRYP_IRQHandler                          0x08000283   Thumb Code     0  startup_stm32f40_41xxx.o(.text)
    DMA1_Stream0_IRQHandler                  0x08000283   Thumb Code     0  startup_stm32f40_41xxx.o(.text)
    DMA1_Stream1_IRQHandler                  0x08000283   Thumb Code     0  startup_stm32f40_41xxx.o(.text)
    DMA1_Stream2_IRQHandler                  0x08000283   Thumb Code     0  startup_stm32f40_41xxx.o(.text)
    DMA1_Stream3_IRQHandler                  0x08000283   Thumb Code     0  startup_stm32f40_41xxx.o(.text)
    DMA1_Stream4_IRQHandler                  0x08000283   Thumb Code     0  startup_stm32f40_41xxx.o(.text)
    DMA1_Stream5_IRQHandler                  0x08000283   Thumb Code     0  startup_stm32f40_41xxx.o(.text)
    DMA1_Stream6_IRQHandler                  0x08000283   Thumb Code     0  startup_stm32f40_41xxx.o(.text)
    DMA1_Stream7_IRQHandler                  0x08000283   Thumb Code     0  startup_stm32f40_41xxx.o(.text)
    DMA2_Stream0_IRQHandler                  0x08000283   Thumb Code     0  startup_stm32f40_41xxx.o(.text)
    DMA2_Stream1_IRQHandler                  0x08000283   Thumb Code     0  startup_stm32f40_41xxx.o(.text)
    DMA2_Stream2_IRQHandler                  0x08000283   Thumb Code     0  startup_stm32f40_41xxx.o(.text)
    DMA2_Stream3_IRQHandler                  0x08000283   Thumb Code     0  startup_stm32f40_41xxx.o(.text)
    DMA2_Stream4_IRQHandler                  0x08000283   Thumb Code     0  startup_stm32f40_41xxx.o(.text)
    DMA2_Stream5_IRQHandler                  0x08000283   Thumb Code     0  startup_stm32f40_41xxx.o(.text)
    DMA2_Stream6_IRQHandler                  0x08000283   Thumb Code     0  startup_stm32f40_41xxx.o(.text)
    DMA2_Stream7_IRQHandler                  0x08000283   Thumb Code     0  startup_stm32f40_41xxx.o(.text)
    ETH_IRQHandler                           0x08000283   Thumb Code     0  startup_stm32f40_41xxx.o(.text)
    ETH_WKUP_IRQHandler                      0x08000283   Thumb Code     0  startup_stm32f40_41xxx.o(.text)
    EXTI0_IRQHandler                         0x08000283   Thumb Code     0  startup_stm32f40_41xxx.o(.text)
    EXTI15_10_IRQHandler                     0x08000283   Thumb Code     0  startup_stm32f40_41xxx.o(.text)
    EXTI1_IRQHandler                         0x08000283   Thumb Code     0  startup_stm32f40_41xxx.o(.text)
    EXTI2_IRQHandler                         0x08000283   Thumb Code     0  startup_stm32f40_41xxx.o(.text)
    EXTI3_IRQHandler                         0x08000283   Thumb Code     0  startup_stm32f40_41xxx.o(.text)
    EXTI4_IRQHandler                         0x08000283   Thumb Code     0  startup_stm32f40_41xxx.o(.text)
    EXTI9_5_IRQHandler                       0x08000283   Thumb Code     0  startup_stm32f40_41xxx.o(.text)
    FLASH_IRQHandler                         0x08000283   Thumb Code     0  startup_stm32f40_41xxx.o(.text)
    FPU_IRQHandler                           0x08000283   Thumb Code     0  startup_stm32f40_41xxx.o(.text)
    FSMC_IRQHandler                          0x08000283   Thumb Code     0  startup_stm32f40_41xxx.o(.text)
    HASH_RNG_IRQHandler                      0x08000283   Thumb Code     0  startup_stm32f40_41xxx.o(.text)
    I2C1_ER_IRQHandler                       0x08000283   Thumb Code     0  startup_stm32f40_41xxx.o(.text)
    I2C1_EV_IRQHandler                       0x08000283   Thumb Code     0  startup_stm32f40_41xxx.o(.text)
    I2C2_ER_IRQHandler                       0x08000283   Thumb Code     0  startup_stm32f40_41xxx.o(.text)
    I2C2_EV_IRQHandler                       0x08000283   Thumb Code     0  startup_stm32f40_41xxx.o(.text)
    I2C3_ER_IRQHandler                       0x08000283   Thumb Code     0  startup_stm32f40_41xxx.o(.text)
    I2C3_EV_IRQHandler                       0x08000283   Thumb Code     0  startup_stm32f40_41xxx.o(.text)
    OTG_FS_IRQHandler                        0x08000283   Thumb Code     0  startup_stm32f40_41xxx.o(.text)
    OTG_FS_WKUP_IRQHandler                   0x08000283   Thumb Code     0  startup_stm32f40_41xxx.o(.text)
    OTG_HS_EP1_IN_IRQHandler                 0x08000283   Thumb Code     0  startup_stm32f40_41xxx.o(.text)
    OTG_HS_EP1_OUT_IRQHandler                0x08000283   Thumb Code     0  startup_stm32f40_41xxx.o(.text)
    OTG_HS_IRQHandler                        0x08000283   Thumb Code     0  startup_stm32f40_41xxx.o(.text)
    OTG_HS_WKUP_IRQHandler                   0x08000283   Thumb Code     0  startup_stm32f40_41xxx.o(.text)
    PVD_IRQHandler                           0x08000283   Thumb Code     0  startup_stm32f40_41xxx.o(.text)
    RCC_IRQHandler                           0x08000283   Thumb Code     0  startup_stm32f40_41xxx.o(.text)
    RTC_Alarm_IRQHandler                     0x08000283   Thumb Code     0  startup_stm32f40_41xxx.o(.text)
    RTC_WKUP_IRQHandler                      0x08000283   Thumb Code     0  startup_stm32f40_41xxx.o(.text)
    SDIO_IRQHandler                          0x08000283   Thumb Code     0  startup_stm32f40_41xxx.o(.text)
    SPI1_IRQHandler                          0x08000283   Thumb Code     0  startup_stm32f40_41xxx.o(.text)
    SPI2_IRQHandler                          0x08000283   Thumb Code     0  startup_stm32f40_41xxx.o(.text)
    SPI3_IRQHandler                          0x08000283   Thumb Code     0  startup_stm32f40_41xxx.o(.text)
    TAMP_STAMP_IRQHandler                    0x08000283   Thumb Code     0  startup_stm32f40_41xxx.o(.text)
    TIM1_BRK_TIM9_IRQHandler                 0x08000283   Thumb Code     0  startup_stm32f40_41xxx.o(.text)
    TIM1_CC_IRQHandler                       0x08000283   Thumb Code     0  startup_stm32f40_41xxx.o(.text)
    TIM1_TRG_COM_TIM11_IRQHandler            0x08000283   Thumb Code     0  startup_stm32f40_41xxx.o(.text)
    TIM1_UP_TIM10_IRQHandler                 0x08000283   Thumb Code     0  startup_stm32f40_41xxx.o(.text)
    TIM2_IRQHandler                          0x08000283   Thumb Code     0  startup_stm32f40_41xxx.o(.text)
    TIM4_IRQHandler                          0x08000283   Thumb Code     0  startup_stm32f40_41xxx.o(.text)
    TIM5_IRQHandler                          0x08000283   Thumb Code     0  startup_stm32f40_41xxx.o(.text)
    TIM6_DAC_IRQHandler                      0x08000283   Thumb Code     0  startup_stm32f40_41xxx.o(.text)
    TIM7_IRQHandler                          0x08000283   Thumb Code     0  startup_stm32f40_41xxx.o(.text)
    TIM8_BRK_TIM12_IRQHandler                0x08000283   Thumb Code     0  startup_stm32f40_41xxx.o(.text)
    TIM8_CC_IRQHandler                       0x08000283   Thumb Code     0  startup_stm32f40_41xxx.o(.text)
    TIM8_TRG_COM_TIM14_IRQHandler            0x08000283   Thumb Code     0  startup_stm32f40_41xxx.o(.text)
    TIM8_UP_TIM13_IRQHandler                 0x08000283   Thumb Code     0  startup_stm32f40_41xxx.o(.text)
    UART4_IRQHandler                         0x08000283   Thumb Code     0  startup_stm32f40_41xxx.o(.text)
    UART5_IRQHandler                         0x08000283   Thumb Code     0  startup_stm32f40_41xxx.o(.text)
    USART2_IRQHandler                        0x08000283   Thumb Code     0  startup_stm32f40_41xxx.o(.text)
    USART3_IRQHandler                        0x08000283   Thumb Code     0  startup_stm32f40_41xxx.o(.text)
    USART6_IRQHandler                        0x08000283   Thumb Code     0  startup_stm32f40_41xxx.o(.text)
    WWDG_IRQHandler                          0x08000283   Thumb Code     0  startup_stm32f40_41xxx.o(.text)
    __user_initial_stackheap                 0x08000285   Thumb Code     0  startup_stm32f40_41xxx.o(.text)
    __use_no_semihosting                     0x080002a9   Thumb Code     2  use_no_semi_2.o(.text)
    __aeabi_memcpy                           0x080002ab   Thumb Code     0  rt_memcpy_v6.o(.text)
    __rt_memcpy                              0x080002ab   Thumb Code   138  rt_memcpy_v6.o(.text)
    _memcpy_lastbytes                        0x08000311   Thumb Code     0  rt_memcpy_v6.o(.text)
    __aeabi_memcpy4                          0x08000335   Thumb Code     0  rt_memcpy_w.o(.text)
    __aeabi_memcpy8                          0x08000335   Thumb Code     0  rt_memcpy_w.o(.text)
    __rt_memcpy_w                            0x08000335   Thumb Code   100  rt_memcpy_w.o(.text)
    _memcpy_lastbytes_aligned                0x0800037d   Thumb Code     0  rt_memcpy_w.o(.text)
    __aeabi_memclr                           0x08000399   Thumb Code     0  rt_memclr.o(.text)
    __rt_memclr                              0x08000399   Thumb Code    68  rt_memclr.o(.text)
    _memset                                  0x0800039d   Thumb Code     0  rt_memclr.o(.text)
    __aeabi_memclr4                          0x080003dd   Thumb Code     0  rt_memclr_w.o(.text)
    __aeabi_memclr8                          0x080003dd   Thumb Code     0  rt_memclr_w.o(.text)
    __rt_memclr_w                            0x080003dd   Thumb Code    78  rt_memclr_w.o(.text)
    _memset_w                                0x080003e1   Thumb Code     0  rt_memclr_w.o(.text)
    __use_two_region_memory                  0x0800042b   Thumb Code     2  heapauxi.o(.text)
    __rt_heap_escrow$2region                 0x0800042d   Thumb Code     2  heapauxi.o(.text)
    __rt_heap_expand$2region                 0x0800042f   Thumb Code     2  heapauxi.o(.text)
    __I$use$semihosting                      0x08000431   Thumb Code     0  use_no_semi.o(.text)
    __use_no_semihosting_swi                 0x08000431   Thumb Code     2  use_no_semi.o(.text)
    __read_errno                             0x08000433   Thumb Code    10  _rserrno.o(.text)
    __set_errno                              0x0800043d   Thumb Code    12  _rserrno.o(.text)
    __aeabi_errno_addr                       0x08000449   Thumb Code     8  rt_errno_addr_intlibspace.o(.text)
    __errno$intlibspace                      0x08000449   Thumb Code     0  rt_errno_addr_intlibspace.o(.text)
    __rt_errno_addr$intlibspace              0x08000449   Thumb Code     0  rt_errno_addr_intlibspace.o(.text)
    __user_libspace                          0x08000451   Thumb Code     8  libspace.o(.text)
    __user_perproc_libspace                  0x08000451   Thumb Code     0  libspace.o(.text)
    __user_perthread_libspace                0x08000451   Thumb Code     0  libspace.o(.text)
    __user_setup_stackheap                   0x08000459   Thumb Code    74  sys_stackheap_outer.o(.text)
    exit                                     0x080004a3   Thumb Code    18  exit.o(.text)
    BusFault_Handler                         0x080004b5   Thumb Code     4  stm32f4xx_it.o(i.BusFault_Handler)
    Compression                              0x080004b9   Thumb Code    96  jpg_code.o(i.Compression)
    Cycle_Time_Init                          0x08000525   Thumb Code    22  delay.o(i.Cycle_Time_Init)
    DCMI_CaptureCmd                          0x0800053d   Thumb Code    30  stm32f4xx_dcmi.o(i.DCMI_CaptureCmd)
    DCMI_ClearITPendingBit                   0x08000561   Thumb Code     6  stm32f4xx_dcmi.o(i.DCMI_ClearITPendingBit)
    DCMI_Cmd                                 0x0800056d   Thumb Code    30  stm32f4xx_dcmi.o(i.DCMI_Cmd)
    DCMI_DMA_Init                            0x08000591   Thumb Code    94  dcmi.o(i.DCMI_DMA_Init)
    DCMI_DeInit                              0x080005f9   Thumb Code    24  stm32f4xx_dcmi.o(i.DCMI_DeInit)
    DCMI_GetITStatus                         0x08000615   Thumb Code    24  stm32f4xx_dcmi.o(i.DCMI_GetITStatus)
    DCMI_IRQHandler                          0x08000631   Thumb Code    50  dcmi.o(i.DCMI_IRQHandler)
    DCMI_ITConfig                            0x0800066d   Thumb Code    30  stm32f4xx_dcmi.o(i.DCMI_ITConfig)
    DCMI_Init                                0x08000691   Thumb Code    60  stm32f4xx_dcmi.o(i.DCMI_Init)
    DCMI_Start                               0x080006d1   Thumb Code    18  dcmi.o(i.DCMI_Start)
    DCMI_Stop                                0x080006e9   Thumb Code    32  dcmi.o(i.DCMI_Stop)
    DMA_ClearFlag                            0x08000711   Thumb Code    38  stm32f4xx_dma.o(i.DMA_ClearFlag)
    DMA_Cmd                                  0x08000745   Thumb Code    22  stm32f4xx_dma.o(i.DMA_Cmd)
    DMA_DeInit                               0x0800075d   Thumb Code   324  stm32f4xx_dma.o(i.DMA_DeInit)
    DMA_GetCmdStatus                         0x080008b5   Thumb Code    20  stm32f4xx_dma.o(i.DMA_GetCmdStatus)
    DMA_GetCurrDataCounter                   0x080008c9   Thumb Code     8  stm32f4xx_dma.o(i.DMA_GetCurrDataCounter)
    DMA_GetFlagStatus                        0x080008d1   Thumb Code    54  stm32f4xx_dma.o(i.DMA_GetFlagStatus)
    DMA_Init                                 0x08000915   Thumb Code    82  stm32f4xx_dma.o(i.DMA_Init)
    DMA_SetCurrDataCounter                   0x0800096d   Thumb Code     4  stm32f4xx_dma.o(i.DMA_SetCurrDataCounter)
    DebugMon_Handler                         0x08000971   Thumb Code     2  stm32f4xx_it.o(i.DebugMon_Handler)
    GPIO_Init                                0x08000973   Thumb Code   144  stm32f4xx_gpio.o(i.GPIO_Init)
    GPIO_PinAFConfig                         0x08000a03   Thumb Code    70  stm32f4xx_gpio.o(i.GPIO_PinAFConfig)
    GPIO_SetBits                             0x08000a49   Thumb Code     4  stm32f4xx_gpio.o(i.GPIO_SetBits)
    GRAY_RGB                                 0x08000a4d   Thumb Code    24  flow.o(i.GRAY_RGB)
    Get_Cycle_T                              0x08000a65   Thumb Code   118  delay.o(i.Get_Cycle_T)
    HardFault_Handler                        0x08000ae1   Thumb Code     4  stm32f4xx_it.o(i.HardFault_Handler)
    I2c_Soft_Ask                             0x08000ae5   Thumb Code    54  i2c_soft.o(i.I2c_Soft_Ask)
    I2c_Soft_Init                            0x08000b21   Thumb Code    48  i2c_soft.o(i.I2c_Soft_Init)
    I2c_Soft_NoAsk                           0x08000b55   Thumb Code    56  i2c_soft.o(i.I2c_Soft_NoAsk)
    I2c_Soft_ReadByte                        0x08000b91   Thumb Code    98  i2c_soft.o(i.I2c_Soft_ReadByte)
    I2c_Soft_SendByte                        0x08000bf9   Thumb Code    88  i2c_soft.o(i.I2c_Soft_SendByte)
    I2c_Soft_Start                           0x08000c55   Thumb Code    90  i2c_soft.o(i.I2c_Soft_Start)
    I2c_Soft_Stop                            0x08000cb5   Thumb Code    56  i2c_soft.o(i.I2c_Soft_Stop)
    I2c_Soft_WaitAsk                         0x08000cf1   Thumb Code    92  i2c_soft.o(i.I2c_Soft_WaitAsk)
    I2c_Soft_delay                           0x08000d51   Thumb Code    42  i2c_soft.o(i.I2c_Soft_delay)
    IIC_Read_nByte                           0x08000d81   Thumb Code   108  i2c_soft.o(i.IIC_Read_nByte)
    IIC_Write_1Byte                          0x08000ded   Thumb Code    62  i2c_soft.o(i.IIC_Write_1Byte)
    IICwriteBit                              0x08000e2d   Thumb Code    78  mpu6050.o(i.IICwriteBit)
    IICwriteBits                             0x08000e81   Thumb Code   102  mpu6050.o(i.IICwriteBits)
    IMUupdate                                0x08000ee9   Thumb Code  1970  main.o(i.IMUupdate)
    Initial_Timer5                           0x080016bd   Thumb Code    66  delay.o(i.Initial_Timer5)
    KEY_Init                                 0x08001709   Thumb Code    60  key.o(i.KEY_Init)
    KF_OLDX_NAV                              0x0800174d   Thumb Code  2900  kf_oldx_nav.o(i.KF_OLDX_NAV)
    LED_Init                                 0x080022a5   Thumb Code    56  led.o(i.LED_Init)
    MPU6050_Data_Offset                      0x080022e1   Thumb Code   562  mpu6050.o(i.MPU6050_Data_Offset)
    MPU6050_Data_Prepare                     0x08002535   Thumb Code  1166  mpu6050.o(i.MPU6050_Data_Prepare)
    MPU6050_INT_Config                       0x080029cd   Thumb Code    56  mpu6050.o(i.MPU6050_INT_Config)
    MPU6050_Init                             0x08002a09   Thumb Code   184  mpu6050.o(i.MPU6050_Init)
    MPU6050_Read                             0x08002ac1   Thumb Code    42  mpu6050.o(i.MPU6050_Read)
    MPU6050_setClockSource                   0x08002af5   Thumb Code    20  mpu6050.o(i.MPU6050_setClockSource)
    MPU6050_setDLPF                          0x08002b09   Thumb Code    20  mpu6050.o(i.MPU6050_setDLPF)
    MPU6050_setFullScaleAccelRange           0x08002b1d   Thumb Code    36  mpu6050.o(i.MPU6050_setFullScaleAccelRange)
    MPU6050_setFullScaleGyroRange            0x08002b41   Thumb Code    36  mpu6050.o(i.MPU6050_setFullScaleGyroRange)
    MPU6050_setI2CBypassEnabled              0x08002b65   Thumb Code    18  mpu6050.o(i.MPU6050_setI2CBypassEnabled)
    MPU6050_setI2CMasterModeEnabled          0x08002b77   Thumb Code    18  mpu6050.o(i.MPU6050_setI2CMasterModeEnabled)
    MPU6050_setSleepEnabled                  0x08002b89   Thumb Code    18  mpu6050.o(i.MPU6050_setSleepEnabled)
    MPU6050_set_SMPLRT_DIV                   0x08002b9b   Thumb Code    28  mpu6050.o(i.MPU6050_set_SMPLRT_DIV)
    MYDMA_Config                             0x08002bb9   Thumb Code   184  dma.o(i.MYDMA_Config)
    MYDMA_Enable                             0x08002c75   Thumb Code    44  dma.o(i.MYDMA_Enable)
    MemManage_Handler                        0x08002ca1   Thumb Code     4  stm32f4xx_it.o(i.MemManage_Handler)
    My_DCMI_Init                             0x08002ca5   Thumb Code   282  dcmi.o(i.My_DCMI_Init)
    NMI_Handler                              0x08002dd5   Thumb Code     2  stm32f4xx_it.o(i.NMI_Handler)
    NVIC_Init                                0x08002dd9   Thumb Code   106  misc.o(i.NVIC_Init)
    NVIC_PriorityGroupConfig                 0x08002e51   Thumb Code    10  misc.o(i.NVIC_PriorityGroupConfig)
    OV5640_Brightness                        0x08002e65   Thumb Code    90  ov5640.o(i.OV5640_Brightness)
    OV5640_Color_Saturation                  0x08002ec1   Thumb Code   120  ov5640.o(i.OV5640_Color_Saturation)
    OV5640_Contrast                          0x08002f3d   Thumb Code   120  ov5640.o(i.OV5640_Contrast)
    OV5640_Focus_Constant                    0x08002fb5   Thumb Code   124  ov5640.o(i.OV5640_Focus_Constant)
    OV5640_Focus_Init                        0x08003031   Thumb Code   180  ov5640.o(i.OV5640_Focus_Init)
    OV5640_Init                              0x080030e9   Thumb Code   242  ov5640.o(i.OV5640_Init)
    OV5640_Light_Mode                        0x080031f1   Thumb Code    66  ov5640.o(i.OV5640_Light_Mode)
    OV5640_OutSize_Set                       0x08003239   Thumb Code   128  ov5640.o(i.OV5640_OutSize_Set)
    OV5640_RD_Reg                            0x080032b9   Thumb Code    60  ov5640.o(i.OV5640_RD_Reg)
    OV5640_RGB565_Mode                       0x080032f5   Thumb Code    36  ov5640.o(i.OV5640_RGB565_Mode)
    OV5640_Sharpness                         0x0800331d   Thumb Code   122  ov5640.o(i.OV5640_Sharpness)
    OV5640_WR_Reg                            0x08003397   Thumb Code    60  ov5640.o(i.OV5640_WR_Reg)
    PendSV_Handler                           0x080033d3   Thumb Code     2  stm32f4xx_it.o(i.PendSV_Handler)
    RCC_AHB1PeriphClockCmd                   0x080033d5   Thumb Code    26  stm32f4xx_rcc.o(i.RCC_AHB1PeriphClockCmd)
    RCC_AHB2PeriphClockCmd                   0x080033f5   Thumb Code    26  stm32f4xx_rcc.o(i.RCC_AHB2PeriphClockCmd)
    RCC_APB1PeriphClockCmd                   0x08003415   Thumb Code    26  stm32f4xx_rcc.o(i.RCC_APB1PeriphClockCmd)
    RCC_APB1PeriphResetCmd                   0x08003435   Thumb Code    26  stm32f4xx_rcc.o(i.RCC_APB1PeriphResetCmd)
    RCC_APB2PeriphClockCmd                   0x08003455   Thumb Code    26  stm32f4xx_rcc.o(i.RCC_APB2PeriphClockCmd)
    RCC_GetClocksFreq                        0x08003475   Thumb Code   214  stm32f4xx_rcc.o(i.RCC_GetClocksFreq)
    READ_PARM                                0x0800355d   Thumb Code   190  flash_w25.o(i.READ_PARM)
    RGB565TORGB24                            0x08003629   Thumb Code    74  jpg_code.o(i.RGB565TORGB24)
    RGB_GRAY_16                              0x08003679   Thumb Code    66  flow.o(i.RGB_GRAY_16)
    SCCB_Init                                0x080036c1   Thumb Code    78  sccb.o(i.SCCB_Init)
    SCCB_No_Ack                              0x08003715   Thumb Code    56  sccb.o(i.SCCB_No_Ack)
    SCCB_RD_Byte                             0x08003755   Thumb Code   100  sccb.o(i.SCCB_RD_Byte)
    SCCB_Start                               0x080037c5   Thumb Code    42  sccb.o(i.SCCB_Start)
    SCCB_Stop                                0x080037f9   Thumb Code    42  sccb.o(i.SCCB_Stop)
    SCCB_WR_Byte                             0x0800382d   Thumb Code   154  sccb.o(i.SCCB_WR_Byte)
    SPI1_Init                                0x080038d5   Thumb Code   188  flash_w25.o(i.SPI1_Init)
    SPI1_ReadWriteByte                       0x08003999   Thumb Code    50  flash_w25.o(i.SPI1_ReadWriteByte)
    SPI1_SetSpeed                            0x080039d1   Thumb Code    36  flash_w25.o(i.SPI1_SetSpeed)
    SPI_Cmd                                  0x080039f9   Thumb Code    24  stm32f4xx_spi.o(i.SPI_Cmd)
    SPI_I2S_GetFlagStatus                    0x08003a11   Thumb Code    18  stm32f4xx_spi.o(i.SPI_I2S_GetFlagStatus)
    SPI_I2S_ReceiveData                      0x08003a23   Thumb Code     6  stm32f4xx_spi.o(i.SPI_I2S_ReceiveData)
    SPI_I2S_SendData                         0x08003a29   Thumb Code     4  stm32f4xx_spi.o(i.SPI_I2S_SendData)
    SPI_Init                                 0x08003a2d   Thumb Code    60  stm32f4xx_spi.o(i.SPI_Init)
    SVC_Handler                              0x08003a69   Thumb Code     2  stm32f4xx_it.o(i.SVC_Handler)
    SysTick_CLKSourceConfig                  0x08003b59   Thumb Code    40  misc.o(i.SysTick_CLKSourceConfig)
    SysTick_Handler                          0x08003b81   Thumb Code     2  stm32f4xx_it.o(i.SysTick_Handler)
    SystemInit                               0x08003b85   Thumb Code    88  system_stm32f4xx.o(i.SystemInit)
    TIM3_IRQHandler                          0x08003bed   Thumb Code   128  timer.o(i.TIM3_IRQHandler)
    TIM3_Int_Init                            0x08003c81   Thumb Code    88  timer.o(i.TIM3_Int_Init)
    TIM_ClearITPendingBit                    0x08003cdd   Thumb Code     6  stm32f4xx_tim.o(i.TIM_ClearITPendingBit)
    TIM_Cmd                                  0x08003ce3   Thumb Code    24  stm32f4xx_tim.o(i.TIM_Cmd)
    TIM_GetITStatus                          0x08003cfb   Thumb Code    34  stm32f4xx_tim.o(i.TIM_GetITStatus)
    TIM_ITConfig                             0x08003d1d   Thumb Code    18  stm32f4xx_tim.o(i.TIM_ITConfig)
    TIM_TimeBaseInit                         0x08003d31   Thumb Code   104  stm32f4xx_tim.o(i.TIM_TimeBaseInit)
    Transform                                0x08003db5   Thumb Code    14  mpu6050.o(i.Transform)
    USART1_IRQHandler                        0x08003dc5   Thumb Code   122  usart.o(i.USART1_IRQHandler)
    USART_Cmd                                0x08003e4d   Thumb Code    24  stm32f4xx_usart.o(i.USART_Cmd)
    USART_DMACmd                             0x08003e65   Thumb Code    18  stm32f4xx_usart.o(i.USART_DMACmd)
    USART_GetITStatus                        0x08003e77   Thumb Code    84  stm32f4xx_usart.o(i.USART_GetITStatus)
    USART_ITConfig                           0x08003ecb   Thumb Code    74  stm32f4xx_usart.o(i.USART_ITConfig)
    USART_Init                               0x08003f15   Thumb Code   204  stm32f4xx_usart.o(i.USART_Init)
    USART_ReceiveData                        0x08003fe9   Thumb Code    10  stm32f4xx_usart.o(i.USART_ReceiveData)
    UsageFault_Handler                       0x08003ff3   Thumb Code     4  stm32f4xx_it.o(i.UsageFault_Handler)
    W25QXX_Erase_Sector                      0x08003ff9   Thumb Code    62  flash_w25.o(i.W25QXX_Erase_Sector)
    W25QXX_Init                              0x08004041   Thumb Code    74  flash_w25.o(i.W25QXX_Init)
    W25QXX_Read                              0x08004099   Thumb Code    74  flash_w25.o(i.W25QXX_Read)
    W25QXX_ReadID                            0x080040e9   Thumb Code    64  flash_w25.o(i.W25QXX_ReadID)
    W25QXX_ReadSR                            0x08004131   Thumb Code    36  flash_w25.o(i.W25QXX_ReadSR)
    W25QXX_Wait_Busy                         0x0800415d   Thumb Code    18  flash_w25.o(i.W25QXX_Wait_Busy)
    W25QXX_Write                             0x08004171   Thumb Code   180  flash_w25.o(i.W25QXX_Write)
    W25QXX_Write_Enable                      0x08004229   Thumb Code    24  flash_w25.o(i.W25QXX_Write_Enable)
    W25QXX_Write_NoCheck                     0x08004249   Thumb Code    70  flash_w25.o(i.W25QXX_Write_NoCheck)
    W25QXX_Write_Page                        0x08004291   Thumb Code    80  flash_w25.o(i.W25QXX_Write_Page)
    WRITE_PARM                               0x080042e5   Thumb Code   278  flash_w25.o(i.WRITE_PARM)
    __ARM_fpclassify                         0x08004409   Thumb Code    48  fpclassify.o(i.__ARM_fpclassify)
    __hardfp_asin                            0x08004439   Thumb Code   770  asin.o(i.__hardfp_asin)
    __hardfp_fabs                            0x08004799   Thumb Code    20  fabs.o(i.__hardfp_fabs)
    __hardfp_floor                           0x080047b1   Thumb Code   252  floor.o(i.__hardfp_floor)
    __hardfp_pow                             0x080048c9   Thumb Code  3072  pow.o(i.__hardfp_pow)
    __hardfp_sqrt                            0x08005519   Thumb Code   122  sqrt.o(i.__hardfp_sqrt)
    __kernel_poly                            0x08005593   Thumb Code   248  poly.o(i.__kernel_poly)
    __mathlib_dbl_divzero                    0x08005691   Thumb Code    28  dunder.o(i.__mathlib_dbl_divzero)
    __mathlib_dbl_infnan                     0x080056c1   Thumb Code    20  dunder.o(i.__mathlib_dbl_infnan)
    __mathlib_dbl_infnan2                    0x080056d5   Thumb Code    20  dunder.o(i.__mathlib_dbl_infnan2)
    __mathlib_dbl_invalid                    0x080056e9   Thumb Code    24  dunder.o(i.__mathlib_dbl_invalid)
    __mathlib_dbl_overflow                   0x08005709   Thumb Code    24  dunder.o(i.__mathlib_dbl_overflow)
    __mathlib_dbl_underflow                  0x08005729   Thumb Code    24  dunder.o(i.__mathlib_dbl_underflow)
    _sys_exit                                0x08005749   Thumb Code     6  usart.o(i._sys_exit)
    bit_num                                  0x0800574f   Thumb Code    38  jchuff.o(i.bit_num)
    compute_flow                             0x08005921   Thumb Code  2216  flow.o(i.compute_flow)
    data_per_uart1                           0x08006759   Thumb Code  1942  usart.o(i.data_per_uart1)
    delay_init                               0x08006efd   Thumb Code    52  delay.o(i.delay_init)
    delay_ms                                 0x08006f39   Thumb Code    56  delay.o(i.delay_ms)
    delay_us                                 0x08006f71   Thumb Code    72  delay.o(i.delay_us)
    delay_xms                                0x08006fbd   Thumb Code    72  delay.o(i.delay_xms)
    dsp_fdct_8x8                             0x08007009   Thumb Code  1636  dct.o(i.dsp_fdct_8x8)
    fabs                                     0x08007671   Thumb Code    24  fabs.o(i.fabs)
    fast_atan2                               0x08007689   Thumb Code   350  mymath.o(i.fast_atan2)
    flow_pertreatment_oldx                   0x08007805   Thumb Code   942  flow_s.o(i.flow_pertreatment_oldx)
    flow_task                                0x08007bc9   Thumb Code    76  flow.o(i.flow_task)
    jhuff_encode_one_block                   0x08008285   Thumb Code   200  jchuff.o(i.jhuff_encode_one_block)
    jhuff_flush_buffer                       0x0800834d   Thumb Code   118  jchuff.o(i.jhuff_flush_buffer)
    jhuff_write_bits                         0x080083cd   Thumb Code   124  jchuff.o(i.jhuff_write_bits)
    jint_add_huff_table                      0x08008451   Thumb Code   160  jcint.o(i.jint_add_huff_table)
    jint_add_quant_table                     0x080084f5   Thumb Code   116  jcint.o(i.jint_add_quant_table)
    jint_calc_huff_tbl                       0x08008575   Thumb Code   172  jcint.o(i.jint_calc_huff_tbl)
    jint_process_mcu                         0x08008629   Thumb Code   350  jcint.o(i.jint_process_mcu)
    jint_process_rows                        0x08008795   Thumb Code   320  jcint.o(i.jint_process_rows)
    jint_std_huff_tables                     0x080088d5   Thumb Code    70  jcint.o(i.jint_std_huff_tables)
    jint_std_quant_tables                    0x0800893d   Thumb Code    68  jcint.o(i.jint_std_quant_tables)
    jmkr_write_end                           0x08008985   Thumb Code    12  jcmarker.o(i.jmkr_write_end)
    jmkr_write_frame_head                    0x08008991   Thumb Code   220  jcmarker.o(i.jmkr_write_frame_head)
    jmkr_write_huff_table                    0x08008a6d   Thumb Code   322  jcmarker.o(i.jmkr_write_huff_table)
    jmkr_write_image_end                     0x08008baf   Thumb Code    22  jcmarker.o(i.jmkr_write_image_end)
    jmkr_write_image_start                   0x08008bc5   Thumb Code    22  jcmarker.o(i.jmkr_write_image_start)
    jmkr_write_jfif                          0x08008bdd   Thumb Code    26  jcmarker.o(i.jmkr_write_jfif)
    jmkr_write_quant_table                   0x08008bfd   Thumb Code   104  jcmarker.o(i.jmkr_write_quant_table)
    jmkr_write_scan_head                     0x08008c65   Thumb Code   170  jcmarker.o(i.jmkr_write_scan_head)
    jmkr_write_start                         0x08008d0f   Thumb Code    42  jcmarker.o(i.jmkr_write_start)
    jpeg_calc_value                          0x08008d39   Thumb Code   270  jcapi.o(i.jpeg_calc_value)
    jpeg_create_compress                     0x08008e51   Thumb Code    24  jcapi.o(i.jpeg_create_compress)
    jpeg_data_process                        0x08008e6d   Thumb Code   276  main.o(i.jpeg_data_process)
    jpeg_finish_compress                     0x08008fa5   Thumb Code   130  jcapi.o(i.jpeg_finish_compress)
    jpeg_set_default                         0x08009027   Thumb Code   118  jcapi.o(i.jpeg_set_default)
    jpeg_start_compress                      0x0800909d   Thumb Code    64  jcapi.o(i.jpeg_start_compress)
    jpeg_write_scanline                      0x080090dd   Thumb Code   180  jcapi.o(i.jpeg_write_scanline)
    jutl_cc_rgb2ycc                          0x08009191   Thumb Code   200  jutility.o(i.jutl_cc_rgb2ycc)
    jutl_write_byte                          0x08009279   Thumb Code    30  jutility.o(i.jutl_write_byte)
    jutl_zigzag_sort                         0x0800929d   Thumb Code    44  jutility.o(i.jutl_zigzag_sort)
    main                                     0x080092cd   Thumb Code   158  main.o(i.main)
    micros                                   0x08009375   Thumb Code     8  delay.o(i.micros)
    my_abs                                   0x08009381   Thumb Code    26  mymath.o(i.my_abs)
    my_sqrt                                  0x0800939d   Thumb Code    88  mymath.o(i.my_sqrt)
    read_xy_rgb                              0x080093f9   Thumb Code   130  flow.o(i.read_xy_rgb)
    rgb565_test                              0x08009481   Thumb Code  2996  main.o(i.rgb565_test)
    rtIsInf                                  0x0800a089   Thumb Code    66  rt_nonfinite.o(i.rtIsInf)
    rtIsNaN                                  0x0800a0d5   Thumb Code    40  rt_nonfinite.o(i.rtIsNaN)
    sqrt                                     0x0800a34d   Thumb Code   110  sqrt.o(i.sqrt)
    uart_init                                0x0800a3bd   Thumb Code   164  usart.o(i.uart_init)
    uart_init2                               0x0800a469   Thumb Code   122  usart.o(i.uart_init2)
    __aeabi_dneg                             0x0800a4ed   Thumb Code     0  basic.o(x$fpl$basic)
    _dneg                                    0x0800a4ed   Thumb Code     6  basic.o(x$fpl$basic)
    __aeabi_fneg                             0x0800a4f3   Thumb Code     0  basic.o(x$fpl$basic)
    _fneg                                    0x0800a4f3   Thumb Code     6  basic.o(x$fpl$basic)
    _dabs                                    0x0800a4f9   Thumb Code     6  basic.o(x$fpl$basic)
    _fabs                                    0x0800a4ff   Thumb Code     6  basic.o(x$fpl$basic)
    __aeabi_d2f                              0x0800a505   Thumb Code     0  d2f.o(x$fpl$d2f)
    _d2f                                     0x0800a505   Thumb Code    98  d2f.o(x$fpl$d2f)
    __aeabi_dadd                             0x0800a569   Thumb Code     0  daddsub_clz.o(x$fpl$dadd)
    _dadd                                    0x0800a569   Thumb Code   332  daddsub_clz.o(x$fpl$dadd)
    __fpl_dcheck_NaN1                        0x0800a6b9   Thumb Code    10  dcheck1.o(x$fpl$dcheck1)
    __fpl_dcmp_Inf                           0x0800a6c9   Thumb Code    24  dcmpi.o(x$fpl$dcmpinf)
    __aeabi_ddiv                             0x0800a6e1   Thumb Code     0  ddiv.o(x$fpl$ddiv)
    _ddiv                                    0x0800a6e1   Thumb Code   552  ddiv.o(x$fpl$ddiv)
    __aeabi_cdcmpeq                          0x0800a991   Thumb Code     0  deqf.o(x$fpl$deqf)
    _dcmpeq                                  0x0800a991   Thumb Code   120  deqf.o(x$fpl$deqf)
    __aeabi_d2iz                             0x0800aa09   Thumb Code     0  dfix.o(x$fpl$dfix)
    _dfix                                    0x0800aa09   Thumb Code    94  dfix.o(x$fpl$dfix)
    __aeabi_d2uiz                            0x0800aa69   Thumb Code     0  dfixu.o(x$fpl$dfixu)
    _dfixu                                   0x0800aa69   Thumb Code    90  dfixu.o(x$fpl$dfixu)
    __aeabi_i2d                              0x0800aac3   Thumb Code     0  dflt_clz.o(x$fpl$dflt)
    _dflt                                    0x0800aac3   Thumb Code    46  dflt_clz.o(x$fpl$dflt)
    __aeabi_ui2d                             0x0800aaf1   Thumb Code     0  dflt_clz.o(x$fpl$dfltu)
    _dfltu                                   0x0800aaf1   Thumb Code    38  dflt_clz.o(x$fpl$dfltu)
    __aeabi_cdcmple                          0x0800ab19   Thumb Code     0  dleqf.o(x$fpl$dleqf)
    _dcmple                                  0x0800ab19   Thumb Code   120  dleqf.o(x$fpl$dleqf)
    __fpl_dcmple_InfNaN                      0x0800ab7b   Thumb Code     0  dleqf.o(x$fpl$dleqf)
    __aeabi_dmul                             0x0800ab91   Thumb Code     0  dmul.o(x$fpl$dmul)
    _dmul                                    0x0800ab91   Thumb Code   332  dmul.o(x$fpl$dmul)
    __fpl_dnaninf                            0x0800ace5   Thumb Code   156  dnaninf.o(x$fpl$dnaninf)
    __fpl_dretinf                            0x0800ad81   Thumb Code    12  dretinf.o(x$fpl$dretinf)
    __aeabi_cdrcmple                         0x0800ad8d   Thumb Code     0  drleqf.o(x$fpl$drleqf)
    _drcmple                                 0x0800ad8d   Thumb Code   108  drleqf.o(x$fpl$drleqf)
    __aeabi_drsub                            0x0800adf9   Thumb Code     0  daddsub_clz.o(x$fpl$drsb)
    _drsb                                    0x0800adf9   Thumb Code    22  daddsub_clz.o(x$fpl$drsb)
    _dsqrt                                   0x0800ae11   Thumb Code   404  dsqrt_umaal.o(x$fpl$dsqrt)
    __aeabi_dsub                             0x0800afa9   Thumb Code     0  daddsub_clz.o(x$fpl$dsub)
    _dsub                                    0x0800afa9   Thumb Code   464  daddsub_clz.o(x$fpl$dsub)
    __aeabi_f2d                              0x0800b17d   Thumb Code     0  f2d.o(x$fpl$f2d)
    _f2d                                     0x0800b17d   Thumb Code    86  f2d.o(x$fpl$f2d)
    __fpl_fnaninf                            0x0800b1d3   Thumb Code   140  fnaninf.o(x$fpl$fnaninf)
    _fp_init                                 0x0800b25f   Thumb Code    10  fpinit.o(x$fpl$fpinit)
    __fplib_config_fpu_vfp                   0x0800b267   Thumb Code     0  fpinit.o(x$fpl$fpinit)
    __fplib_config_pureend_doubles           0x0800b267   Thumb Code     0  fpinit.o(x$fpl$fpinit)
    __fpl_fretinf                            0x0800b269   Thumb Code    10  fretinf.o(x$fpl$fretinf)
    __fpl_return_NaN                         0x0800b273   Thumb Code   100  retnan.o(x$fpl$retnan)
    __ARM_scalbn                             0x0800b2d7   Thumb Code    92  scalbn.o(x$fpl$scalbn)
    __fpl_cmpreturn                          0x0800b333   Thumb Code    48  trapv.o(x$fpl$trapveneer)
    __I$use$fp                               0x0800b362   Number         0  usenofp.o(x$fpl$usenofp)
    OV5640_jpeg_reg_tbl                      0x0800b3f8   Data         164  ov5640.o(.constdata)
    ov5640_rgb565_reg_tbl                    0x0800b49c   Data         180  ov5640.o(.constdata)
    ov5640_rgb565_reg_tbl90                  0x0800b550   Data         980  ov5640.o(.constdata)
    ov5640_rgb565_reg_tbl60                  0x0800b924   Data         180  ov5640.o(.constdata)
    ov5640_init_reg_tbl                      0x0800b9d8   Data         828  ov5640.o(.constdata)
    OV5640_AF_Config                         0x0800bd14   Data        4077  ov5640.o(.constdata)
    __mathlib_zero                           0x0800d1a0   Data           8  qnan.o(.constdata)
    Region$$Table$$Base                      0x0800d1a8   Number         0  anon$$obj.o(Region$$Table)
    Region$$Table$$Limit                     0x0800d1c8   Number         0  anon$$obj.o(Region$$Table)
    Rol_fc                                   0x20000000   Data           4  main.o(.data)
    Pit_fc                                   0x20000004   Data           4  main.o(.data)
    Yaw_fc                                   0x20000008   Data           4  main.o(.data)
    ref_q                                    0x2000000c   Data          16  main.o(.data)
    norm_acc                                 0x2000001c   Data           4  main.o(.data)
    norm_q                                   0x20000020   Data           4  main.o(.data)
    norm_acc_lpf                             0x20000024   Data           4  main.o(.data)
    mag_norm                                 0x20000028   Data           4  main.o(.data)
    mag_norm_xyz                             0x2000002c   Data           4  main.o(.data)
    flow_q                                   0x20000030   Data           1  main.o(.data)
    jpg_q                                    0x20000034   Data           4  main.o(.data)
    en_lcd                                   0x20000038   Data           1  main.o(.data)
    en_flow                                  0x20000039   Data           1  main.o(.data)
    en_jpg                                   0x2000003a   Data           1  main.o(.data)
    t_flow                                   0x2000003c   Data           4  main.o(.data)
    ovx_mode                                 0x20000040   Data           1  main.o(.data)
    offsetx                                  0x20000044   Data           4  main.o(.data)
    offsety                                  0x20000048   Data           4  main.o(.data)
    jpeg_data_len                            0x2000004c   Data           4  main.o(.data)
    jpeg_data_ok                             0x20000050   Data           1  main.o(.data)
    get_one                                  0x20000051   Data           1  main.o(.data)
    off_pix1                                 0x20000052   Data           2  main.o(.data)
    ga_nav                                   0x20000054   Data           4  main.o(.data)
    gwa_nav                                  0x20000058   Data           4  main.o(.data)
    g_pos_flow                               0x2000005c   Data           4  main.o(.data)
    g_spd_flow                               0x20000060   Data           4  main.o(.data)
    en_camera                                0x20000064   Data           1  main.o(.data)
    en_imu                                   0x20000065   Data           1  main.o(.data)
    ALT_POS_SONAR                            0x20000068   Data           4  main.o(.data)
    k_px                                     0x2000006c   Data           4  main.o(.data)
    K_spd_flow                               0x20000070   Data           4  main.o(.data)
    ov_frame                                 0x2000008b   Data           1  dcmi.o(.data)
    gray_scal                                0x20000090   Data           1  flow.o(.data)
    off_pix                                  0x20000091   Data           1  flow.o(.data)
    SEARCH_SIZE                              0x20000092   Data           2  flow.o(.data)
    TILE_SIZE                                0x20000094   Data           2  flow.o(.data)
    NUM_BLOCKS                               0x20000096   Data           2  flow.o(.data)
    meancount_set                            0x20000098   Data           1  flow.o(.data)
    PARAM_BOTTOM_FLOW_FEATURE_THRESHOLD      0x2000009a   Data           2  flow.o(.data)
    PARAM_BOTTOM_FLOW_VALUE_THRESHOLD        0x2000009c   Data           2  flow.o(.data)
    PARAM_GYRO_COMPENSATION_THRESHOLD        0x200000a0   Data           4  flow.o(.data)
    en_hist_filter                           0x200000a4   Data           1  flow.o(.data)
    en_gro_filter                            0x200000a5   Data           1  flow.o(.data)
    meancount_view                           0x200000a6   Data           2  flow.o(.data)
    y_rate_view                              0x200000a8   Data           4  flow.o(.data)
    flow_fps                                 0x200000ac   Data           1  flow.o(.data)
    pixel_flow_x                             0x200000b0   Data           8  flow.o(.data)
    pixel_flow_y                             0x200000b8   Data           8  flow.o(.data)
    flow_compx                               0x200000c0   Data           8  flow.o(.data)
    flow_compy                               0x200000c8   Data           8  flow.o(.data)
    pixel_flow_x_gro_fix                     0x200000d0   Data           4  flow.o(.data)
    pixel_flow_y_gro_fix                     0x200000d4   Data           4  flow.o(.data)
    pixel_flow_x_pix                         0x200000d8   Data           4  flow.o(.data)
    pixel_flow_y_pix                         0x200000dc   Data           4  flow.o(.data)
    deg_delay                                0x200000e0   Data           1  flow.o(.data)
    ov_frame_rx                              0x20000110   Data           1  timer.o(.data)
    K_acc_flt                                0x20000114   Data           4  timer.o(.data)
    t_mems                                   0x20000118   Data           4  timer.o(.data)
    bmp_rx                                   0x2000011c   Data           1  timer.o(.data)
    sysTickUptime                            0x20000128   Data           4  delay.o(.data)
    __stdout                                 0x2000012c   Data           4  usart.o(.data)
    USART_RX_STA                             0x20000130   Data           2  usart.o(.data)
    SendBuff2_cnt                            0x20000132   Data           2  usart.o(.data)
    SendBuff1_cnt                            0x20000134   Data           2  usart.o(.data)
    pt_buf                                   0x20000150   Data           4  jpg_code.o(.data)
    I2C_FastMode                             0x20000154   Data           1  i2c_soft.o(.data)
    mpu6050_ok                               0x20000158   Data           1  mpu6050.o(.data)
    acc_sum_cnt                              0x2000015a   Data           2  mpu6050.o(.data)
    gyro_sum_cnt                             0x2000015c   Data           2  mpu6050.o(.data)
    Offset_mpu_flag                          0x2000015e   Data           1  mpu6050.o(.data)
    filter_cnt                               0x2000015f   Data           1  mpu6050.o(.data)
    filter_cnt_old                           0x20000160   Data           1  mpu6050.o(.data)
    test_ang                                 0x20000164   Data           4  mpu6050.o(.data)
    test_ang_old                             0x20000168   Data           4  mpu6050.o(.data)
    test_ang_d                               0x2000016c   Data           4  mpu6050.o(.data)
    test_fli_a                               0x20000170   Data           4  mpu6050.o(.data)
    test_i                                   0x20000174   Data           4  mpu6050.o(.data)
    fast_atan_table                          0x20000178   Data        1028  mymath.o(.data)
    rate_threshold                           0x2000057c   Data           4  flow_s.o(.data)
    yaw_comp                                 0x20000580   Data           8  flow_s.o(.data)
    flow_module_offset_x                     0x20000588   Data           4  flow_s.o(.data)
    flow_module_offset_y                     0x2000058c   Data           4  flow_s.o(.data)
    W25QXX_TYPE                              0x20000594   Data           2  flash_w25.o(.data)
    FLASH_SIZE                               0x20000598   Data           4  flash_w25.o(.data)
    rtInf                                    0x200005a0   Data           8  rt_nonfinite.o(.data)
    rtMinusInf                               0x200005a8   Data           8  rt_nonfinite.o(.data)
    rtNaN                                    0x200005b0   Data           8  rt_nonfinite.o(.data)
    rtInfF                                   0x200005b8   Data           4  rt_nonfinite.o(.data)
    rtMinusInfF                              0x200005bc   Data           4  rt_nonfinite.o(.data)
    rtNaNF                                   0x200005c0   Data           4  rt_nonfinite.o(.data)
    reference_v                              0x200005c8   Data          12  main.o(.bss)
    ref                                      0x200005d4   Data          60  main.o(.bss)
    reference_vr_imd_down                    0x20000610   Data          12  main.o(.bss)
    reference_vr                             0x2000061c   Data          12  main.o(.bss)
    ref_q_imd_down_fc                        0x20000628   Data          16  main.o(.bss)
    reference_vr_imd_down_fc                 0x20000638   Data          12  main.o(.bss)
    q_nav                                    0x20000644   Data          16  main.o(.bss)
    ref_q_imd_down                           0x20000654   Data          16  main.o(.bss)
    mag_sim_3d                               0x20000664   Data          12  main.o(.bss)
    acc_3d_hg                                0x20000670   Data          12  main.o(.bss)
    acc_ng                                   0x2000067c   Data          12  main.o(.bss)
    acc_ng_offset                            0x20000688   Data          12  main.o(.bss)
    image_buffer_8bit_2                      0x20009fb4   Data        4096  main.o(.bss)
    image_buffer_8bit_1                      0x2000afb4   Data        4096  main.o(.bss)
    X_KF_NAV                                 0x2000bfb8   Data          48  main.o(.bss)
    P_KF_NAV                                 0x2000bfe8   Data         144  main.o(.bss)
    flow                                     0x2000c078   Data          80  main.o(.bss)
    DCMI_InitStructure                       0x2000c0d4   Data          14  dcmi.o(.bss)
    acc_flt                                  0x2000c0e4   Data          12  timer.o(.bss)
    Cycle_T                                  0x2000c0f0   Data         240  delay.o(.bss)
    USART_RX_BUF                             0x2000c1e0   Data         200  usart.o(.bss)
    SendBuff2                                0x2000c2a8   Data       16384  usart.o(.bss)
    SendBuff1                                0x200102a8   Data       16384  usart.o(.bss)
    BLE_DEBUG                                0x200142a8   Data          32  usart.o(.bss)
    temp_dct1                                0x200142c8   Data         256  dct.o(.bss)
    dcttab                                   0x200143c8   Data        1536  jcapi.o(.bss)
    inbuf_buf                                0x200149c8   Data       12288  jcapi.o(.bss)
    JPG_enc_buf                              0x20017dc8   Data       12288  jpg_code.o(.bss)
    info1                                    0x2001adc8   Data         260  jpg_code.o(.bss)
    JQUANT_TBL_2                             0x2001aecc   Data         256  jpg_code.o(.bss)
    JHUFF_TBL_4                              0x2001afcc   Data        5192  jpg_code.o(.bss)
    mpu6050                                  0x2001c414   Data         128  mpu6050.o(.bss)
    mpu6050_fc                               0x2001c494   Data         128  mpu6050.o(.bss)
    mpu6050_buffer                           0x2001c514   Data          14  mpu6050.o(.bss)
    sum_temp                                 0x2001c524   Data          28  mpu6050.o(.bss)
    FILT_BUF                                 0x2001c540   Data         154  mpu6050.o(.bss)
    mpu6050_tmp                              0x2001c5dc   Data          28  mpu6050.o(.bss)
    mpu_fil_tmp                              0x2001c5f8   Data          28  mpu6050.o(.bss)
    flow_per_out                             0x2001c614   Data          16  flow_s.o(.bss)
    W25QXX_BUFFER                            0x2001c648   Data        4096  flash_w25.o(.bss)
    FLASH_READ_BUF                           0x2001d648   Data          50  flash_w25.o(.bss)
    FLASH_Buffer                             0x2001d67a   Data          50  flash_w25.o(.bss)
    __libspace_start                         0x2001d6ac   Data          96  libspace.o(.bss)
    __temporary_stack_top$libspace           0x2001d70c   Data           0  libspace.o(.bss)



==============================================================================

Memory Map of the image

  Image Entry point : 0x08000189

  Load Region LR_IROM1 (Base: 0x08000000, Size: 0x0000d78c, Max: 0x00100000, ABSOLUTE, COMPRESSED[0x0000d62c])

    Execution Region ER_IROM1 (Base: 0x08000000, Size: 0x0000d1c8, Max: 0x00100000, ABSOLUTE)

    Base Addr    Size         Type   Attr      Idx    E Section Name        Object

    0x08000000   0x00000188   Data   RO         1063    RESET               startup_stm32f40_41xxx.o
    0x08000188   0x00000008   Code   RO         3864  * !!!main             c_w.l(__main.o)
    0x08000190   0x00000034   Code   RO         4158    !!!scatter          c_w.l(__scatter.o)
    0x080001c4   0x0000005a   Code   RO         4156    !!dczerorl2         c_w.l(__dczerorl2.o)
    0x0800021e   0x00000002   PAD
    0x08000220   0x0000001c   Code   RO         4160    !!handler_zi        c_w.l(__scatter_zi.o)
    0x0800023c   0x00000002   Code   RO         4029    .ARM.Collect$$libinit$$00000000  c_w.l(libinit.o)
    0x0800023e   0x00000004   Code   RO         4034    .ARM.Collect$$libinit$$00000001  c_w.l(libinit2.o)
    0x08000242   0x00000000   Code   RO         4037    .ARM.Collect$$libinit$$00000004  c_w.l(libinit2.o)
    0x08000242   0x00000000   Code   RO         4040    .ARM.Collect$$libinit$$0000000A  c_w.l(libinit2.o)
    0x08000242   0x00000000   Code   RO         4042    .ARM.Collect$$libinit$$0000000C  c_w.l(libinit2.o)
    0x08000242   0x00000000   Code   RO         4044    .ARM.Collect$$libinit$$0000000E  c_w.l(libinit2.o)
    0x08000242   0x00000000   Code   RO         4047    .ARM.Collect$$libinit$$00000011  c_w.l(libinit2.o)
    0x08000242   0x00000000   Code   RO         4049    .ARM.Collect$$libinit$$00000013  c_w.l(libinit2.o)
    0x08000242   0x00000000   Code   RO         4051    .ARM.Collect$$libinit$$00000015  c_w.l(libinit2.o)
    0x08000242   0x00000000   Code   RO         4053    .ARM.Collect$$libinit$$00000017  c_w.l(libinit2.o)
    0x08000242   0x00000000   Code   RO         4055    .ARM.Collect$$libinit$$00000019  c_w.l(libinit2.o)
    0x08000242   0x00000000   Code   RO         4057    .ARM.Collect$$libinit$$0000001B  c_w.l(libinit2.o)
    0x08000242   0x00000000   Code   RO         4059    .ARM.Collect$$libinit$$0000001D  c_w.l(libinit2.o)
    0x08000242   0x00000000   Code   RO         4061    .ARM.Collect$$libinit$$0000001F  c_w.l(libinit2.o)
    0x08000242   0x00000000   Code   RO         4063    .ARM.Collect$$libinit$$00000021  c_w.l(libinit2.o)
    0x08000242   0x00000000   Code   RO         4065    .ARM.Collect$$libinit$$00000023  c_w.l(libinit2.o)
    0x08000242   0x00000000   Code   RO         4067    .ARM.Collect$$libinit$$00000025  c_w.l(libinit2.o)
    0x08000242   0x00000000   Code   RO         4071    .ARM.Collect$$libinit$$0000002C  c_w.l(libinit2.o)
    0x08000242   0x00000000   Code   RO         4073    .ARM.Collect$$libinit$$0000002E  c_w.l(libinit2.o)
    0x08000242   0x00000000   Code   RO         4075    .ARM.Collect$$libinit$$00000030  c_w.l(libinit2.o)
    0x08000242   0x00000000   Code   RO         4077    .ARM.Collect$$libinit$$00000032  c_w.l(libinit2.o)
    0x08000242   0x00000002   Code   RO         4078    .ARM.Collect$$libinit$$00000033  c_w.l(libinit2.o)
    0x08000244   0x00000002   Code   RO         4098    .ARM.Collect$$libshutdown$$00000000  c_w.l(libshutdown.o)
    0x08000246   0x00000000   Code   RO         4108    .ARM.Collect$$libshutdown$$00000002  c_w.l(libshutdown2.o)
    0x08000246   0x00000000   Code   RO         4110    .ARM.Collect$$libshutdown$$00000004  c_w.l(libshutdown2.o)
    0x08000246   0x00000000   Code   RO         4113    .ARM.Collect$$libshutdown$$00000007  c_w.l(libshutdown2.o)
    0x08000246   0x00000000   Code   RO         4116    .ARM.Collect$$libshutdown$$0000000A  c_w.l(libshutdown2.o)
    0x08000246   0x00000000   Code   RO         4118    .ARM.Collect$$libshutdown$$0000000C  c_w.l(libshutdown2.o)
    0x08000246   0x00000000   Code   RO         4121    .ARM.Collect$$libshutdown$$0000000F  c_w.l(libshutdown2.o)
    0x08000246   0x00000002   Code   RO         4122    .ARM.Collect$$libshutdown$$00000010  c_w.l(libshutdown2.o)
    0x08000248   0x00000000   Code   RO         3958    .ARM.Collect$$rtentry$$00000000  c_w.l(__rtentry.o)
    0x08000248   0x00000000   Code   RO         3996    .ARM.Collect$$rtentry$$00000002  c_w.l(__rtentry2.o)
    0x08000248   0x00000006   Code   RO         4008    .ARM.Collect$$rtentry$$00000004  c_w.l(__rtentry4.o)
    0x0800024e   0x00000000   Code   RO         3998    .ARM.Collect$$rtentry$$00000009  c_w.l(__rtentry2.o)
    0x0800024e   0x00000004   Code   RO         3999    .ARM.Collect$$rtentry$$0000000A  c_w.l(__rtentry2.o)
    0x08000252   0x00000000   Code   RO         4001    .ARM.Collect$$rtentry$$0000000C  c_w.l(__rtentry2.o)
    0x08000252   0x00000008   Code   RO         4002    .ARM.Collect$$rtentry$$0000000D  c_w.l(__rtentry2.o)
    0x0800025a   0x00000002   Code   RO         4032    .ARM.Collect$$rtexit$$00000000  c_w.l(rtexit.o)
    0x0800025c   0x00000000   Code   RO         4082    .ARM.Collect$$rtexit$$00000002  c_w.l(rtexit2.o)
    0x0800025c   0x00000004   Code   RO         4083    .ARM.Collect$$rtexit$$00000003  c_w.l(rtexit2.o)
    0x08000260   0x00000006   Code   RO         4084    .ARM.Collect$$rtexit$$00000004  c_w.l(rtexit2.o)
    0x08000266   0x00000002   PAD
    0x08000268   0x00000040   Code   RO         1064    .text               startup_stm32f40_41xxx.o
    0x080002a8   0x00000002   Code   RO         3852    .text               c_w.l(use_no_semi_2.o)
    0x080002aa   0x0000008a   Code   RO         3854    .text               c_w.l(rt_memcpy_v6.o)
    0x08000334   0x00000064   Code   RO         3856    .text               c_w.l(rt_memcpy_w.o)
    0x08000398   0x00000044   Code   RO         3858    .text               c_w.l(rt_memclr.o)
    0x080003dc   0x0000004e   Code   RO         3860    .text               c_w.l(rt_memclr_w.o)
    0x0800042a   0x00000006   Code   RO         3862    .text               c_w.l(heapauxi.o)
    0x08000430   0x00000002   Code   RO         3956    .text               c_w.l(use_no_semi.o)
    0x08000432   0x00000016   Code   RO         3959    .text               c_w.l(_rserrno.o)
    0x08000448   0x00000008   Code   RO         4013    .text               c_w.l(rt_errno_addr_intlibspace.o)
    0x08000450   0x00000008   Code   RO         4017    .text               c_w.l(libspace.o)
    0x08000458   0x0000004a   Code   RO         4020    .text               c_w.l(sys_stackheap_outer.o)
    0x080004a2   0x00000012   Code   RO         4022    .text               c_w.l(exit.o)
    0x080004b4   0x00000004   Code   RO          265    i.BusFault_Handler  stm32f4xx_it.o
    0x080004b8   0x0000006c   Code   RO         3069    i.Compression       jpg_code.o
    0x08000524   0x00000016   Code   RO          858    i.Cycle_Time_Init   delay.o
    0x0800053a   0x00000002   PAD
    0x0800053c   0x00000024   Code   RO         1116    i.DCMI_CaptureCmd   stm32f4xx_dcmi.o
    0x08000560   0x0000000c   Code   RO         1118    i.DCMI_ClearITPendingBit  stm32f4xx_dcmi.o
    0x0800056c   0x00000024   Code   RO         1119    i.DCMI_Cmd          stm32f4xx_dcmi.o
    0x08000590   0x00000068   Code   RO          447    i.DCMI_DMA_Init     dcmi.o
    0x080005f8   0x0000001c   Code   RO         1120    i.DCMI_DeInit       stm32f4xx_dcmi.o
    0x08000614   0x0000001c   Code   RO         1122    i.DCMI_GetITStatus  stm32f4xx_dcmi.o
    0x08000630   0x0000003c   Code   RO          448    i.DCMI_IRQHandler   dcmi.o
    0x0800066c   0x00000024   Code   RO         1123    i.DCMI_ITConfig     stm32f4xx_dcmi.o
    0x08000690   0x00000040   Code   RO         1124    i.DCMI_Init         stm32f4xx_dcmi.o
    0x080006d0   0x00000018   Code   RO          450    i.DCMI_Start        dcmi.o
    0x080006e8   0x00000028   Code   RO          451    i.DCMI_Stop         dcmi.o
    0x08000710   0x00000034   Code   RO         1218    i.DMA_ClearFlag     stm32f4xx_dma.o
    0x08000744   0x00000016   Code   RO         1220    i.DMA_Cmd           stm32f4xx_dma.o
    0x0800075a   0x00000002   PAD
    0x0800075c   0x00000158   Code   RO         1221    i.DMA_DeInit        stm32f4xx_dma.o
    0x080008b4   0x00000014   Code   RO         1225    i.DMA_GetCmdStatus  stm32f4xx_dma.o
    0x080008c8   0x00000008   Code   RO         1226    i.DMA_GetCurrDataCounter  stm32f4xx_dma.o
    0x080008d0   0x00000044   Code   RO         1229    i.DMA_GetFlagStatus  stm32f4xx_dma.o
    0x08000914   0x00000058   Code   RO         1232    i.DMA_Init          stm32f4xx_dma.o
    0x0800096c   0x00000004   Code   RO         1235    i.DMA_SetCurrDataCounter  stm32f4xx_dma.o
    0x08000970   0x00000002   Code   RO          266    i.DebugMon_Handler  stm32f4xx_it.o
    0x08000972   0x00000090   Code   RO         1478    i.GPIO_Init         stm32f4xx_gpio.o
    0x08000a02   0x00000046   Code   RO         1479    i.GPIO_PinAFConfig  stm32f4xx_gpio.o
    0x08000a48   0x00000004   Code   RO         1486    i.GPIO_SetBits      stm32f4xx_gpio.o
    0x08000a4c   0x00000018   Code   RO          708    i.GRAY_RGB          flow.o
    0x08000a64   0x0000007c   Code   RO          860    i.Get_Cycle_T       delay.o
    0x08000ae0   0x00000004   Code   RO          267    i.HardFault_Handler  stm32f4xx_it.o
    0x08000ae4   0x0000003c   Code   RO         3135    i.I2c_Soft_Ask      i2c_soft.o
    0x08000b20   0x00000034   Code   RO         3136    i.I2c_Soft_Init     i2c_soft.o
    0x08000b54   0x0000003c   Code   RO         3137    i.I2c_Soft_NoAsk    i2c_soft.o
    0x08000b90   0x00000068   Code   RO         3138    i.I2c_Soft_ReadByte  i2c_soft.o
    0x08000bf8   0x0000005c   Code   RO         3139    i.I2c_Soft_SendByte  i2c_soft.o
    0x08000c54   0x00000060   Code   RO         3140    i.I2c_Soft_Start    i2c_soft.o
    0x08000cb4   0x0000003c   Code   RO         3141    i.I2c_Soft_Stop     i2c_soft.o
    0x08000cf0   0x00000060   Code   RO         3142    i.I2c_Soft_WaitAsk  i2c_soft.o
    0x08000d50   0x00000030   Code   RO         3143    i.I2c_Soft_delay    i2c_soft.o
    0x08000d80   0x0000006c   Code   RO         3145    i.IIC_Read_nByte    i2c_soft.o
    0x08000dec   0x0000003e   Code   RO         3146    i.IIC_Write_1Byte   i2c_soft.o
    0x08000e2a   0x00000002   PAD
    0x08000e2c   0x00000054   Code   RO         3236    i.IICwriteBit       mpu6050.o
    0x08000e80   0x00000066   Code   RO         3237    i.IICwriteBits      mpu6050.o
    0x08000ee6   0x00000002   PAD
    0x08000ee8   0x000007d4   Code   RO            3    i.IMUupdate         main.o
    0x080016bc   0x0000004c   Code   RO          861    i.Initial_Timer5    delay.o
    0x08001708   0x00000044   Code   RO          419    i.KEY_Init          key.o
    0x0800174c   0x00000b58   Code   RO         3700    i.KF_OLDX_NAV       kf_oldx_nav.o
    0x080022a4   0x0000003c   Code   RO          399    i.LED_Init          led.o
    0x080022e0   0x00000254   Code   RO         3238    i.MPU6050_Data_Offset  mpu6050.o
    0x08002534   0x00000498   Code   RO         3239    i.MPU6050_Data_Prepare  mpu6050.o
    0x080029cc   0x0000003c   Code   RO         3240    i.MPU6050_INT_Config  mpu6050.o
    0x08002a08   0x000000b8   Code   RO         3241    i.MPU6050_Init      mpu6050.o
    0x08002ac0   0x00000034   Code   RO         3242    i.MPU6050_Read      mpu6050.o
    0x08002af4   0x00000014   Code   RO         3243    i.MPU6050_setClockSource  mpu6050.o
    0x08002b08   0x00000014   Code   RO         3244    i.MPU6050_setDLPF   mpu6050.o
    0x08002b1c   0x00000024   Code   RO         3245    i.MPU6050_setFullScaleAccelRange  mpu6050.o
    0x08002b40   0x00000024   Code   RO         3246    i.MPU6050_setFullScaleGyroRange  mpu6050.o
    0x08002b64   0x00000012   Code   RO         3247    i.MPU6050_setI2CBypassEnabled  mpu6050.o
    0x08002b76   0x00000012   Code   RO         3248    i.MPU6050_setI2CMasterModeEnabled  mpu6050.o
    0x08002b88   0x00000012   Code   RO         3249    i.MPU6050_setSleepEnabled  mpu6050.o
    0x08002b9a   0x0000001c   Code   RO         3250    i.MPU6050_set_SMPLRT_DIV  mpu6050.o
    0x08002bb6   0x00000002   PAD
    0x08002bb8   0x000000bc   Code   RO         1037    i.MYDMA_Config      dma.o
    0x08002c74   0x0000002c   Code   RO         1038    i.MYDMA_Enable      dma.o
    0x08002ca0   0x00000004   Code   RO          268    i.MemManage_Handler  stm32f4xx_it.o
    0x08002ca4   0x00000130   Code   RO          452    i.My_DCMI_Init      dcmi.o
    0x08002dd4   0x00000002   Code   RO          269    i.NMI_Handler       stm32f4xx_it.o
    0x08002dd6   0x00000002   PAD
    0x08002dd8   0x00000078   Code   RO         1070    i.NVIC_Init         misc.o
    0x08002e50   0x00000014   Code   RO         1071    i.NVIC_PriorityGroupConfig  misc.o
    0x08002e64   0x0000005a   Code   RO          509    i.OV5640_Brightness  ov5640.o
    0x08002ebe   0x00000002   PAD
    0x08002ec0   0x0000007c   Code   RO          510    i.OV5640_Color_Saturation  ov5640.o
    0x08002f3c   0x00000078   Code   RO          511    i.OV5640_Contrast   ov5640.o
    0x08002fb4   0x0000007c   Code   RO          514    i.OV5640_Focus_Constant  ov5640.o
    0x08003030   0x000000b8   Code   RO          515    i.OV5640_Focus_Init  ov5640.o
    0x080030e8   0x00000108   Code   RO          518    i.OV5640_Init       ov5640.o
    0x080031f0   0x00000048   Code   RO          520    i.OV5640_Light_Mode  ov5640.o
    0x08003238   0x00000080   Code   RO          521    i.OV5640_OutSize_Set  ov5640.o
    0x080032b8   0x0000003c   Code   RO          522    i.OV5640_RD_Reg     ov5640.o
    0x080032f4   0x00000028   Code   RO          523    i.OV5640_RGB565_Mode  ov5640.o
    0x0800331c   0x0000007a   Code   RO          524    i.OV5640_Sharpness  ov5640.o
    0x08003396   0x0000003c   Code   RO          527    i.OV5640_WR_Reg     ov5640.o
    0x080033d2   0x00000002   Code   RO          270    i.PendSV_Handler    stm32f4xx_it.o
    0x080033d4   0x00000020   Code   RO         1575    i.RCC_AHB1PeriphClockCmd  stm32f4xx_rcc.o
    0x080033f4   0x00000020   Code   RO         1578    i.RCC_AHB2PeriphClockCmd  stm32f4xx_rcc.o
    0x08003414   0x00000020   Code   RO         1584    i.RCC_APB1PeriphClockCmd  stm32f4xx_rcc.o
    0x08003434   0x00000020   Code   RO         1586    i.RCC_APB1PeriphResetCmd  stm32f4xx_rcc.o
    0x08003454   0x00000020   Code   RO         1587    i.RCC_APB2PeriphClockCmd  stm32f4xx_rcc.o
    0x08003474   0x000000e8   Code   RO         1596    i.RCC_GetClocksFreq  stm32f4xx_rcc.o
    0x0800355c   0x000000cc   Code   RO         3558    i.READ_PARM         flash_w25.o
    0x08003628   0x00000050   Code   RO         3070    i.RGB565TORGB24     jpg_code.o
    0x08003678   0x00000048   Code   RO          710    i.RGB_GRAY_16       flow.o
    0x080036c0   0x00000054   Code   RO          646    i.SCCB_Init         sccb.o
    0x08003714   0x00000040   Code   RO          647    i.SCCB_No_Ack       sccb.o
    0x08003754   0x00000070   Code   RO          648    i.SCCB_RD_Byte      sccb.o
    0x080037c4   0x00000034   Code   RO          650    i.SCCB_Start        sccb.o
    0x080037f8   0x00000034   Code   RO          651    i.SCCB_Stop         sccb.o
    0x0800382c   0x000000a8   Code   RO          652    i.SCCB_WR_Byte      sccb.o
    0x080038d4   0x000000c4   Code   RO         3559    i.SPI1_Init         flash_w25.o
    0x08003998   0x00000038   Code   RO         3560    i.SPI1_ReadWriteByte  flash_w25.o
    0x080039d0   0x00000028   Code   RO         3561    i.SPI1_SetSpeed     flash_w25.o
    0x080039f8   0x00000018   Code   RO         2665    i.SPI_Cmd           stm32f4xx_spi.o
    0x08003a10   0x00000012   Code   RO         2673    i.SPI_I2S_GetFlagStatus  stm32f4xx_spi.o
    0x08003a22   0x00000006   Code   RO         2676    i.SPI_I2S_ReceiveData  stm32f4xx_spi.o
    0x08003a28   0x00000004   Code   RO         2677    i.SPI_I2S_SendData  stm32f4xx_spi.o
    0x08003a2c   0x0000003c   Code   RO         2678    i.SPI_Init          stm32f4xx_spi.o
    0x08003a68   0x00000002   Code   RO          271    i.SVC_Handler       stm32f4xx_it.o
    0x08003a6a   0x00000002   PAD
    0x08003a6c   0x000000ec   Code   RO          362    i.SetSysClock       system_stm32f4xx.o
    0x08003b58   0x00000028   Code   RO         1074    i.SysTick_CLKSourceConfig  misc.o
    0x08003b80   0x00000002   Code   RO          272    i.SysTick_Handler   stm32f4xx_it.o
    0x08003b82   0x00000002   PAD
    0x08003b84   0x00000068   Code   RO          364    i.SystemInit        system_stm32f4xx.o
    0x08003bec   0x00000094   Code   RO          788    i.TIM3_IRQHandler   timer.o
    0x08003c80   0x0000005c   Code   RO          789    i.TIM3_Int_Init     timer.o
    0x08003cdc   0x00000006   Code   RO         1920    i.TIM_ClearITPendingBit  stm32f4xx_tim.o
    0x08003ce2   0x00000018   Code   RO         1925    i.TIM_Cmd           stm32f4xx_tim.o
    0x08003cfa   0x00000022   Code   RO         1946    i.TIM_GetITStatus   stm32f4xx_tim.o
    0x08003d1c   0x00000012   Code   RO         1950    i.TIM_ITConfig      stm32f4xx_tim.o
    0x08003d2e   0x00000002   PAD
    0x08003d30   0x00000084   Code   RO         1997    i.TIM_TimeBaseInit  stm32f4xx_tim.o
    0x08003db4   0x0000000e   Code   RO         3251    i.Transform         mpu6050.o
    0x08003dc2   0x00000002   PAD
    0x08003dc4   0x00000088   Code   RO          960    i.USART1_IRQHandler  usart.o
    0x08003e4c   0x00000018   Code   RO         2475    i.USART_Cmd         stm32f4xx_usart.o
    0x08003e64   0x00000012   Code   RO         2476    i.USART_DMACmd      stm32f4xx_usart.o
    0x08003e76   0x00000054   Code   RO         2479    i.USART_GetITStatus  stm32f4xx_usart.o
    0x08003eca   0x0000004a   Code   RO         2481    i.USART_ITConfig    stm32f4xx_usart.o
    0x08003f14   0x000000d4   Code   RO         2482    i.USART_Init        stm32f4xx_usart.o
    0x08003fe8   0x0000000a   Code   RO         2489    i.USART_ReceiveData  stm32f4xx_usart.o
    0x08003ff2   0x00000004   Code   RO          273    i.UsageFault_Handler  stm32f4xx_it.o
    0x08003ff6   0x00000002   PAD
    0x08003ff8   0x00000048   Code   RO         3563    i.W25QXX_Erase_Sector  flash_w25.o
    0x08004040   0x00000058   Code   RO         3564    i.W25QXX_Init       flash_w25.o
    0x08004098   0x00000050   Code   RO         3566    i.W25QXX_Read       flash_w25.o
    0x080040e8   0x00000048   Code   RO         3567    i.W25QXX_ReadID     flash_w25.o
    0x08004130   0x0000002c   Code   RO         3568    i.W25QXX_ReadSR     flash_w25.o
    0x0800415c   0x00000012   Code   RO         3570    i.W25QXX_Wait_Busy  flash_w25.o
    0x0800416e   0x00000002   PAD
    0x08004170   0x000000b8   Code   RO         3571    i.W25QXX_Write      flash_w25.o
    0x08004228   0x00000020   Code   RO         3573    i.W25QXX_Write_Enable  flash_w25.o
    0x08004248   0x00000046   Code   RO         3574    i.W25QXX_Write_NoCheck  flash_w25.o
    0x0800428e   0x00000002   PAD
    0x08004290   0x00000054   Code   RO         3575    i.W25QXX_Write_Page  flash_w25.o
    0x080042e4   0x00000124   Code   RO         3577    i.WRITE_PARM        flash_w25.o
    0x08004408   0x00000030   Code   RO         3990    i.__ARM_fpclassify  m_wm.l(fpclassify.o)
    0x08004438   0x00000360   Code   RO         3904    i.__hardfp_asin     m_wm.l(asin.o)
    0x08004798   0x00000014   Code   RO         3918    i.__hardfp_fabs     m_wm.l(fabs.o)
    0x080047ac   0x00000004   PAD
    0x080047b0   0x00000118   Code   RO         3924    i.__hardfp_floor    m_wm.l(floor.o)
    0x080048c8   0x00000c50   Code   RO         3930    i.__hardfp_pow      m_wm.l(pow.o)
    0x08005518   0x0000007a   Code   RO         3944    i.__hardfp_sqrt     m_wm.l(sqrt.o)
    0x08005592   0x000000f8   Code   RO         3992    i.__kernel_poly     m_wm.l(poly.o)
    0x0800568a   0x00000006   PAD
    0x08005690   0x00000030   Code   RO         3976    i.__mathlib_dbl_divzero  m_wm.l(dunder.o)
    0x080056c0   0x00000014   Code   RO         3977    i.__mathlib_dbl_infnan  m_wm.l(dunder.o)
    0x080056d4   0x00000014   Code   RO         3978    i.__mathlib_dbl_infnan2  m_wm.l(dunder.o)
    0x080056e8   0x00000020   Code   RO         3979    i.__mathlib_dbl_invalid  m_wm.l(dunder.o)
    0x08005708   0x00000020   Code   RO         3980    i.__mathlib_dbl_overflow  m_wm.l(dunder.o)
    0x08005728   0x00000020   Code   RO         3982    i.__mathlib_dbl_underflow  m_wm.l(dunder.o)
    0x08005748   0x00000006   Code   RO          962    i._sys_exit         usart.o
    0x0800574e   0x00000026   Code   RO         2916    i.bit_num           jchuff.o
    0x08005774   0x000001ac   Code   RO          711    i.compute_diff      flow.o
    0x08005920   0x000008c0   Code   RO          712    i.compute_flow      flow.o
    0x080061e0   0x00000224   Code   RO          713    i.compute_sad_8x8   flow.o
    0x08006404   0x00000354   Code   RO          714    i.compute_subpixel  flow.o
    0x08006758   0x000007a4   Code   RO          963    i.data_per_uart1    usart.o
    0x08006efc   0x0000003c   Code   RO          863    i.delay_init        delay.o
    0x08006f38   0x00000038   Code   RO          864    i.delay_ms          delay.o
    0x08006f70   0x0000004c   Code   RO          865    i.delay_us          delay.o
    0x08006fbc   0x0000004c   Code   RO          866    i.delay_xms         delay.o
    0x08007008   0x00000668   Code   RO         2821    i.dsp_fdct_8x8      dct.o
    0x08007670   0x00000018   Code   RO         3920    i.fabs              m_wm.l(fabs.o)
    0x08007688   0x0000017c   Code   RO         3357    i.fast_atan2        mymath.o
    0x08007804   0x000003c4   Code   RO         3479    i.flow_pertreatment_oldx  flow_s.o
    0x08007bc8   0x00000058   Code   RO          715    i.flow_task         flow.o
    0x08007c20   0x00000664   Code   RO         3703    i.inv               kf_oldx_nav.o
    0x08008284   0x000000c8   Code   RO         2917    i.jhuff_encode_one_block  jchuff.o
    0x0800834c   0x00000080   Code   RO         2918    i.jhuff_flush_buffer  jchuff.o
    0x080083cc   0x00000084   Code   RO         2919    i.jhuff_write_bits  jchuff.o
    0x08008450   0x000000a4   Code   RO         2948    i.jint_add_huff_table  jcint.o
    0x080084f4   0x00000080   Code   RO         2949    i.jint_add_quant_table  jcint.o
    0x08008574   0x000000b4   Code   RO         2950    i.jint_calc_huff_tbl  jcint.o
    0x08008628   0x0000016c   Code   RO         2951    i.jint_process_mcu  jcint.o
    0x08008794   0x00000140   Code   RO         2952    i.jint_process_rows  jcint.o
    0x080088d4   0x00000068   Code   RO         2953    i.jint_std_huff_tables  jcint.o
    0x0800893c   0x00000048   Code   RO         2954    i.jint_std_quant_tables  jcint.o
    0x08008984   0x0000000c   Code   RO         3001    i.jmkr_write_end    jcmarker.o
    0x08008990   0x000000dc   Code   RO         3002    i.jmkr_write_frame_head  jcmarker.o
    0x08008a6c   0x00000142   Code   RO         3003    i.jmkr_write_huff_table  jcmarker.o
    0x08008bae   0x00000016   Code   RO         3004    i.jmkr_write_image_end  jcmarker.o
    0x08008bc4   0x00000016   Code   RO         3005    i.jmkr_write_image_start  jcmarker.o
    0x08008bda   0x00000002   PAD
    0x08008bdc   0x00000020   Code   RO         3006    i.jmkr_write_jfif   jcmarker.o
    0x08008bfc   0x00000068   Code   RO         3007    i.jmkr_write_quant_table  jcmarker.o
    0x08008c64   0x000000aa   Code   RO         3008    i.jmkr_write_scan_head  jcmarker.o
    0x08008d0e   0x0000002a   Code   RO         3009    i.jmkr_write_start  jcmarker.o
    0x08008d38   0x00000118   Code   RO         2844    i.jpeg_calc_value   jcapi.o
    0x08008e50   0x0000001c   Code   RO         2845    i.jpeg_create_compress  jcapi.o
    0x08008e6c   0x00000138   Code   RO            4    i.jpeg_data_process  main.o
    0x08008fa4   0x00000082   Code   RO         2847    i.jpeg_finish_compress  jcapi.o
    0x08009026   0x00000076   Code   RO         2848    i.jpeg_set_default  jcapi.o
    0x0800909c   0x00000040   Code   RO         2849    i.jpeg_start_compress  jcapi.o
    0x080090dc   0x000000b4   Code   RO         2850    i.jpeg_write_scanline  jcapi.o
    0x08009190   0x000000e8   Code   RO         3101    i.jutl_cc_rgb2ycc   jutility.o
    0x08009278   0x00000024   Code   RO         3102    i.jutl_write_byte   jutility.o
    0x0800929c   0x00000030   Code   RO         3103    i.jutl_zigzag_sort  jutility.o
    0x080092cc   0x000000a8   Code   RO            5    i.main              main.o
    0x08009374   0x0000000c   Code   RO          867    i.micros            delay.o
    0x08009380   0x0000001a   Code   RO         3360    i.my_abs            mymath.o
    0x0800939a   0x00000002   PAD
    0x0800939c   0x0000005c   Code   RO         3371    i.my_sqrt           mymath.o
    0x080093f8   0x00000088   Code   RO          716    i.read_xy_rgb       flow.o
    0x08009480   0x00000c08   Code   RO            6    i.rgb565_test       main.o
    0x0800a088   0x0000004c   Code   RO         3754    i.rtIsInf           rt_nonfinite.o
    0x0800a0d4   0x00000028   Code   RO         3756    i.rtIsNaN           rt_nonfinite.o
    0x0800a0fc   0x00000250   Code   RO         3704    i.rt_powd_snf       kf_oldx_nav.o
    0x0800a34c   0x0000006e   Code   RO         3946    i.sqrt              m_wm.l(sqrt.o)
    0x0800a3ba   0x00000002   PAD
    0x0800a3bc   0x000000ac   Code   RO          965    i.uart_init         usart.o
    0x0800a468   0x00000084   Code   RO          966    i.uart_init2        usart.o
    0x0800a4ec   0x00000018   Code   RO         3866    x$fpl$basic         fz_wm.l(basic.o)
    0x0800a504   0x00000062   Code   RO         3868    x$fpl$d2f           fz_wm.l(d2f.o)
    0x0800a566   0x00000002   PAD
    0x0800a568   0x00000150   Code   RO         3870    x$fpl$dadd          fz_wm.l(daddsub_clz.o)
    0x0800a6b8   0x00000010   Code   RO         4015    x$fpl$dcheck1       fz_wm.l(dcheck1.o)
    0x0800a6c8   0x00000018   Code   RO         3961    x$fpl$dcmpinf       fz_wm.l(dcmpi.o)
    0x0800a6e0   0x000002b0   Code   RO         3877    x$fpl$ddiv          fz_wm.l(ddiv.o)
    0x0800a990   0x00000078   Code   RO         3880    x$fpl$deqf          fz_wm.l(deqf.o)
    0x0800aa08   0x0000005e   Code   RO         3882    x$fpl$dfix          fz_wm.l(dfix.o)
    0x0800aa66   0x00000002   PAD
    0x0800aa68   0x0000005a   Code   RO         3886    x$fpl$dfixu         fz_wm.l(dfixu.o)
    0x0800aac2   0x0000002e   Code   RO         3891    x$fpl$dflt          fz_wm.l(dflt_clz.o)
    0x0800aaf0   0x00000026   Code   RO         3890    x$fpl$dfltu         fz_wm.l(dflt_clz.o)
    0x0800ab16   0x00000002   PAD
    0x0800ab18   0x00000078   Code   RO         3896    x$fpl$dleqf         fz_wm.l(dleqf.o)
    0x0800ab90   0x00000154   Code   RO         3898    x$fpl$dmul          fz_wm.l(dmul.o)
    0x0800ace4   0x0000009c   Code   RO         3963    x$fpl$dnaninf       fz_wm.l(dnaninf.o)
    0x0800ad80   0x0000000c   Code   RO         3965    x$fpl$dretinf       fz_wm.l(dretinf.o)
    0x0800ad8c   0x0000006c   Code   RO         3900    x$fpl$drleqf        fz_wm.l(drleqf.o)
    0x0800adf8   0x00000016   Code   RO         3871    x$fpl$drsb          fz_wm.l(daddsub_clz.o)
    0x0800ae0e   0x00000002   PAD
    0x0800ae10   0x00000198   Code   RO         3967    x$fpl$dsqrt         fz_wm.l(dsqrt_umaal.o)
    0x0800afa8   0x000001d4   Code   RO         3872    x$fpl$dsub          fz_wm.l(daddsub_clz.o)
    0x0800b17c   0x00000056   Code   RO         3902    x$fpl$f2d           fz_wm.l(f2d.o)
    0x0800b1d2   0x0000008c   Code   RO         3969    x$fpl$fnaninf       fz_wm.l(fnaninf.o)
    0x0800b25e   0x0000000a   Code   RO         4090    x$fpl$fpinit        fz_wm.l(fpinit.o)
    0x0800b268   0x0000000a   Code   RO         3971    x$fpl$fretinf       fz_wm.l(fretinf.o)
    0x0800b272   0x00000064   Code   RO         4030    x$fpl$retnan        fz_wm.l(retnan.o)
    0x0800b2d6   0x0000005c   Code   RO         3973    x$fpl$scalbn        fz_wm.l(scalbn.o)
    0x0800b332   0x00000030   Code   RO         4079    x$fpl$trapveneer    fz_wm.l(trapv.o)
    0x0800b362   0x00000000   Code   RO         3975    x$fpl$usenofp       fz_wm.l(usenofp.o)
    0x0800b362   0x00000006   PAD
    0x0800b368   0x00000090   Data   RO            8    .constdata          main.o
    0x0800b3f8   0x00001995   Data   RO          528    .constdata          ov5640.o
    0x0800cd8d   0x00000003   PAD
    0x0800cd90   0x000002a0   Data   RO         2956    .constdata          jcint.o
    0x0800d030   0x00000018   Data   RO         3010    .constdata          jcmarker.o
    0x0800d048   0x00000040   Data   RO         3104    .constdata          jutility.o
    0x0800d088   0x0000003c   Data   RO         3705    .constdata          kf_oldx_nav.o
    0x0800d0c4   0x00000004   PAD
    0x0800d0c8   0x00000050   Data   RO         3907    .constdata          m_wm.l(asin.o)
    0x0800d118   0x00000088   Data   RO         3933    .constdata          m_wm.l(pow.o)
    0x0800d1a0   0x00000008   Data   RO         3994    .constdata          m_wm.l(qnan.o)
    0x0800d1a8   0x00000020   Data   RO         4154    Region$$Table       anon$$obj.o


    Execution Region RW_IRAM1 (Base: 0x20000000, Size: 0x0001dd10, Max: 0x00020000, ABSOLUTE, COMPRESSED[0x00000464])

    Base Addr    Size         Type   Attr      Idx    E Section Name        Object

    0x20000000   0x0000008b   Data   RW            9    .data               main.o
    0x2000008b   0x00000001   Data   RW          454    .data               dcmi.o
    0x2000008c   0x00000004   PAD
    0x20000090   0x00000080   Data   RW          718    .data               flow.o
    0x20000110   0x00000012   Data   RW          791    .data               timer.o
    0x20000122   0x00000002   PAD
    0x20000124   0x00000008   Data   RW          869    .data               delay.o
    0x2000012c   0x0000000a   Data   RW          968    .data               usart.o
    0x20000136   0x00000010   Data   RW         1628    .data               stm32f4xx_rcc.o
    0x20000146   0x00000002   PAD
    0x20000148   0x00000008   Data   RW         2920    .data               jchuff.o
    0x20000150   0x00000004   Data   RW         3072    .data               jpg_code.o
    0x20000154   0x00000001   Data   RW         3148    .data               i2c_soft.o
    0x20000155   0x00000003   PAD
    0x20000158   0x00000020   Data   RW         3253    .data               mpu6050.o
    0x20000178   0x00000404   Data   RW         3372    .data               mymath.o
    0x2000057c   0x00000015   Data   RW         3481    .data               flow_s.o
    0x20000591   0x00000003   PAD
    0x20000594   0x00000008   Data   RW         3579    .data               flash_w25.o
    0x2000059c   0x00000004   PAD
    0x200005a0   0x00000024   Data   RW         3759    .data               rt_nonfinite.o
    0x200005c4   0x00000004   PAD
    0x200005c8   0x0000bb0c   Zero   RW            7    .bss                main.o
    0x2000c0d4   0x0000000e   Zero   RW          453    .bss                dcmi.o
    0x2000c0e2   0x00000002   PAD
    0x2000c0e4   0x0000000c   Zero   RW          790    .bss                timer.o
    0x2000c0f0   0x000000f0   Zero   RW          868    .bss                delay.o
    0x2000c1e0   0x000080e8   Zero   RW          967    .bss                usart.o
    0x200142c8   0x00000100   Zero   RW         2823    .bss                dct.o
    0x200143c8   0x00003600   Zero   RW         2851    .bss                jcapi.o
    0x200179c8   0x00000400   Zero   RW         2955    .bss                jcint.o
    0x20017dc8   0x0000464c   Zero   RW         3071    .bss                jpg_code.o
    0x2001c414   0x00000200   Zero   RW         3252    .bss                mpu6050.o
    0x2001c614   0x00000034   Zero   RW         3480    .bss                flow_s.o
    0x2001c648   0x00001064   Zero   RW         3578    .bss                flash_w25.o
    0x2001d6ac   0x00000060   Zero   RW         4018    .bss                c_w.l(libspace.o)
    0x2001d70c   0x00000004   PAD
    0x2001d710   0x00000200   Zero   RW         1062    HEAP                startup_stm32f40_41xxx.o
    0x2001d910   0x00000400   Zero   RW         1061    STACK               startup_stm32f40_41xxx.o


==============================================================================

Image component sizes


      Code (inc. data)   RO Data    RW Data    ZI Data      Debug   Object Name

       532         56          0          1         14       3216   dcmi.o
      1640          4          0          0        256       4443   dct.o
       502         36          0          8        240       4961   delay.o
       232          4          0          0          0       1766   dma.o
      1532        108          0          8       4196       9982   flash_w25.o
      4388        104          0        128          0      14216   flow.o
       964         22          0         21         52       2693   flow_s.o
       838         44          0          1          0       7123   i2c_soft.o
       800         14          0          0      13824       5330   jcapi.o
       498         18          0          8          0       3611   jchuff.o
      1332         76        672          0       1024       7129   jcint.o
       946          6         24          0          0       6979   jcmarker.o
       188         18          0          4      17996       2330   jpg_code.o
       316         42         64          0          0       2496   jutility.o
        68          8          0          0          0        519   key.o
      5132        162         60          0          0       5582   kf_oldx_nav.o
        60          4          0          0          0        515   led.o
      5564        430        144        139      47884     322816   main.o
       180         24          0          0          0       1985   misc.o
      2462        114          0         32        512      22060   mpu6050.o
       498         34          0       1028          0       2810   mymath.o
      1388         48       6549          0          0       9676   ov5640.o
       116         10          0         36          0       1647   rt_nonfinite.o
       532         60          0          0          0       3289   sccb.o
        64         26        392          0       1536        824   startup_stm32f40_41xxx.o
       240         36          0          0          0       3983   stm32f4xx_dcmi.o
       606         54          0          0          0       6019   stm32f4xx_dma.o
       218          0          0          0          0       2234   stm32f4xx_gpio.o
        26          0          0          0          0       3878   stm32f4xx_it.o
       392         48          0         16          0       5625   stm32f4xx_rcc.o
       112          0          0          0          0       3366   stm32f4xx_spi.o
       214         28          0          0          0       3542   stm32f4xx_tim.o
       422          8          0          0          0       4725   stm32f4xx_usart.o
       340         32          0          0          0       1413   system_stm32f4xx.o
       240         24          0         18         12       2229   timer.o
      2402         46          0         10      33000       6300   usart.o

    ----------------------------------------------------------------------
     36016       1748       7944       1476     120552     491312   Object Totals
         0          0         32          0          0          0   (incl. Generated)
        32          0          7         18          6          0   (incl. Padding)

    ----------------------------------------------------------------------

      Code (inc. data)   RO Data    RW Data    ZI Data      Debug   Library Member Name

        90          0          0          0          0          0   __dczerorl2.o
         8          0          0          0          0         68   __main.o
         0          0          0          0          0          0   __rtentry.o
        12          0          0          0          0          0   __rtentry2.o
         6          0          0          0          0          0   __rtentry4.o
        52          8          0          0          0          0   __scatter.o
        28          0          0          0          0          0   __scatter_zi.o
        22          0          0          0          0        100   _rserrno.o
        18          0          0          0          0         80   exit.o
         6          0          0          0          0        152   heapauxi.o
         2          0          0          0          0          0   libinit.o
         6          0          0          0          0          0   libinit2.o
         2          0          0          0          0          0   libshutdown.o
         2          0          0          0          0          0   libshutdown2.o
         8          4          0          0         96         68   libspace.o
         8          4          0          0          0         68   rt_errno_addr_intlibspace.o
        68          0          0          0          0         68   rt_memclr.o
        78          0          0          0          0         80   rt_memclr_w.o
       138          0          0          0          0         68   rt_memcpy_v6.o
       100          0          0          0          0         80   rt_memcpy_w.o
         2          0          0          0          0          0   rtexit.o
        10          0          0          0          0          0   rtexit2.o
        74          0          0          0          0         80   sys_stackheap_outer.o
         2          0          0          0          0         68   use_no_semi.o
         2          0          0          0          0         68   use_no_semi_2.o
        24          0          0          0          0        164   basic.o
        98          4          0          0          0        140   d2f.o
       826         16          0          0          0        492   daddsub_clz.o
        16          4          0          0          0        116   dcheck1.o
        24          0          0          0          0        116   dcmpi.o
       688        140          0          0          0        256   ddiv.o
       120          4          0          0          0        140   deqf.o
        94          4          0          0          0        140   dfix.o
        90          4          0          0          0        140   dfixu.o
        84          0          0          0          0        232   dflt_clz.o
       120          4          0          0          0        140   dleqf.o
       340         12          0          0          0        152   dmul.o
       156          4          0          0          0        140   dnaninf.o
        12          0          0          0          0        116   dretinf.o
       108          0          0          0          0        128   drleqf.o
       408         56          0          0          0        168   dsqrt_umaal.o
        86          4          0          0          0        132   f2d.o
       140          4          0          0          0        132   fnaninf.o
        10          0          0          0          0        116   fpinit.o
        10          0          0          0          0        116   fretinf.o
       100          0          0          0          0        116   retnan.o
        92          0          0          0          0        116   scalbn.o
        48          0          0          0          0        116   trapv.o
         0          0          0          0          0          0   usenofp.o
       864         94         80          0          0        280   asin.o
       184         44          0          0          0        744   dunder.o
        44          0          0          0          0        248   fabs.o
       280         28          0          0          0        156   floor.o
        48          0          0          0          0        124   fpclassify.o
       248          0          0          0          0        152   poly.o
      3152        296        136          0          0        352   pow.o
         0          0          8          0          0          0   qnan.o
       232          0          0          0          0        296   sqrt.o

    ----------------------------------------------------------------------
      9520        738        224          0        100       7024   Library Totals
        30          0          0          0          4          0   (incl. Padding)

    ----------------------------------------------------------------------

      Code (inc. data)   RO Data    RW Data    ZI Data      Debug   Library Name

       744         16          0          0         96       1048   c_w.l
      3694        260          0          0          0       3624   fz_wm.l
      5052        462        224          0          0       2352   m_wm.l

    ----------------------------------------------------------------------
      9520        738        224          0        100       7024   Library Totals

    ----------------------------------------------------------------------

==============================================================================


      Code (inc. data)   RO Data    RW Data    ZI Data      Debug   

     45536       2486       8168       1476     120652     475968   Grand Totals
     45536       2486       8168       1124     120652     475968   ELF Image Totals (compressed)
     45536       2486       8168       1124          0          0   ROM Totals

==============================================================================

    Total RO  Size (Code + RO Data)                53704 (  52.45kB)
    Total RW  Size (RW Data + ZI Data)            122128 ( 119.27kB)
    Total ROM Size (Code + RO Data + RW Data)      54828 (  53.54kB)

==============================================================================

